ENV:
  loss:
    soft_contact: False
    target_path: envs/assets/Chopsticks3D-v1.npy
    weight:
      contact: 1
      density: 10
      sdf: 10
  n_observed_particles: 200
PRIMITIVES: [{'shape': 'Capsule', 'h': 0.2, 'r': 0.045, 'init_pos': '(0.35, 0.4, 0.5)', 'init_rot': '(1., 0., 0., 0.)', 'color': '(0.8, 0.8, 0.8)', 'friction': 1.0, 'action': {'dim': 6, 'scale': '(0.02, 0.02, 0.02, 0.04, 0.04, 0.04)'}}, {'shape': 'Capsule', 'h': 0.2, 'r': 0.045, 'init_pos': '(0.65, 0.4, 0.5)', 'init_rot': '(1., 0., 0., 0.)', 'color': '(0.8, 0.8, 0.8)', 'friction': 1.0, 'action': {'dim': 6, 'scale': '(0.02, 0.02, 0.02, 0.04, 0.04, 0.04)'}}, {'shape': 'Capsule', 'h': 0.13, 'r': 0.025, 'init_pos': '(0.5, 0.1, 0.5)', 'init_rot': '(1., 0., 0., 0.)', 'color': '(0.2, 0.2, 0.2)', 'friction': 15.0}]
RENDERER:
  bake_size: 6
  camera_pos: (0.5, 1.2, 4.0)
  camera_pos_1: (0.5, 2.5, 2.2)
  camera_pos_2: (0.5, 2.5, 2.2)
  camera_pos_3: (0.5, 2.5, 2.2)
  camera_pos_4: (0.5, 2.5, 2.2)
  camera_rot: (0.2, 0)
  camera_rot_1: (0.8, 0.0)
  camera_rot_2: (0.8, 0.0)
  camera_rot_3: (0.8, 0.0)
  camera_rot_4: (0.8, 0.0)
  dx: 0.006666666666666667
  image_res: (512, 512)
  light_direction: (2.0, 1.0, 0.7)
  max_num_particles: 1000000
  max_ray_depth: 2
  sdf_threshold: 0.20720000000000002
  spp: 50
  target_res: (64, 64, 64)
  use_directional_light: False
  use_roulette: False
  voxel_res: (168, 168, 168)
SHAPES: [{'shape': 'box', 'width': '(0.25, 0.2, 0.25)', 'init_pos': '(0.5, 0.1, 0.5)', 'n_particles': 20000, 'color': '((150<<8)+ (150<<16))'}]
SIMULATOR:
  E: 5000.0
  dim: 3
  dtype: float64
  gravity: (0, -5, 0)
  ground_friction: 100.0
  max_steps: 1024
  n_particles: 9000
  nu: 0.2
  quality: 1
  yield_stress: 4000.0
VARIANTS: [{'ENV': {'loss': {'target_path': 'envs/assets/gripper-v1.npy'}}}]
Building primitive
action:
  dim: 6
  scale: (0.02, 0.02, 0.02, 0.04, 0.04, 0.04)
color: (0.8, 0.8, 0.8)
friction: 1.0
h: 0.2
init_pos: (0.35, 0.4, 0.5)
init_rot: (1.0, 0.0, 0.0, 0.0)
lower_bound: (0.0, 0.0, 0.0)
r: 0.045
shape: Capsule
upper_bound: (1.0, 1.0, 1.0)
variations: None
Building primitive
action:
  dim: 6
  scale: (0.02, 0.02, 0.02, 0.04, 0.04, 0.04)
color: (0.8, 0.8, 0.8)
friction: 1.0
h: 0.2
init_pos: (0.65, 0.4, 0.5)
init_rot: (1.0, 0.0, 0.0, 0.0)
lower_bound: (0.0, 0.0, 0.0)
r: 0.045
shape: Capsule
upper_bound: (1.0, 1.0, 1.0)
variations: None
Building primitive
action:
  dim: 0
  scale: ()
color: (0.2, 0.2, 0.2)
friction: 15.0
h: 0.13
init_pos: (0.5, 0.1, 0.5)
init_rot: (1.0, 0.0, 0.0, 0.0)
lower_bound: (0.0, 0.0, 0.0)
r: 0.025
shape: Capsule
upper_bound: (1.0, 1.0, 1.0)
variations: None
{'width': (0.25, 0.2, 0.25), 'init_pos': (0.5, 0.1, 0.5), 'n_particles': 20000, 'color': 9868800}
Initialize Renderer
bake_size: 6  
camera_pos: (0.5, 1.2, 4.0)  
camera_pos_1: (0.5, 2.5, 2.2)  
camera_pos_2: (0.5, 2.5, 2.2)  
camera_pos_3: (0.5, 2.5, 2.2)  
camera_pos_4: (0.5, 2.5, 2.2)  
camera_rot: (0.2, 0)  
camera_rot_1: (0.8, 0.0)  
camera_rot_2: (0.8, 0.0)  
camera_rot_3: (0.8, 0.0)  
camera_rot_4: (0.8, 0.0)  
dx: 0.006666666666666667  
image_res: (512, 512)  
light_direction: (2.0, 1.0, 0.7)  
max_num_particles: 1000000  
max_ray_depth: 2  
sdf_threshold: 0.20720000000000002  
spp: 50  
target_res: (64, 64, 64)  
use_directional_light: False  
use_roulette: False  
voxel_res: (168, 168, 168)
[Taichi] materializing...
model_kp #params: 443560
GT shape: init pose: (1, 3, 11, 14); actions: (1, 3, 40, 12)
GT init pose: [[0.86783522 0.14       0.5624547  1.         0.         0.
  0.        ]
 [0.39378917 0.14       0.85976597 1.         0.         0.
  0.        ]
 [0.67824562 0.14       0.81781338 1.         0.         0.
  0.        ]]
=============== 1/2 ===============
[0.47992642 0.14       0.57211429] 2.2996267900669447 1.8807410959626114
[0.44495912 0.14       0.42929338] 2.721172616281258 1.888458504855007
[0.42329352 0.14       0.57518558] 2.615195684873492 0.6670829901766624
[0.44934472 0.14       0.46867876] 1.648570950539833 1.356995297320777
[0.51789646 0.14       0.44231902] 0.9177994816238134 1.1509596754470768
[0.54562815 0.14       0.45194781] 1.615515133943075 1.8611252574165573
[0.51720718 0.14       0.44728386] 0.20436560662686745 2.981011832932676
[0.54934358 0.14       0.4687382 ] 0.3068459958230403 2.1495814494341023
state_cur: torch.Size([4, 300, 3]), state_goal: torch.Size([1, 300, 3])
sampling: max: -0.0419, mean: -0.0479, std: 0.0062
Selected top reward seqs: tensor([-0.0566, -0.0477, -0.0457, -0.0419])
Batch 0/4:
reward seqs after 16 iterations: tensor([-0.0522], grad_fn=<CatBackward>)
Batch 1/4:
reward seqs after 13 iterations: tensor([-0.0443], grad_fn=<CatBackward>)
Batch 2/4:
reward seqs after 10 iterations: tensor([-0.0419], grad_fn=<CatBackward>)
Batch 3/4:
reward seqs after 10 iterations: tensor([-0.0402], grad_fn=<CatBackward>)
Loss: 0.04017975926399231
Optimal set of params:
mid_point: tensor([[0.5179, 0.1400, 0.4423],
        [0.5456, 0.1400, 0.4519]])
angle: tensor([0.9178, 1.6155], grad_fn=<SelectBackward>)
z_angle: tensor([0., 0.], grad_fn=<SelectBackward>)
gripper_rate: tensor([0.0101, 0.0096], grad_fn=<ClampBackward1>)
Optimal init pose seq: tensor([[0.2749, 0.1400, 0.7600, 1.0000, 0.0000, 0.0000, 0.0000],
        [0.5635, 0.1400, 0.8515, 1.0000, 0.0000, 0.0000, 0.0000]],
       grad_fn=<SliceBackward>)
EMD: tensor([0.0444], dtype=torch.float64)
Chamfer: tensor([0.0479], dtype=torch.float64)
=============== Iteration 0 -> model_loss: tensor([0.0402]); sim_loss: tensor([0.0448], dtype=torch.float64) ===============
=============== 1/2 ===============
[0.42592455 0.14       0.47852874] 0.22928304073537548 2.8878907329053813
[0.47058503 0.14       0.49879803] 1.6739853153008784 2.6585177166002474
[0.48902103 0.14       0.57381671] 3.0428151311351455 0.12068988542879198
[0.47948129 0.14       0.52803195] 2.0009507140745013 1.0370539140627555
[0.47713751 0.14       0.52111705] 2.555328756735915 0.4569917166365622
[0.45183563 0.14       0.54509159] 2.517070869405285 0.8040713548727342
[0.48773608 0.14       0.52994202] 1.9556482748484187 1.4002071894123544
[0.49590197 0.14       0.42241645] 0.23207139539203545 0.5110642111161953
state_cur: torch.Size([4, 300, 3]), state_goal: torch.Size([1, 300, 3])
sampling: max: -0.0351, mean: -0.0507, std: 0.0117
Selected top reward seqs: tensor([-0.0626, -0.0558, -0.0492, -0.0351])
Batch 0/4:
reward seqs after 12 iterations: tensor([-0.0561], grad_fn=<CatBackward>)
Batch 1/4:
reward seqs after 15 iterations: tensor([-0.0495], grad_fn=<CatBackward>)
Batch 2/4:
reward seqs after 9 iterations: tensor([-0.0464], grad_fn=<CatBackward>)
Batch 3/4:
reward seqs after 21 iterations: tensor([-0.0335], grad_fn=<CatBackward>)
Loss: 0.033472731709480286
Optimal set of params:
mid_point: tensor([[0.4771, 0.1400, 0.5211],
        [0.4518, 0.1400, 0.5451]])
angle: tensor([2.5553, 2.5171], grad_fn=<SelectBackward>)
z_angle: tensor([0., 0.], grad_fn=<SelectBackward>)
gripper_rate: tensor([0.0100, 0.0095], grad_fn=<ClampBackward1>)
Optimal init pose seq: tensor([[0.8103, 0.1400, 0.7424, 1.0000, 0.0000, 0.0000, 0.0000],
        [0.7763, 0.1400, 0.7790, 1.0000, 0.0000, 0.0000, 0.0000]],
       grad_fn=<SliceBackward>)
EMD: tensor([0.0367], dtype=torch.float64)
Chamfer: tensor([0.0434], dtype=torch.float64)
=============== Iteration 1 -> model_loss: tensor([0.0335]); sim_loss: tensor([0.0374], dtype=torch.float64) ===============
=============== 1/2 ===============
[0.43203689 0.14       0.429482  ] 1.34828208935724 2.9232518292520857
[0.56014152 0.14       0.43544797] 2.2753332722957835 0.7707516027923625
[0.46686737 0.14       0.53397334] 1.259430103088456 1.451945140757393
[0.46503328 0.14       0.44871611] 1.7398094479805866 0.45552137186127306
[0.50487382 0.14       0.46397301] 1.848826207661459 0.0444975323512809
[0.53679822 0.14       0.50061106] 2.892897644255418 2.7324507302383276
[0.43858067 0.14       0.46035718] 0.655616675831549 2.3563749292696947
[0.55601571 0.14       0.49835212] 2.418288241499693 1.0160628105878702
state_cur: torch.Size([4, 300, 3]), state_goal: torch.Size([1, 300, 3])
sampling: max: -0.0341, mean: -0.0468, std: 0.0098
Selected top reward seqs: tensor([-0.0569, -0.0515, -0.0446, -0.0341])
Batch 0/4:
reward seqs after 11 iterations: tensor([-0.0512], grad_fn=<CatBackward>)
Batch 1/4:
reward seqs after 14 iterations: tensor([-0.0466], grad_fn=<CatBackward>)
Batch 2/4:
reward seqs after 10 iterations: tensor([-0.0405], grad_fn=<CatBackward>)
Batch 3/4:
reward seqs after 11 iterations: tensor([-0.0342], grad_fn=<CatBackward>)
Loss: 0.03416828811168671
Optimal set of params:
mid_point: tensor([[0.4320, 0.1400, 0.4295],
        [0.5601, 0.1400, 0.4354]])
angle: tensor([1.3483, 2.2753], grad_fn=<SelectBackward>)
z_angle: tensor([0., 0.], grad_fn=<SelectBackward>)
gripper_rate: tensor([0.0102, 0.0102], grad_fn=<ClampBackward1>)
Optimal init pose seq: tensor([[0.3438, 0.1400, 0.8196, 1.0000, 0.0000, 0.0000, 0.0000],
        [0.8192, 0.1400, 0.7402, 1.0000, 0.0000, 0.0000, 0.0000]],
       grad_fn=<SliceBackward>)
EMD: tensor([0.0339], dtype=torch.float64)
Chamfer: tensor([0.0388], dtype=torch.float64)
=============== Iteration 2 -> model_loss: tensor([0.0342]); sim_loss: tensor([0.0344], dtype=torch.float64) ===============
=============== 1/2 ===============
[0.5222732  0.14       0.46825349] 1.8313676654335471 0.2837485761019861
[0.55109249 0.14       0.44213955] 2.622032587631027 1.7369824455776104
[0.45380676 0.14       0.56130074] 1.4946313314520918 0.8885921375844344
[0.48402063 0.14       0.54443401] 0.08399243569038989 0.3383171948474409
[0.56523739 0.14       0.56137609] 2.4543165049515223 3.0751171673499753
[0.56135022 0.14       0.42320167] 1.3039598099561676 0.7085123803562081
[0.57583485 0.14       0.47264497] 1.977789034813553 2.1625450489747973
[0.43455838 0.14       0.55696281] 2.4733994070836425 2.3546706419710683
state_cur: torch.Size([4, 300, 3]), state_goal: torch.Size([1, 300, 3])
sampling: max: -0.0416, mean: -0.0477, std: 0.0072
Selected top reward seqs: tensor([-0.0572, -0.0494, -0.0425, -0.0416])
Batch 0/4:
reward seqs after 17 iterations: tensor([-0.0558], grad_fn=<CatBackward>)
Batch 1/4:
reward seqs after 11 iterations: tensor([-0.0449], grad_fn=<CatBackward>)
Batch 2/4:
reward seqs after 10 iterations: tensor([-0.0412], grad_fn=<CatBackward>)
Batch 3/4:
reward seqs after 12 iterations: tensor([-0.0395], grad_fn=<CatBackward>)
Loss: 0.03949783742427826
Optimal set of params:
mid_point: tensor([[0.5758, 0.1400, 0.4726],
        [0.4346, 0.1400, 0.5570]])
angle: tensor([1.9778, 2.4734], grad_fn=<SelectBackward>)
z_angle: tensor([0., 0.], grad_fn=<SelectBackward>)
gripper_rate: tensor([0.0102, 0.0107], grad_fn=<ClampBackward1>)
Optimal init pose seq: tensor([[0.7342, 0.1400, 0.8400, 1.0000, 0.0000, 0.0000, 0.0000],
        [0.7485, 0.1400, 0.8048, 1.0000, 0.0000, 0.0000, 0.0000]],
       grad_fn=<SliceBackward>)
=============== 2/2 ===============
[0.42148043 0.14       0.51698049] 2.317623426079794 2.0362330036268013
[0.47430353 0.14       0.56568944] 2.173237636488103 2.461691386973625
[0.48800342 0.14       0.56838781] 0.5811225105405211 2.61934190944511
[0.46082483 0.14       0.45551256] 0.04614503507163184 2.1703850332800574
state_cur: torch.Size([4, 300, 3]), state_goal: torch.Size([1, 300, 3])
sampling: max: -0.0420, mean: -0.0453, std: 0.0034
Selected top reward seqs: tensor([-0.0494, -0.0468, -0.0430, -0.0420])
Batch 0/4:
reward seqs after 12 iterations: tensor([-0.0477], grad_fn=<CatBackward>)
Batch 1/4:
reward seqs after 21 iterations: tensor([-0.0451], grad_fn=<CatBackward>)
Batch 2/4:
reward seqs after 9 iterations: tensor([-0.0421], grad_fn=<CatBackward>)
Batch 3/4:
reward seqs after 11 iterations: tensor([-0.0409], grad_fn=<CatBackward>)
Loss: 0.040925025939941406
Optimal set of params:
mid_point: tensor([[0.4215, 0.1400, 0.5170]])
angle: tensor([2.3176], grad_fn=<SelectBackward>)
z_angle: tensor([0.], grad_fn=<SelectBackward>)
gripper_rate: tensor([0.0095], grad_fn=<ClampBackward1>)
Optimal init pose seq: tensor([[0.6932, 0.1400, 0.8105, 1.0000, 0.0000, 0.0000, 0.0000]],
       grad_fn=<SliceBackward>)
EMD: tensor([0.0435], dtype=torch.float64)
Chamfer: tensor([0.0458], dtype=torch.float64)
=============== Iteration 3 -> model_loss: tensor([0.0409]); sim_loss: tensor([0.0437], dtype=torch.float64) ===============
torch.Size([4, 11, 14]) torch.Size([4, 40, 12])
Best init pose: tensor([[0.2749, 0.1400, 0.7600, 1.0000, 0.0000, 0.0000, 0.0000],
        [0.8103, 0.1400, 0.7424, 1.0000, 0.0000, 0.0000, 0.0000],
        [0.3438, 0.1400, 0.8196, 1.0000, 0.0000, 0.0000, 0.0000],
        [0.8192, 0.1400, 0.7402, 1.0000, 0.0000, 0.0000, 0.0000]])
Best model loss: tensor([0.0342]); Best sim loss: tensor([0.0344], dtype=torch.float64)
