ENV:
  loss:
    soft_contact: False
    target_path: envs/assets/Chopsticks3D-v1.npy
    weight:
      contact: 1
      density: 10
      sdf: 10
  n_observed_particles: 200
PRIMITIVES: [{'shape': 'Capsule', 'h': 0.2, 'r': 0.045, 'init_pos': '(0.35, 0.4, 0.5)', 'init_rot': '(1., 0., 0., 0.)', 'color': '(0.8, 0.8, 0.8)', 'friction': 1.0, 'action': {'dim': 6, 'scale': '(0.02, 0.02, 0.02, 0.04, 0.04, 0.04)'}}, {'shape': 'Capsule', 'h': 0.2, 'r': 0.045, 'init_pos': '(0.65, 0.4, 0.5)', 'init_rot': '(1., 0., 0., 0.)', 'color': '(0.8, 0.8, 0.8)', 'friction': 1.0, 'action': {'dim': 6, 'scale': '(0.02, 0.02, 0.02, 0.04, 0.04, 0.04)'}}, {'shape': 'Capsule', 'h': 0.13, 'r': 0.025, 'init_pos': '(0.5, 0.1, 0.5)', 'init_rot': '(1., 0., 0., 0.)', 'color': '(0.2, 0.2, 0.2)', 'friction': 15.0}]
RENDERER:
  bake_size: 6
  camera_pos: (0.5, 1.2, 4.0)
  camera_pos_1: (0.5, 2.5, 2.2)
  camera_pos_2: (0.5, 2.5, 2.2)
  camera_pos_3: (0.5, 2.5, 2.2)
  camera_pos_4: (0.5, 2.5, 2.2)
  camera_rot: (0.2, 0)
  camera_rot_1: (0.8, 0.0)
  camera_rot_2: (0.8, 0.0)
  camera_rot_3: (0.8, 0.0)
  camera_rot_4: (0.8, 0.0)
  dx: 0.006666666666666667
  image_res: (512, 512)
  light_direction: (2.0, 1.0, 0.7)
  max_num_particles: 1000000
  max_ray_depth: 2
  sdf_threshold: 0.20720000000000002
  spp: 50
  target_res: (64, 64, 64)
  use_directional_light: False
  use_roulette: False
  voxel_res: (168, 168, 168)
SHAPES: [{'shape': 'box', 'width': '(0.25, 0.2, 0.25)', 'init_pos': '(0.5, 0.1, 0.5)', 'n_particles': 20000, 'color': '((150<<8)+ (150<<16))'}]
SIMULATOR:
  E: 5000.0
  dim: 3
  dtype: float64
  gravity: (0, -5, 0)
  ground_friction: 100.0
  max_steps: 1024
  n_particles: 9000
  nu: 0.2
  quality: 1
  yield_stress: 4000.0
VARIANTS: [{'ENV': {'loss': {'target_path': 'envs/assets/gripper-v1.npy'}}}]
Building primitive
action:
  dim: 6
  scale: (0.02, 0.02, 0.02, 0.04, 0.04, 0.04)
color: (0.8, 0.8, 0.8)
friction: 1.0
h: 0.2
init_pos: (0.35, 0.4, 0.5)
init_rot: (1.0, 0.0, 0.0, 0.0)
lower_bound: (0.0, 0.0, 0.0)
r: 0.045
shape: Capsule
upper_bound: (1.0, 1.0, 1.0)
variations: None
Building primitive
action:
  dim: 6
  scale: (0.02, 0.02, 0.02, 0.04, 0.04, 0.04)
color: (0.8, 0.8, 0.8)
friction: 1.0
h: 0.2
init_pos: (0.65, 0.4, 0.5)
init_rot: (1.0, 0.0, 0.0, 0.0)
lower_bound: (0.0, 0.0, 0.0)
r: 0.045
shape: Capsule
upper_bound: (1.0, 1.0, 1.0)
variations: None
Building primitive
action:
  dim: 0
  scale: ()
color: (0.2, 0.2, 0.2)
friction: 15.0
h: 0.13
init_pos: (0.5, 0.1, 0.5)
init_rot: (1.0, 0.0, 0.0, 0.0)
lower_bound: (0.0, 0.0, 0.0)
r: 0.025
shape: Capsule
upper_bound: (1.0, 1.0, 1.0)
variations: None
{'width': (0.25, 0.2, 0.25), 'init_pos': (0.5, 0.1, 0.5), 'n_particles': 20000, 'color': 9868800}
Initialize Renderer
bake_size: 6  
camera_pos: (0.5, 1.2, 4.0)  
camera_pos_1: (0.5, 2.5, 2.2)  
camera_pos_2: (0.5, 2.5, 2.2)  
camera_pos_3: (0.5, 2.5, 2.2)  
camera_pos_4: (0.5, 2.5, 2.2)  
camera_rot: (0.2, 0)  
camera_rot_1: (0.8, 0.0)  
camera_rot_2: (0.8, 0.0)  
camera_rot_3: (0.8, 0.0)  
camera_rot_4: (0.8, 0.0)  
dx: 0.006666666666666667  
image_res: (512, 512)  
light_direction: (2.0, 1.0, 0.7)  
max_num_particles: 1000000  
max_ray_depth: 2  
sdf_threshold: 0.20720000000000002  
spp: 50  
target_res: (64, 64, 64)  
use_directional_light: False  
use_roulette: False  
voxel_res: (168, 168, 168)
[Taichi] materializing...
model_kp #params: 443560
GT shape: init pose: (1, 3, 11, 14); actions: (1, 3, 40, 12)
GT init pose: [[0.86783522 0.14       0.5624547  1.         0.         0.
  0.        ]
 [0.39378917 0.14       0.85976597 1.         0.         0.
  0.        ]
 [0.67824562 0.14       0.81781338 1.         0.         0.
  0.        ]]
=============== 1/2 ===============
[0.47992642 0.14       0.57211429] 2.2996267900669447 1.8807410959626114
[0.44495912 0.14       0.42929338] 2.721172616281258 1.888458504855007
[0.42329352 0.14       0.57518558] 2.615195684873492 0.6670829901766624
[0.44934472 0.14       0.46867876] 1.648570950539833 1.356995297320777
[0.51789646 0.14       0.44231902] 0.9177994816238134 1.1509596754470768
[0.54562815 0.14       0.45194781] 1.615515133943075 1.8611252574165573
[0.51720718 0.14       0.44728386] 0.20436560662686745 2.981011832932676
[0.54934358 0.14       0.4687382 ] 0.3068459958230403 2.1495814494341023
[0.43952612 0.14       0.49922831] 0.10803472530338759 2.8567142949300184
[0.52600357 0.14       0.46987377] 1.6338418746991914 1.717540997226871
[0.57513354 0.14       0.54402125] 2.951522972873443 2.811183030334721
[0.56749988 0.14       0.4341588 ] 0.6156983208054857 0.14208571858312952
[0.48218837 0.14       0.46341585] 2.603555670506005 1.1207736302842994
[0.50683137 0.14       0.44254788] 2.5201761414688035 0.23420775450475836
[0.54355916 0.14       0.45179451] 0.017348242587771696 2.561847632919546
[0.53664115 0.14       0.54340326] 0.232618133925433 1.1261532993583998
[0.55809655 0.14       0.5197277 ] 1.0395468039644555 0.19967444633285858
[0.47202933 0.14       0.53673699] 2.0029458682508223 2.7872610342490396
[0.43913508 0.14       0.53411917] 2.3900767196957986 1.7633043205117962
[0.4990073  0.14       0.50363725] 1.3431597223835183 0.07985654183991728
[0.42502867 0.14       0.52182567] 0.9875784407613999 1.5977219471941138
[0.45988676 0.14       0.48566127] 2.3736339062582457 0.7187906358633028
[0.46636023 0.14       0.44579541] 2.920731314659105 2.5387850476557676
[0.55943369 0.14       0.54858753] 0.5861271263761852 2.8040567925515774
[0.54919042 0.14       0.56337461] 0.9990373807876332 0.3457383176095677
[0.48833725 0.14       0.55088236] 2.7040648770781863 0.02184076220358602
[0.48678576 0.14       0.45553725] 0.3765681574353399 1.0606493422220964
[0.47171247 0.14       0.5030065 ] 2.2085991965994354 1.1423760874625675
[0.57399157 0.14       0.46028517] 1.5621522531200192 0.9452370877448774
[0.42590191 0.14       0.51753029] 1.5792127264894842 0.16172526674294294
[0.56532254 0.14       0.4583299 ] 0.4552006657046192 1.5376611959672382
[0.45872884 0.14       0.52754169] 2.392698588346583 0.7465603624236441
[0.4788453  0.14       0.52116893] 1.9902922851572933 1.6831858114686535
[0.5536484  0.14       0.47132481] 0.5859651820306935 0.1280988851575302
[0.5284103  0.14       0.42265405] 1.6087877899073508 0.7115574634309672
[0.44789863 0.14       0.53055004] 1.2149649228212729 2.942824051012575
[0.47457062 0.14       0.43815576] 2.905010678005297 2.7562428672869093
[0.52559745 0.14       0.55075555] 1.7442147909879617 1.663946365932815
[0.43489644 0.14       0.56355452] 2.8287467535439133 1.9889468871466909
[0.47587353 0.14       0.53615291] 2.8183550021270456 2.7868641935705307
[0.52272506 0.14       0.43346239] 0.5077715808088037 2.82289123752901
[0.42147153 0.14       0.43623545] 2.0844522834736994 0.015901434626809395
[0.50779741 0.14       0.53070323] 2.0481967032785184 0.7045628150269505
[0.45795985 0.14       0.47206395] 2.345171914286707 2.040881943176969
[0.52521806 0.14       0.51092938] 0.29428796243546484 1.1552132655003875
[0.45903834 0.14       0.57568169] 1.2349529239559578 2.8024469044045013
[0.54716981 0.14       0.50042193] 1.8123970057695833 1.54728996866433
[0.53559234 0.14       0.46492358] 0.0763908615059914 2.0278110229176955
[0.57047337 0.14       0.57262857] 2.8741312473474667 1.1628878533848503
[0.56853097 0.14       0.48850946] 3.036835678064763 3.0273014408759615
[0.46711182 0.14       0.48161564] 2.6739247144382268 0.9956398431599084
[0.5090882  0.14       0.56978476] 2.1866420959136925 1.7908999840495505
[0.51840116 0.14       0.57840862] 0.44008691315242454 1.6283806280036668
[0.53852298 0.14       0.53152252] 2.206918837517658 1.1293747597025203
[0.54949778 0.14       0.54961814] 2.7239880261823224 2.8690298108716936
[0.50024261 0.14       0.54772723] 2.041921910029772 2.2052939846561688
[0.56240085 0.14       0.47407923] 1.1799286448272113 0.29525297177419196
[0.42575076 0.14       0.49449568] 1.7047683979072397 0.900195892636639
[0.42488004 0.14       0.42597571] 2.5842758782072273 1.131572272949419
[0.50355892 0.14       0.54319897] 0.6780217544742833 1.9568681428240218
[0.42826908 0.14       0.50501674] 1.698455326322935 2.0025450957252313
[0.57613633 0.14       0.50260806] 1.014597682821489 2.4981511077213816
[0.49023543 0.14       0.43255302] 0.07964170927704113 3.02424918754203
[0.53135587 0.14       0.48543247] 0.5444201628434073 0.4914614640047969
[0.50787627 0.14       0.53433535] 2.0740712286156775 0.8794382741361363
[0.53806351 0.14       0.50869665] 1.9217774024183072 1.3182124735689633
[0.47695563 0.14       0.54125538] 0.04521847813876925 0.3646529546992971
[0.42651661 0.14       0.55687369] 2.210606361669002 1.489661017985283
[0.49865854 0.14       0.49575548] 0.5441297220973187 1.3629851539938318
[0.51853602 0.14       0.52161498] 0.14232674427801525 1.1768802380525862
[0.5005018  0.14       0.55703837] 2.069347074060459 0.5118735991358814
[0.52278708 0.14       0.42424181] 1.8402682627810032 2.953820419143604
[0.48210719 0.14       0.52292611] 1.4396439142544366 1.714105696990191
[0.48177642 0.14       0.57379049] 2.844242925691973 0.6150959906920627
[0.43612448 0.14       0.42291549] 0.2967013116940938 2.145729061716895
[0.4710361  0.14       0.55518005] 0.07311094234248432 2.558728201481827
[0.43890637 0.14       0.53147795] 1.9758822269715344 2.756659631427233
[0.54855695 0.14       0.46512553] 0.5574427671947016 2.3581257894310474
[0.57848082 0.14       0.48601883] 1.168729285329145 2.4391732536189576
[0.56892117 0.14       0.55734604] 1.3477244848352563 2.358931030366892
[0.43649982 0.14       0.56440847] 1.587297141491002 2.5963927040285166
[0.56328372 0.14       0.48227227] 0.03404748627267187 2.844341365811366
[0.47109018 0.14       0.57200991] 2.9864204292689793 1.8015082566181613
[0.49175128 0.14       0.46691372] 1.0325301212295572 2.1127790410151737
[0.54665265 0.14       0.5463389 ] 0.2865324233003193 1.553267197039257
[0.50792462 0.14       0.49064488] 2.7888049391144056 1.1024320254679805
[0.44287867 0.14       0.5418417 ] 1.9421893260308754 0.3176862564186978
[0.53215506 0.14       0.43164208] 2.581949524545455 2.2187253924897425
[0.43357403 0.14       0.57786233] 1.1758063824006335 1.1644066463360923
[0.57155977 0.14       0.57776017] 2.3668073721843013 1.1820543497466653
[0.54434351 0.14       0.50934468] 1.332732747741402 2.847396277762517
[0.49882002 0.14       0.42181658] 1.4723408299154233 0.17688195725510106
[0.4388042  0.14       0.52387365] 2.343769111948538 1.8327070267629864
[0.47997929 0.14       0.46571393] 2.7287846400345073 0.7024470436659621
[0.42194472 0.14       0.57518061] 0.13559086231351222 2.799608659290994
[0.57887437 0.14       0.43180745] 1.7399845510344214 3.0451537250069203
[0.52070378 0.14       0.53131979] 1.4279828698293187 1.9715318540930087
[0.56418528 0.14       0.42727142] 0.882671892352107 2.9858057362622894
[0.49290508 0.14       0.51922122] 0.8714186866975726 0.5910000533729606
[0.47653636 0.14       0.51338498] 0.24421056441866593 3.061151569460068
state_cur: torch.Size([4, 300, 3]), state_goal: torch.Size([1, 300, 3])
sampling: max: -0.0295, mean: -0.0414, std: 0.0074
Selected top reward seqs: tensor([-0.0325, -0.0319, -0.0311, -0.0298, -0.0295])
Batch 0/5:
reward seqs after 12 iterations: tensor([-0.0303], grad_fn=<CatBackward>)
Batch 1/5:
reward seqs after 12 iterations: tensor([-0.0307], grad_fn=<CatBackward>)
Batch 2/5:
reward seqs after 20 iterations: tensor([-0.0298], grad_fn=<CatBackward>)
Batch 3/5:
reward seqs after 15 iterations: tensor([-0.0290], grad_fn=<CatBackward>)
Batch 4/5:
reward seqs after 11 iterations: tensor([-0.0289], grad_fn=<CatBackward>)
Loss: 0.028861526399850845
Optimal set of params:
mid_point: tensor([[0.4770, 0.1400, 0.5413],
        [0.4265, 0.1400, 0.5569]])
angle: tensor([0.0452, 2.2106], grad_fn=<SelectBackward>)
z_angle: tensor([0., 0.], grad_fn=<SelectBackward>)
gripper_rate: tensor([0.0096, 0.0096], grad_fn=<ClampBackward1>)
Optimal init pose seq: tensor([[0.0774, 0.1400, 0.5593, 1.0000, 0.0000, 0.0000, 0.0000],
        [0.6653, 0.1400, 0.8778, 1.0000, 0.0000, 0.0000, 0.0000]],
       grad_fn=<SliceBackward>)
EMD: tensor([0.0313], dtype=torch.float64)
Chamfer: tensor([0.0414], dtype=torch.float64)
=============== Iteration 0 -> model_loss: tensor([0.0289]); sim_loss: tensor([0.0323], dtype=torch.float64) ===============
=============== 1/2 ===============
[0.5785369  0.14       0.46925924] 1.5486735470258393 2.048420334948566
[0.53240115 0.14       0.52556427] 1.1779730476325425 0.8935923125832955
[0.44032377 0.14       0.48912493] 2.409550131846284 0.4653864108696059
[0.50420039 0.14       0.5007705 ] 1.3329067968512174 2.7251751489543317
[0.48081088 0.14       0.50678298] 0.9909309968777824 1.15615875486462
[0.54574968 0.14       0.5750933 ] 2.417538962026979 1.6280091924705253
[0.55726065 0.14       0.50712362] 2.944167072268598 0.09478245686522654
[0.4330335  0.14       0.42925723] 1.3339547598500676 2.954105872096758
[0.52551246 0.14       0.48158177] 1.6768767774653468 0.9555929920718645
[0.53946575 0.14       0.50939079] 1.31592469290039 2.6544009488892937
[0.49703791 0.14       0.57650356] 3.0389305218253972 0.019743705532801192
[0.47390708 0.14       0.46659582] 1.87318146400394 1.4021063830122142
[0.42434147 0.14       0.56830254] 1.783146916775699 2.149058926243961
[0.57826106 0.14       0.57780775] 1.9160304516999809 2.1487340623412914
[0.46970895 0.14       0.45081817] 1.2653177588741176 2.1449438171310535
[0.50228883 0.14       0.48534357] 1.6571425022628776 2.702481670942689
[0.54217985 0.14       0.52670558] 0.6404073194742683 2.3065060225750837
[0.49696397 0.14       0.49729128] 2.9821067565058055 2.96680859541862
[0.56187873 0.14       0.42601409] 1.2585060800808463 2.811339208638202
[0.49306557 0.14       0.54372049] 0.6540350609575953 1.8843249031117817
[0.51176752 0.14       0.53548727] 2.9838912722291813 0.8294174306434768
[0.52322256 0.14       0.53122321] 1.3474908685757365 2.9674811787592352
[0.43945469 0.14       0.52891088] 0.4048542610709656 1.0137134133120143
[0.5062295  0.14       0.47560062] 0.5021937544988859 2.4844165976079378
[0.49271185 0.14       0.56181807] 1.6927666523464975 2.230204359581633
[0.50980632 0.14       0.53622635] 0.931394267608615 2.1630938232895622
[0.48947091 0.14       0.53407513] 0.9955844401310526 2.2446765800031456
[0.45929662 0.14       0.52692407] 2.779569320465797 0.9739376835639038
[0.47378086 0.14       0.5513794 ] 0.16069572755039796 0.022667577065052003
[0.55983085 0.14       0.5053955 ] 1.8664242641281525 2.6458665122158296
[0.48193713 0.14       0.52289446] 1.2713402313970785 0.10094000231241684
[0.48262421 0.14       0.42307344] 0.5356993013873972 0.6835545871432331
[0.44981998 0.14       0.47781236] 2.358286048064501 2.537526870449402
[0.53121326 0.14       0.50668997] 1.729856087339272 2.9951553535795807
[0.52396546 0.14       0.49495919] 2.2904422621075446 0.19702780288113805
[0.50761272 0.14       0.50044647] 0.9136845544873042 0.010648411865946525
[0.46208135 0.14       0.5066474 ] 0.2625753094484772 3.053791450189956
[0.4706108  0.14       0.50403144] 0.20416140015976583 2.6717695883394055
[0.44853367 0.14       0.44587751] 1.1339715459869153 1.801272402135772
[0.51548757 0.14       0.53287644] 2.351446797062759 1.259639040437322
[0.4426407  0.14       0.50209539] 0.22781170176442048 0.766880454838649
[0.53846731 0.14       0.4352495 ] 0.6505291093001605 3.116140143873343
[0.46544652 0.14       0.43364113] 2.1829129269809173 1.5967250986605332
[0.52126372 0.14       0.50412166] 1.7748279980838941 3.125428548566425
[0.56639555 0.14       0.55470252] 1.3048379666735839 2.767574592796996
[0.56229672 0.14       0.51515694] 0.6790528623241564 1.8102528669783937
[0.44253247 0.14       0.5246498 ] 2.976585577956307 1.848814644945241
[0.4469383  0.14       0.52467366] 2.3027166397001375 0.13073587193057892
[0.54505294 0.14       0.490392  ] 1.2741702990903354 2.891426364331521
[0.54230153 0.14       0.546815  ] 0.6544597155657332 0.6038940374883891
[0.53121468 0.14       0.52987357] 0.8990860273972849 2.784957015334108
[0.46393446 0.14       0.44882261] 2.2339742167350307 2.2473382745580555
[0.42084153 0.14       0.55980085] 3.002065516880491 0.6355833226302219
[0.57572583 0.14       0.47231586] 0.5813731732218637 3.0710326461302424
[0.4641537  0.14       0.53872468] 1.9394731625594495 2.150453827547872
[0.52978308 0.14       0.4747586 ] 0.9786068235067756 1.346067348699911
[0.57012337 0.14       0.49283938] 0.269442266605467 2.9477517760345027
[0.44545754 0.14       0.55882848] 1.7325209314899828 1.1079963682292495
[0.57368102 0.14       0.47292203] 2.728234910992211 2.131661256302313
[0.57062923 0.14       0.43009106] 0.9988451914226142 1.2448925651214677
[0.42614928 0.14       0.5623643 ] 2.0706329652102538 0.8640097058993403
[0.50590783 0.14       0.47380412] 0.08983846134238549 1.7313338364091506
[0.54962822 0.14       0.4341641 ] 1.3469241577455264 1.3651847179144925
[0.42632126 0.14       0.45261319] 0.6267514540524698 1.881721682827938
[0.4430712  0.14       0.42293649] 2.6406494795264557 3.052208678683226
[0.48603399 0.14       0.43952175] 1.492585911141505 1.4367185662779578
[0.48052857 0.14       0.49948055] 0.2299039885655257 0.12030602375462557
[0.45199976 0.14       0.46449124] 0.5323668127233321 0.7914196959258304
[0.44411892 0.14       0.46687723] 1.2488227575910793 2.338183031508696
[0.56703445 0.14       0.49614941] 1.4493583423002308 0.3948915839842313
[0.54161565 0.14       0.55561092] 0.7356468517481377 1.260048781027769
[0.5705301  0.14       0.46573268] 1.8724198908627108 0.47821332468080185
[0.44981515 0.14       0.5495015 ] 1.2621742691109925 1.815077198817535
[0.56124423 0.14       0.54157895] 1.1129844825167594 1.8389753774434907
[0.44567557 0.14       0.50538842] 2.0125003794619 1.7512233767289718
[0.53876642 0.14       0.5643852 ] 1.2176736013912484 1.6868256964881565
[0.49428459 0.14       0.49122383] 2.4080761874077834 2.7561227721543045
[0.4360199  0.14       0.49436336] 0.6659222103676488 0.996977827564555
[0.45544459 0.14       0.50254939] 2.0209107862547224 2.748574179071006
[0.4696904  0.14       0.48492808] 0.7054344819000276 1.0431346466901144
[0.44218477 0.14       0.49099961] 0.976931566629358 0.24242012301717233
[0.54558079 0.14       0.55637328] 2.329200671395308 1.694038035709614
[0.44432252 0.14       0.54483226] 1.3303866362065873 2.3571857705254216
[0.55320695 0.14       0.51089865] 0.023051468629623977 1.6313259206693171
[0.4292003  0.14       0.49156953] 0.978512351304976 0.6421106373728153
[0.44873715 0.14       0.46796993] 0.36233363088348 0.2648758140480445
[0.56444253 0.14       0.55248083] 0.723589006163977 2.2804526085164336
[0.42819735 0.14       0.56393372] 3.135253193335143 2.22651406756208
[0.50870554 0.14       0.43750088] 0.9386426016915398 2.253326241333461
[0.44355294 0.14       0.42119539] 1.7986070464097965 3.0431681981830465
[0.45401791 0.14       0.4941248 ] 1.89150179450831 2.5175728170064535
[0.44767233 0.14       0.45008159] 2.826572643518968 0.7421757821602024
[0.4630318  0.14       0.53528993] 0.24618691783041124 0.6515444802085137
[0.50245065 0.14       0.47647217] 1.8017546820575328 1.0221794883321937
[0.50179313 0.14       0.53281748] 1.3539603384055414 2.7536063913910565
[0.46930139 0.14       0.5091336 ] 1.5996124409254482 1.627653101124358
[0.51417548 0.14       0.56164247] 1.9449505347182225 0.06817615486150536
[0.55436552 0.14       0.42781598] 0.3935927346775943 1.7478439561344865
[0.48578688 0.14       0.5760577 ] 0.5427922825939319 0.6474691242107874
[0.42703651 0.14       0.55130979] 0.6252748066361947 1.6699266568879416
state_cur: torch.Size([4, 300, 3]), state_goal: torch.Size([1, 300, 3])
sampling: max: -0.0341, mean: -0.0455, std: 0.0078
Selected top reward seqs: tensor([-0.0365, -0.0356, -0.0350, -0.0346, -0.0341])
Batch 0/5:
reward seqs after 16 iterations: tensor([-0.0332], grad_fn=<CatBackward>)
Batch 1/5:
reward seqs after 10 iterations: tensor([-0.0332], grad_fn=<CatBackward>)
Batch 2/5:
reward seqs after 8 iterations: tensor([-0.0326], grad_fn=<CatBackward>)
Batch 3/5:
reward seqs after 9 iterations: tensor([-0.0328], grad_fn=<CatBackward>)
Batch 4/5:
reward seqs after 21 iterations: tensor([-0.0334], grad_fn=<CatBackward>)
Loss: 0.03264496475458145
Optimal set of params:
mid_point: tensor([[0.4738, 0.1400, 0.5514],
        [0.5598, 0.1400, 0.5054]])
angle: tensor([0.1607, 1.8664], grad_fn=<SelectBackward>)
z_angle: tensor([0., 0.], grad_fn=<SelectBackward>)
gripper_rate: tensor([0.0097, 0.0096], grad_fn=<ClampBackward1>)
Optimal init pose seq: tensor([[0.0789, 0.1400, 0.6154, 1.0000, 0.0000, 0.0000, 0.0000],
        [0.6764, 0.1400, 0.8880, 1.0000, 0.0000, 0.0000, 0.0000]],
       grad_fn=<SliceBackward>)
EMD: tensor([0.0363], dtype=torch.float64)
Chamfer: tensor([0.0428], dtype=torch.float64)
=============== Iteration 1 -> model_loss: tensor([0.0326]); sim_loss: tensor([0.0370], dtype=torch.float64) ===============
=============== 1/2 ===============
[0.44108565 0.14       0.57020005] 0.20488247611525992 2.7644850106368724
[0.53197266 0.14       0.47331477] 2.261992400543972 1.511571257423316
[0.53462951 0.14       0.44137111] 0.8367498723757425 2.641280273289245
[0.57844753 0.14       0.42367304] 0.4466899664371676 1.0597075163515572
[0.47048702 0.14       0.47535453] 0.7145138980872922 2.8575702911304655
[0.44554947 0.14       0.51315361] 0.5011061542779596 0.8540378847336286
[0.54130878 0.14       0.4892937 ] 0.5251893381265353 0.6645472263621593
[0.51423059 0.14       0.55898176] 0.8423823651940877 1.9226316920567545
[0.49539921 0.14       0.4836968 ] 0.3774608187760733 2.799906929479377
[0.4624723  0.14       0.53743827] 0.5677904997411005 0.24118677204850167
[0.46696589 0.14       0.42971076] 0.4430875701791942 0.6988668107954263
[0.4225753  0.14       0.54684692] 2.4533189939793285 1.5696408303860272
[0.42214934 0.14       0.4992329 ] 0.7962706625574708 2.3936721179245404
[0.56001218 0.14       0.48487616] 0.4268380414021893 0.10916920052322801
[0.56855307 0.14       0.57517925] 2.746785910052058 1.2237614442297118
[0.52298842 0.14       0.43013072] 0.5367884591024272 1.2097804306724556
[0.47375217 0.14       0.53759551] 0.18497656740918444 1.9031370991771697
[0.56118515 0.14       0.42914694] 3.0525951694494244 0.2542391917381102
[0.55713101 0.14       0.47150373] 2.670625944823079 3.025878524266961
[0.49635771 0.14       0.45692709] 2.409705043750671 0.33925775318088724
[0.52806708 0.14       0.52101474] 1.364427550258471 1.5757458689861432
[0.46318192 0.14       0.56614234] 1.388500215732036 1.2656120863874007
[0.56149045 0.14       0.5405453 ] 0.2879237604783944 0.4718318775856464
[0.52451119 0.14       0.44542509] 3.1261978616492327 1.8022034706651293
[0.53680946 0.14       0.42391753] 1.3230226125528144 1.1360673678932602
[0.47413673 0.14       0.52998938] 1.8519053611615683 2.3142220357079135
[0.56892614 0.14       0.57888135] 1.7415945146180785 0.5162466548589079
[0.52357115 0.14       0.51982986] 2.7800345036928733 2.2979954864956853
[0.57321346 0.14       0.47518097] 0.6217633275494463 1.2109390203223467
[0.45062472 0.14       0.51457713] 0.26467871806235355 2.6153313727598584
[0.50353763 0.14       0.52079862] 0.36772317889531586 2.706296858532525
[0.44705971 0.14       0.42236718] 0.1907005988921245 2.110032734845545
[0.44381999 0.14       0.51691479] 1.5174366630527902 2.944266725019275
[0.5032529  0.14       0.46540424] 1.4507706331234311 0.7762928262661025
[0.51505337 0.14       0.46740457] 0.03792154547711611 3.087510817731388
[0.50752197 0.14       0.55632281] 1.951165966200127 1.8438955893088456
[0.46930008 0.14       0.48234254] 0.265539703690675 0.014755575405708274
[0.55027713 0.14       0.51785656] 0.43799254414277267 1.3397842209215878
[0.54836191 0.14       0.49376936] 0.8698783078366019 2.4131596885653486
[0.48451416 0.14       0.5424702 ] 1.0093006923365395 2.381426595021644
[0.52405623 0.14       0.45823118] 2.168101500052261 2.6534203286262685
[0.51952103 0.14       0.46040758] 1.4280562014463118 0.5209991557400269
[0.43547355 0.14       0.42893459] 1.678858554339154 1.8299034239577532
[0.45252531 0.14       0.54448057] 2.023402999626395 2.3300298024819397
[0.49143338 0.14       0.47697289] 2.197716698411669 1.8646430169014057
[0.44219833 0.14       0.49577221] 2.1797930395178673 1.1585689146558886
[0.55640944 0.14       0.55966825] 1.9133667136756607 1.4818370781297416
[0.43915121 0.14       0.57171785] 0.8282054779775436 2.5198061682751582
[0.48103964 0.14       0.511377  ] 0.9876526027213716 0.6091427558100866
[0.57825737 0.14       0.56182557] 0.9812841828871367 0.04961729923770534
[0.47143838 0.14       0.43852032] 2.4828227154388474 1.0624050740640119
[0.53298922 0.14       0.55435519] 1.9533865470512448 1.764644271527849
[0.43329863 0.14       0.53798479] 1.067643412459354 0.6178959464087718
[0.43253501 0.14       0.49606677] 2.6294670731164245 0.40436176461635065
[0.48065706 0.14       0.50638685] 0.1823240818475722 1.6811769196916653
[0.55921337 0.14       0.45192083] 2.5595848939127155 2.3606521191716983
[0.56606925 0.14       0.5425824 ] 2.9067734531043223 0.8135295615232411
[0.4648594  0.14       0.55437919] 0.9849636663341917 2.571862172599299
[0.54792074 0.14       0.55554788] 2.1295992155404715 3.0774356775326286
[0.45922206 0.14       0.5775059 ] 2.1482596649879775 1.3689139465531799
[0.5425796  0.14       0.54051809] 2.6424116853372523 0.7562361754688407
[0.46184157 0.14       0.49687727] 0.664046929762049 1.3643544942347219
[0.49869496 0.14       0.45976295] 1.2158661774682018 1.867619006080399
[0.48779406 0.14       0.51197866] 2.861523088149568 2.6422729777629392
[0.47787882 0.14       0.54619945] 2.296603617611723 2.4103112032506915
[0.49361409 0.14       0.53123168] 1.2751224779869592 1.7733885267346599
[0.50058162 0.14       0.5176364 ] 1.0779762763971177 1.1468982766458682
[0.57869154 0.14       0.51712628] 0.6107889343781506 0.5164471634522771
[0.53484712 0.14       0.49981038] 1.6824972881114733 2.1867320150602447
[0.53946218 0.14       0.43276014] 2.6150967513287244 0.54782194834448
[0.4560773 0.14      0.5521863] 2.403726366698913 0.5505231311714917
[0.53547084 0.14       0.44707994] 0.4598431677864806 1.1804571609962116
[0.43084431 0.14       0.47741957] 2.533198927051401 1.0814738384762894
[0.52121661 0.14       0.57326285] 1.8210338527457146 2.5585812227902034
[0.52568557 0.14       0.44415815] 2.1945784080233213 1.7910334664885068
[0.51360451 0.14       0.5281859 ] 2.8341459190363465 2.7923947063444645
[0.55459288 0.14       0.50653329] 2.6676795063711363 2.268935800937805
[0.44472442 0.14       0.44874123] 0.5663890777079075 0.6571223844160027
[0.47046453 0.14       0.42785545] 2.2746841405745495 1.2668050853345498
[0.54624978 0.14       0.4231278 ] 1.7588498814562066 2.3787550354338003
[0.51185153 0.14       0.42811016] 0.7447119038004313 2.084715460875487
[0.43829513 0.14       0.57459932] 1.2394123280740497 2.9046840344379827
[0.52304832 0.14       0.44814761] 2.7794713623998004 0.27478496100844274
[0.48271472 0.14       0.44630314] 1.9029888037548943 2.719677633844926
[0.42137481 0.14       0.55956219] 1.826275790247475 0.2917528856177358
[0.54371435 0.14       0.50522317] 1.4035654326276257 2.2176565825001124
[0.52477606 0.14       0.44414503] 0.44746205221304064 0.9772262135230194
[0.55605254 0.14       0.49873774] 1.8393255316810255 1.971656435326499
[0.532212   0.14       0.51730362] 1.1132508028705212 0.8918125507066871
[0.46548715 0.14       0.44784849] 2.6219692733236615 2.5473184079387066
[0.55579108 0.14       0.56586584] 1.0422130759233874 1.0322241510643
[0.51773187 0.14       0.53103765] 0.23055826317437295 0.6562924417466882
[0.49136987 0.14       0.55179039] 0.7044624290436752 2.5371125785515805
[0.45208581 0.14       0.57886074] 1.6234307573391293 1.7335867749246698
[0.54844838 0.14       0.52452074] 2.3086232631289327 1.3813821651074056
[0.45953553 0.14       0.47811872] 1.9841700320070494 0.1288384422961053
[0.50811563 0.14       0.44987157] 2.932609438448501 0.262923413753538
[0.55779638 0.14       0.55444878] 1.244826959662414 3.064292941763565
[0.43999654 0.14       0.49671553] 0.16765826297600622 1.1239276100278333
[0.44572536 0.14       0.56282841] 2.6525581851230036 2.6952761936927376
state_cur: torch.Size([4, 300, 3]), state_goal: torch.Size([1, 300, 3])
sampling: max: -0.0341, mean: -0.0464, std: 0.0096
Selected top reward seqs: tensor([-0.0367, -0.0364, -0.0363, -0.0355, -0.0341])
Batch 0/5:
reward seqs after 11 iterations: tensor([-0.0348], grad_fn=<CatBackward>)
Batch 1/5:
reward seqs after 14 iterations: tensor([-0.0347], grad_fn=<CatBackward>)
Batch 2/5:
reward seqs after 10 iterations: tensor([-0.0342], grad_fn=<CatBackward>)
Batch 3/5:
reward seqs after 13 iterations: tensor([-0.0344], grad_fn=<CatBackward>)
Batch 4/5:
reward seqs after 12 iterations: tensor([-0.0331], grad_fn=<CatBackward>)
Loss: 0.03309756517410278
Optimal set of params:
mid_point: tensor([[0.5571, 0.1400, 0.4715],
        [0.4964, 0.1400, 0.4569]])
angle: tensor([2.6706, 2.4097], grad_fn=<SelectBackward>)
z_angle: tensor([0., 0.], grad_fn=<SelectBackward>)
gripper_rate: tensor([0.0097, 0.0105], grad_fn=<ClampBackward1>)
Optimal init pose seq: tensor([[0.9136, 0.1400, 0.6530, 1.0000, 0.0000, 0.0000, 0.0000],
        [0.7939, 0.1400, 0.7242, 1.0000, 0.0000, 0.0000, 0.0000]],
       grad_fn=<SliceBackward>)
EMD: tensor([0.0427], dtype=torch.float64)
Chamfer: tensor([0.0487], dtype=torch.float64)
=============== Iteration 2 -> model_loss: tensor([0.0331]); sim_loss: tensor([0.0433], dtype=torch.float64) ===============
=============== 1/2 ===============
[0.46383827 0.14       0.55689253] 1.2630092575473677 0.6377506781661734
[0.47861417 0.14       0.46519745] 2.6657452476379717 2.6749039497854548
[0.51662636 0.14       0.53499858] 2.2115188338945586 1.0453002507140885
[0.5669218 0.14      0.4288665] 0.22941047291198485 2.678253734112566
[0.42435407 0.14       0.5425612 ] 0.3340903833071647 2.6376241668736107
[0.46662485 0.14       0.51881555] 0.5462746425013312 1.689599061719657
[0.45843765 0.14       0.526841  ] 1.1006726905746451 2.6719295112219243
[0.54322373 0.14       0.49004442] 0.9798074572424915 2.949578974833494
[0.48770231 0.14       0.49425558] 0.9348277920117049 0.27961056348140834
[0.56303483 0.14       0.52062241] 1.019056719009923 1.9728660967886182
[0.5613438  0.14       0.44649173] 2.5641586662327134 2.5062441711735164
[0.42760333 0.14       0.54263875] 1.7156508812930347 1.6910528206022217
[0.5457206  0.14       0.48778747] 1.1244224843271673 3.016997929982973
[0.54680396 0.14       0.44226749] 2.3249456801737884 2.108105592472924
[0.44199016 0.14       0.43929285] 2.1245860156536085 2.6885954138579153
[0.49373991 0.14       0.50320244] 0.49186187401178205 0.1633881995148651
[0.55542676 0.14       0.54051613] 2.42415457992911 0.672121183262449
[0.44559886 0.14       0.52218999] 1.2482375379528396 0.04947019951577803
[0.4568469  0.14       0.42068624] 1.2065713581675361 0.6691506740028147
[0.57013702 0.14       0.51936218] 2.02869184177187 2.7758918106167054
[0.43602493 0.14       0.55684768] 0.500122548924999 2.3060174153443658
[0.49599877 0.14       0.48166298] 0.3253006174972773 2.1091808103036835
[0.43590289 0.14       0.4772121 ] 0.08906626271091622 0.7411534341245762
[0.55073606 0.14       0.54034248] 2.6122369574704365 0.2528474799743491
[0.46864831 0.14       0.53909708] 0.07862260480175738 0.46735728060397375
[0.42384055 0.14       0.43657054] 1.0013150014697825 0.7515763712892919
[0.54091924 0.14       0.45476786] 1.9660012912293747 2.767374889026343
[0.42790777 0.14       0.52101057] 2.2515002307542864 1.4970636469960485
[0.5394108  0.14       0.48663528] 0.01492387712911656 2.7956094910396936
[0.51735029 0.14       0.5087596 ] 1.6123989773314606 0.7741154711578088
[0.45937201 0.14       0.57023696] 1.7600061827121498 2.419076707025229
[0.57492736 0.14       0.50515943] 0.17294061288188736 0.2766464717921207
[0.47764806 0.14       0.45477587] 2.908368503378123 1.4863553795534938
[0.42881788 0.14       0.47570632] 1.1296008687810224 0.11835406529810279
[0.4427273  0.14       0.47546909] 3.0820527145853034 2.9221103064694076
[0.47039401 0.14       0.5064487 ] 0.8983036464975375 2.2798880266687296
[0.49561216 0.14       0.57318239] 0.6832306505040096 2.6972448626583096
[0.45218906 0.14       0.44957656] 1.8143060487074545 0.2514801840033993
[0.47395171 0.14       0.55609861] 1.8749290299887948 2.0112080678389512
[0.45464311 0.14       0.50590206] 2.968044353589967 1.8694708618543134
[0.57419701 0.14       0.55340074] 2.7757062788578812 1.4216649508872903
[0.4614504  0.14       0.54825612] 1.924301630167158 2.992688107136184
[0.43976082 0.14       0.53472067] 3.097858538303848 0.458104075521408
[0.48890744 0.14       0.53524428] 1.8743075402678915 2.953403753156503
[0.51161656 0.14       0.47777877] 2.624235886164579 1.5340015820696609
[0.51608787 0.14       0.53314439] 0.14687363812992651 3.111335239081199
[0.51311935 0.14       0.50515116] 1.8832889482345614 0.1442400945113593
[0.43431276 0.14       0.44806635] 1.0461737795347101 2.113200715169065
[0.57793432 0.14       0.54017582] 0.8443874550328073 1.0127271994064049
[0.55416668 0.14       0.54392513] 0.1981756711114533 1.5540322382961025
[0.4224933  0.14       0.51497605] 2.957465982541917 0.14884941326532844
[0.43653085 0.14       0.47909183] 1.1610126238767082 3.0024220450017847
[0.52194275 0.14       0.52275486] 2.0939918772800046 0.5368139718918051
[0.52345035 0.14       0.42534865] 1.5390706335339288 2.628421453849959
[0.55842711 0.14       0.53943421] 1.69290130451926 1.183732492149372
[0.49958558 0.14       0.57907727] 1.917827387592379 0.7908810830188913
[0.46592725 0.14       0.56252245] 1.5462859902566042 2.2145879265338153
[0.50950389 0.14       0.45217465] 0.7462752170921001 0.5082928086920073
[0.50235223 0.14       0.4620179 ] 1.927418600290302 0.8515214074795171
[0.52972027 0.14       0.42960709] 2.7022192673546863 1.1240399571171809
[0.49132836 0.14       0.57194714] 0.5962936172044603 1.9693769439702045
[0.48856813 0.14       0.47363029] 0.35301065838430307 2.2643914778850958
[0.4701752  0.14       0.54413511] 0.3134348632950119 1.3524008455358376
[0.46407774 0.14       0.56886469] 2.4390543641728804 2.407030013318315
[0.51946101 0.14       0.54575742] 0.8375486874037145 0.9152114005860232
[0.45663839 0.14       0.52879653] 2.8869019599711225 2.991662916899177
[0.57202685 0.14       0.44207793] 0.7620730913487166 1.2620091429065405
[0.43434614 0.14       0.4555951 ] 1.4976853081978636 0.23485216670994047
[0.51833322 0.14       0.54361609] 1.573525949555791 1.4083574423949408
[0.47894262 0.14       0.50636466] 1.2443956647372467 0.9969384214907123
[0.57946274 0.14       0.46693784] 0.3772629214279943 0.46291625447415796
[0.50909942 0.14       0.43707985] 1.2882954071649202 2.6835646625237572
[0.54509034 0.14       0.42741479] 1.5435764331919977 2.5889139926577664
[0.43829477 0.14       0.56154356] 0.5818146366885502 2.236754910025567
[0.50614425 0.14       0.46808708] 3.067595878771234 2.8263079840322525
[0.5566176  0.14       0.45830168] 1.6349102882535818 2.603446138102055
[0.49180127 0.14       0.50566529] 0.9131844101480793 1.7705625436597017
[0.54110898 0.14       0.57919076] 0.16326035971005884 2.489794702714956
[0.42541531 0.14       0.51356577] 2.804644899767633 1.7836706008540426
[0.57928289 0.14       0.56366952] 1.9938134359436557 1.6155467882943022
[0.5550575  0.14       0.46570814] 0.020622781377887634 0.1758557280008001
[0.55016302 0.14       0.57592552] 2.2515053017783035 0.5222716331317016
[0.54960536 0.14       0.55582366] 0.5691634500249894 1.621989178166883
[0.52843929 0.14       0.52959115] 0.041935633819376116 3.0151421058566563
[0.4510676  0.14       0.54259532] 0.16979026643368955 0.5191681672894268
[0.51010742 0.14       0.48682706] 0.9540311238532271 2.3152512157930105
[0.52854893 0.14       0.57197773] 0.47278676196200486 2.6883745433079964
[0.4873366 0.14      0.5760064] 2.4715720651612028 1.129090663052816
[0.47152772 0.14       0.47800138] 3.0658128736032775 1.070580606724911
[0.4539426  0.14       0.52219858] 2.6160352368972597 0.8984273811337535
[0.49222094 0.14       0.52956942] 1.27735735943763 0.4640402275813434
[0.46600159 0.14       0.55352748] 1.5995706108417993 1.8467764268428382
[0.52471851 0.14       0.55420741] 0.6286289576237816 0.18359477151357517
[0.55053987 0.14       0.52948546] 1.3459685345628956 2.0530798491299014
[0.5197757  0.14       0.50450173] 1.6957072025284632 1.4735090684061554
[0.5551637  0.14       0.53532903] 0.7080938748548337 1.1518886985536603
[0.5789049  0.14       0.43097462] 0.5924546744900788 2.4338434734659598
[0.52760935 0.14       0.57909492] 2.013150328224951 1.5050941708159264
[0.54348456 0.14       0.53373769] 0.3681743946866821 1.9847542658444537
[0.42904088 0.14       0.42618001] 0.3421738048304101 1.3587276811427773
state_cur: torch.Size([4, 300, 3]), state_goal: torch.Size([1, 300, 3])
sampling: max: -0.0388, mean: -0.0504, std: 0.0059
Selected top reward seqs: tensor([-0.0430, -0.0428, -0.0416, -0.0414, -0.0388])
Batch 0/5:
reward seqs after 11 iterations: tensor([-0.0418], grad_fn=<CatBackward>)
Batch 1/5:
reward seqs after 10 iterations: tensor([-0.0404], grad_fn=<CatBackward>)
Batch 2/5:
reward seqs after 8 iterations: tensor([-0.0420], grad_fn=<CatBackward>)
Batch 3/5:
reward seqs after 11 iterations: tensor([-0.0388], grad_fn=<CatBackward>)
Batch 4/5:
reward seqs after 8 iterations: tensor([-0.0375], grad_fn=<CatBackward>)
Loss: 0.03753677010536194
Optimal set of params:
mid_point: tensor([[0.4776, 0.1400, 0.4548],
        [0.4288, 0.1400, 0.4757]])
angle: tensor([2.9084, 1.1296], grad_fn=<SelectBackward>)
z_angle: tensor([0., 0.], grad_fn=<SelectBackward>)
gripper_rate: tensor([0.0107, 0.0104], grad_fn=<ClampBackward1>)
Optimal init pose seq: tensor([[0.8668, 0.1400, 0.5472, 1.0000, 0.0000, 0.0000, 0.0000],
        [0.2580, 0.1400, 0.8374, 1.0000, 0.0000, 0.0000, 0.0000]],
       grad_fn=<SliceBackward>)
=============== 2/2 ===============
[0.44264138 0.14       0.43156149] 0.4375359188702281 1.5527714096755731
[0.44335646 0.14       0.5654018 ] 2.78506114790846 1.3650949592683757
[0.48699729 0.14       0.45484781] 2.5582130160502143 1.6711365439528854
[0.51494084 0.14       0.42317613] 0.28860311676619455 0.06211467730420221
[0.48431346 0.14       0.57431938] 2.2505839533984084 2.3275992869324154
[0.5228177  0.14       0.44080712] 1.5040986865195207 2.2586892823614875
[0.54741205 0.14       0.44117122] 1.1810281608051814 1.0602379280891434
[0.47341135 0.14       0.49506206] 0.9712370164039225 0.8341211975685787
[0.47783458 0.14       0.46029497] 0.9494117207005757 1.0657643740811302
[0.44309748 0.14       0.45245342] 1.7865290068940907 1.3344393450993588
[0.57497383 0.14       0.47943148] 1.4300060063731908 0.7082462707924098
[0.48526989 0.14       0.4835193 ] 0.22018261760327806 2.73026963684546
[0.52606156 0.14       0.4498142 ] 3.0190540554726915 0.8722797266055685
[0.50676742 0.14       0.51243948] 1.714895841949644 0.5173811221129104
[0.45711648 0.14       0.43260075] 0.7742792955633091 1.9480682644680225
[0.56455749 0.14       0.51945196] 1.158638736401996 3.0092602872140986
[0.48924073 0.14       0.54575922] 2.1062274610519913 1.5047370599594143
[0.51051838 0.14       0.45705941] 0.6303625611074175 2.0357279813177445
[0.42754412 0.14       0.54125068] 0.8809363356173713 2.7148164924119
[0.50688124 0.14       0.45035109] 1.3402194344123548 1.175212452988367
[0.51523618 0.14       0.4937682 ] 2.0537804201975196 0.6812136557156916
[0.42998097 0.14       0.50416983] 1.3206880398335343 2.044805427043902
[0.46263358 0.14       0.5297058 ] 1.1024535043250103 2.8158503048904016
[0.53263057 0.14       0.44282368] 1.114723111191636 0.40372131261254707
[0.53020384 0.14       0.45531032] 3.1178076679484468 0.9278267379844212
[0.47283842 0.14       0.4664633 ] 0.7956548150975292 1.4275947560390987
[0.49039723 0.14       0.53785573] 1.306035185343133 2.076532669226069
[0.56464386 0.14       0.57552916] 2.054028152068507 0.34000174065578376
[0.52183456 0.14       0.42577991] 0.42976496403473274 1.7872060273414987
[0.46108919 0.14       0.519739  ] 1.0076729718266675 1.5073467702854215
[0.55465492 0.14       0.57286878] 1.012917968146502 2.636791928989717
[0.5718468  0.14       0.57840767] 0.05788943846078065 0.44301802892304315
[0.50984888 0.14       0.51392418] 0.23903376816765648 2.650485949112723
[0.54703747 0.14       0.53582066] 0.06551515056910376 2.6094886352481015
[0.44744233 0.14       0.4400236 ] 2.2522207132635557 0.5295522781437703
[0.44192123 0.14       0.52964262] 2.825218943578909 2.4258485046381004
[0.53563728 0.14       0.57914358] 2.1049451382084094 0.3998839822719716
[0.48618329 0.14       0.45092575] 0.573688825741473 2.5264633309661813
[0.57216517 0.14       0.56963123] 2.8016400804918957 0.5771046217193162
[0.49768327 0.14       0.53279636] 0.8691194756731476 0.4386831967255372
[0.50755128 0.14       0.50154288] 0.20067272009024273 1.7443531674181392
[0.48626391 0.14       0.47602229] 1.7828711207122485 1.1326315588427889
[0.55953288 0.14       0.54567733] 2.793633009463745 2.4485993158608146
[0.51550041 0.14       0.52351465] 1.9016603923965862 2.0027692274833355
[0.52893484 0.14       0.53010333] 1.8484207433280044 0.8112736945656732
[0.49619813 0.14       0.53317806] 2.7342218891553856 2.7393832299424474
[0.49588049 0.14       0.55966915] 1.8736181806737633 2.2133315344313043
[0.43209163 0.14       0.4852689 ] 1.571474928218747 3.09754959862871
[0.57491365 0.14       0.53345255] 1.5155354361641271 3.0926431933154146
[0.50732711 0.14       0.57894667] 1.7322360465332018 0.620356919171085
state_cur: torch.Size([4, 300, 3]), state_goal: torch.Size([1, 300, 3])
sampling: max: -0.0395, mean: -0.0478, std: 0.0056
Selected top reward seqs: tensor([-0.0420, -0.0414, -0.0408, -0.0404, -0.0395])
Batch 0/5:
reward seqs after 8 iterations: tensor([-0.0414], grad_fn=<CatBackward>)
Batch 1/5:
reward seqs after 12 iterations: tensor([-0.0396], grad_fn=<CatBackward>)
Batch 2/5:
reward seqs after 10 iterations: tensor([-0.0392], grad_fn=<CatBackward>)
Batch 3/5:
reward seqs after 10 iterations: tensor([-0.0403], grad_fn=<CatBackward>)
Batch 4/5:
reward seqs after 12 iterations: tensor([-0.0392], grad_fn=<CatBackward>)
Loss: 0.03921859711408615
Optimal set of params:
mid_point: tensor([[0.5749, 0.1400, 0.5335]])
angle: tensor([1.5155], grad_fn=<SelectBackward>)
z_angle: tensor([0.], grad_fn=<SelectBackward>)
gripper_rate: tensor([0.0104], grad_fn=<ClampBackward1>)
Optimal init pose seq: tensor([[0.5528, 0.1400, 0.9329, 1.0000, 0.0000, 0.0000, 0.0000]],
       grad_fn=<SliceBackward>)
EMD: tensor([0.0392], dtype=torch.float64)
Chamfer: tensor([0.0476], dtype=torch.float64)
=============== Iteration 3 -> model_loss: tensor([0.0392]); sim_loss: tensor([0.0401], dtype=torch.float64) ===============
torch.Size([2, 11, 14]) torch.Size([2, 40, 12])
Best init pose: tensor([[0.0774, 0.1400, 0.5593, 1.0000, 0.0000, 0.0000, 0.0000],
        [0.6653, 0.1400, 0.8778, 1.0000, 0.0000, 0.0000, 0.0000]])
Best model loss: tensor([0.0289]); Best sim loss: tensor([0.0323], dtype=torch.float64)
