ENV:
  loss:
    soft_contact: False
    target_path: envs/assets/Chopsticks3D-v1.npy
    weight:
      contact: 1
      density: 10
      sdf: 10
  n_observed_particles: 200
PRIMITIVES: [{'shape': 'Capsule', 'h': 0.2, 'r': 0.045, 'init_pos': '(0.35, 0.4, 0.5)', 'init_rot': '(1., 0., 0., 0.)', 'color': '(0.8, 0.8, 0.8)', 'friction': 1.0, 'action': {'dim': 6, 'scale': '(0.02, 0.02, 0.02, 0.04, 0.04, 0.04)'}}, {'shape': 'Capsule', 'h': 0.2, 'r': 0.045, 'init_pos': '(0.65, 0.4, 0.5)', 'init_rot': '(1., 0., 0., 0.)', 'color': '(0.8, 0.8, 0.8)', 'friction': 1.0, 'action': {'dim': 6, 'scale': '(0.02, 0.02, 0.02, 0.04, 0.04, 0.04)'}}, {'shape': 'Capsule', 'h': 0.13, 'r': 0.025, 'init_pos': '(0.5, 0.1, 0.5)', 'init_rot': '(1., 0., 0., 0.)', 'color': '(0.2, 0.2, 0.2)', 'friction': 15.0}]
RENDERER:
  bake_size: 6
  camera_pos: (0.5, 1.2, 4.0)
  camera_pos_1: (0.5, 2.5, 2.2)
  camera_pos_2: (0.5, 2.5, 2.2)
  camera_pos_3: (0.5, 2.5, 2.2)
  camera_pos_4: (0.5, 2.5, 2.2)
  camera_rot: (0.2, 0)
  camera_rot_1: (0.8, 0.0)
  camera_rot_2: (0.8, 0.0)
  camera_rot_3: (0.8, 0.0)
  camera_rot_4: (0.8, 0.0)
  dx: 0.006666666666666667
  image_res: (512, 512)
  light_direction: (2.0, 1.0, 0.7)
  max_num_particles: 1000000
  max_ray_depth: 2
  sdf_threshold: 0.20720000000000002
  spp: 50
  target_res: (64, 64, 64)
  use_directional_light: False
  use_roulette: False
  voxel_res: (168, 168, 168)
SHAPES: [{'shape': 'box', 'width': '(0.25, 0.2, 0.25)', 'init_pos': '(0.5, 0.1, 0.5)', 'n_particles': 20000, 'color': '((150<<8)+ (150<<16))'}]
SIMULATOR:
  E: 5000.0
  dim: 3
  dtype: float64
  gravity: (0, -5, 0)
  ground_friction: 100.0
  max_steps: 1024
  n_particles: 9000
  nu: 0.2
  quality: 1
  yield_stress: 4000.0
VARIANTS: [{'ENV': {'loss': {'target_path': 'envs/assets/gripper-v1.npy'}}}]
Building primitive
action:
  dim: 6
  scale: (0.02, 0.02, 0.02, 0.04, 0.04, 0.04)
color: (0.8, 0.8, 0.8)
friction: 1.0
h: 0.2
init_pos: (0.35, 0.4, 0.5)
init_rot: (1.0, 0.0, 0.0, 0.0)
lower_bound: (0.0, 0.0, 0.0)
r: 0.045
shape: Capsule
upper_bound: (1.0, 1.0, 1.0)
variations: None
Building primitive
action:
  dim: 6
  scale: (0.02, 0.02, 0.02, 0.04, 0.04, 0.04)
color: (0.8, 0.8, 0.8)
friction: 1.0
h: 0.2
init_pos: (0.65, 0.4, 0.5)
init_rot: (1.0, 0.0, 0.0, 0.0)
lower_bound: (0.0, 0.0, 0.0)
r: 0.045
shape: Capsule
upper_bound: (1.0, 1.0, 1.0)
variations: None
Building primitive
action:
  dim: 0
  scale: ()
color: (0.2, 0.2, 0.2)
friction: 15.0
h: 0.13
init_pos: (0.5, 0.1, 0.5)
init_rot: (1.0, 0.0, 0.0, 0.0)
lower_bound: (0.0, 0.0, 0.0)
r: 0.025
shape: Capsule
upper_bound: (1.0, 1.0, 1.0)
variations: None
{'width': (0.25, 0.2, 0.25), 'init_pos': (0.5, 0.1, 0.5), 'n_particles': 20000, 'color': 9868800}
Initialize Renderer
bake_size: 6  
camera_pos: (0.5, 1.2, 4.0)  
camera_pos_1: (0.5, 2.5, 2.2)  
camera_pos_2: (0.5, 2.5, 2.2)  
camera_pos_3: (0.5, 2.5, 2.2)  
camera_pos_4: (0.5, 2.5, 2.2)  
camera_rot: (0.2, 0)  
camera_rot_1: (0.8, 0.0)  
camera_rot_2: (0.8, 0.0)  
camera_rot_3: (0.8, 0.0)  
camera_rot_4: (0.8, 0.0)  
dx: 0.006666666666666667  
image_res: (512, 512)  
light_direction: (2.0, 1.0, 0.7)  
max_num_particles: 1000000  
max_ray_depth: 2  
sdf_threshold: 0.20720000000000002  
spp: 50  
target_res: (64, 64, 64)  
use_directional_light: False  
use_roulette: False  
voxel_res: (168, 168, 168)
[Taichi] materializing...
model_kp #params: 443560
GT shape: init pose: (1, 3, 11, 14); actions: (1, 3, 40, 12)
GT init pose: [[0.86783522 0.14       0.5624547  1.         0.         0.
  0.        ]
 [0.39378917 0.14       0.85976597 1.         0.         0.
  0.        ]
 [0.67824562 0.14       0.81781338 1.         0.         0.
  0.        ]]
=============== 1/2 ===============
[0.47992642 0.14       0.57211429] 2.2996267900669447 1.8807410959626114
[0.44495912 0.14       0.42929338] 2.721172616281258 1.888458504855007
[0.42329352 0.14       0.57518558] 2.615195684873492 0.6670829901766624
[0.44934472 0.14       0.46867876] 1.648570950539833 1.356995297320777
[0.51789646 0.14       0.44231902] 0.9177994816238134 1.1509596754470768
[0.54562815 0.14       0.45194781] 1.615515133943075 1.8611252574165573
[0.51720718 0.14       0.44728386] 0.20436560662686745 2.981011832932676
[0.54934358 0.14       0.4687382 ] 0.3068459958230403 2.1495814494341023
[0.43952612 0.14       0.49922831] 0.10803472530338759 2.8567142949300184
[0.52600357 0.14       0.46987377] 1.6338418746991914 1.717540997226871
[0.57513354 0.14       0.54402125] 2.951522972873443 2.811183030334721
[0.56749988 0.14       0.4341588 ] 0.6156983208054857 0.14208571858312952
[0.48218837 0.14       0.46341585] 2.603555670506005 1.1207736302842994
[0.50683137 0.14       0.44254788] 2.5201761414688035 0.23420775450475836
[0.54355916 0.14       0.45179451] 0.017348242587771696 2.561847632919546
[0.53664115 0.14       0.54340326] 0.232618133925433 1.1261532993583998
[0.55809655 0.14       0.5197277 ] 1.0395468039644555 0.19967444633285858
[0.47202933 0.14       0.53673699] 2.0029458682508223 2.7872610342490396
[0.43913508 0.14       0.53411917] 2.3900767196957986 1.7633043205117962
[0.4990073  0.14       0.50363725] 1.3431597223835183 0.07985654183991728
[0.42502867 0.14       0.52182567] 0.9875784407613999 1.5977219471941138
[0.45988676 0.14       0.48566127] 2.3736339062582457 0.7187906358633028
[0.46636023 0.14       0.44579541] 2.920731314659105 2.5387850476557676
[0.55943369 0.14       0.54858753] 0.5861271263761852 2.8040567925515774
[0.54919042 0.14       0.56337461] 0.9990373807876332 0.3457383176095677
[0.48833725 0.14       0.55088236] 2.7040648770781863 0.02184076220358602
[0.48678576 0.14       0.45553725] 0.3765681574353399 1.0606493422220964
[0.47171247 0.14       0.5030065 ] 2.2085991965994354 1.1423760874625675
[0.57399157 0.14       0.46028517] 1.5621522531200192 0.9452370877448774
[0.42590191 0.14       0.51753029] 1.5792127264894842 0.16172526674294294
[0.56532254 0.14       0.4583299 ] 0.4552006657046192 1.5376611959672382
[0.45872884 0.14       0.52754169] 2.392698588346583 0.7465603624236441
[0.4788453  0.14       0.52116893] 1.9902922851572933 1.6831858114686535
[0.5536484  0.14       0.47132481] 0.5859651820306935 0.1280988851575302
[0.5284103  0.14       0.42265405] 1.6087877899073508 0.7115574634309672
[0.44789863 0.14       0.53055004] 1.2149649228212729 2.942824051012575
[0.47457062 0.14       0.43815576] 2.905010678005297 2.7562428672869093
[0.52559745 0.14       0.55075555] 1.7442147909879617 1.663946365932815
[0.43489644 0.14       0.56355452] 2.8287467535439133 1.9889468871466909
[0.47587353 0.14       0.53615291] 2.8183550021270456 2.7868641935705307
[0.52272506 0.14       0.43346239] 0.5077715808088037 2.82289123752901
[0.42147153 0.14       0.43623545] 2.0844522834736994 0.015901434626809395
[0.50779741 0.14       0.53070323] 2.0481967032785184 0.7045628150269505
[0.45795985 0.14       0.47206395] 2.345171914286707 2.040881943176969
[0.52521806 0.14       0.51092938] 0.29428796243546484 1.1552132655003875
[0.45903834 0.14       0.57568169] 1.2349529239559578 2.8024469044045013
[0.54716981 0.14       0.50042193] 1.8123970057695833 1.54728996866433
[0.53559234 0.14       0.46492358] 0.0763908615059914 2.0278110229176955
[0.57047337 0.14       0.57262857] 2.8741312473474667 1.1628878533848503
[0.56853097 0.14       0.48850946] 3.036835678064763 3.0273014408759615
[0.46711182 0.14       0.48161564] 2.6739247144382268 0.9956398431599084
[0.5090882  0.14       0.56978476] 2.1866420959136925 1.7908999840495505
[0.51840116 0.14       0.57840862] 0.44008691315242454 1.6283806280036668
[0.53852298 0.14       0.53152252] 2.206918837517658 1.1293747597025203
[0.54949778 0.14       0.54961814] 2.7239880261823224 2.8690298108716936
[0.50024261 0.14       0.54772723] 2.041921910029772 2.2052939846561688
[0.56240085 0.14       0.47407923] 1.1799286448272113 0.29525297177419196
[0.42575076 0.14       0.49449568] 1.7047683979072397 0.900195892636639
[0.42488004 0.14       0.42597571] 2.5842758782072273 1.131572272949419
[0.50355892 0.14       0.54319897] 0.6780217544742833 1.9568681428240218
[0.42826908 0.14       0.50501674] 1.698455326322935 2.0025450957252313
[0.57613633 0.14       0.50260806] 1.014597682821489 2.4981511077213816
[0.49023543 0.14       0.43255302] 0.07964170927704113 3.02424918754203
[0.53135587 0.14       0.48543247] 0.5444201628434073 0.4914614640047969
[0.50787627 0.14       0.53433535] 2.0740712286156775 0.8794382741361363
[0.53806351 0.14       0.50869665] 1.9217774024183072 1.3182124735689633
[0.47695563 0.14       0.54125538] 0.04521847813876925 0.3646529546992971
[0.42651661 0.14       0.55687369] 2.210606361669002 1.489661017985283
[0.49865854 0.14       0.49575548] 0.5441297220973187 1.3629851539938318
[0.51853602 0.14       0.52161498] 0.14232674427801525 1.1768802380525862
[0.5005018  0.14       0.55703837] 2.069347074060459 0.5118735991358814
[0.52278708 0.14       0.42424181] 1.8402682627810032 2.953820419143604
[0.48210719 0.14       0.52292611] 1.4396439142544366 1.714105696990191
[0.48177642 0.14       0.57379049] 2.844242925691973 0.6150959906920627
[0.43612448 0.14       0.42291549] 0.2967013116940938 2.145729061716895
[0.4710361  0.14       0.55518005] 0.07311094234248432 2.558728201481827
[0.43890637 0.14       0.53147795] 1.9758822269715344 2.756659631427233
[0.54855695 0.14       0.46512553] 0.5574427671947016 2.3581257894310474
[0.57848082 0.14       0.48601883] 1.168729285329145 2.4391732536189576
[0.56892117 0.14       0.55734604] 1.3477244848352563 2.358931030366892
[0.43649982 0.14       0.56440847] 1.587297141491002 2.5963927040285166
[0.56328372 0.14       0.48227227] 0.03404748627267187 2.844341365811366
[0.47109018 0.14       0.57200991] 2.9864204292689793 1.8015082566181613
[0.49175128 0.14       0.46691372] 1.0325301212295572 2.1127790410151737
[0.54665265 0.14       0.5463389 ] 0.2865324233003193 1.553267197039257
[0.50792462 0.14       0.49064488] 2.7888049391144056 1.1024320254679805
[0.44287867 0.14       0.5418417 ] 1.9421893260308754 0.3176862564186978
[0.53215506 0.14       0.43164208] 2.581949524545455 2.2187253924897425
[0.43357403 0.14       0.57786233] 1.1758063824006335 1.1644066463360923
[0.57155977 0.14       0.57776017] 2.3668073721843013 1.1820543497466653
[0.54434351 0.14       0.50934468] 1.332732747741402 2.847396277762517
[0.49882002 0.14       0.42181658] 1.4723408299154233 0.17688195725510106
[0.4388042  0.14       0.52387365] 2.343769111948538 1.8327070267629864
[0.47997929 0.14       0.46571393] 2.7287846400345073 0.7024470436659621
[0.42194472 0.14       0.57518061] 0.13559086231351222 2.799608659290994
[0.57887437 0.14       0.43180745] 1.7399845510344214 3.0451537250069203
[0.52070378 0.14       0.53131979] 1.4279828698293187 1.9715318540930087
[0.56418528 0.14       0.42727142] 0.882671892352107 2.9858057362622894
[0.49290508 0.14       0.51922122] 0.8714186866975726 0.5910000533729606
[0.47653636 0.14       0.51338498] 0.24421056441866593 3.061151569460068
state_cur: torch.Size([4, 300, 3]), state_goal: torch.Size([1, 300, 3])
sampling: max: -0.0292, mean: -0.0413, std: 0.0073
Selected top reward seqs: tensor([-0.0324, -0.0318, -0.0311, -0.0297, -0.0292])
Batch 0/5:
reward seqs after 11 iterations: tensor([-0.0300], grad_fn=<CatBackward>)
Batch 1/5:
reward seqs after 12 iterations: tensor([-0.0305], grad_fn=<CatBackward>)
Batch 2/5:
reward seqs after 10 iterations: tensor([-0.0297], grad_fn=<CatBackward>)
Batch 3/5:
reward seqs after 11 iterations: tensor([-0.0288], grad_fn=<CatBackward>)
Batch 4/5:
reward seqs after 13 iterations: tensor([-0.0286], grad_fn=<CatBackward>)
Loss: 0.02855062671005726
Optimal set of params:
mid_point: tensor([[0.4770, 0.1400, 0.5413],
        [0.4265, 0.1400, 0.5569]])
angle: tensor([0.0452, 2.2106], grad_fn=<SelectBackward>)
z_angle: tensor([0., 0.], grad_fn=<SelectBackward>)
gripper_rate: tensor([0.0096, 0.0096], grad_fn=<ClampBackward1>)
Optimal init pose seq: tensor([[0.0774, 0.1400, 0.5593, 1.0000, 0.0000, 0.0000, 0.0000],
        [0.6653, 0.1400, 0.8778, 1.0000, 0.0000, 0.0000, 0.0000]],
       grad_fn=<SliceBackward>)
EMD: tensor([0.0318], dtype=torch.float64)
Chamfer: tensor([0.0407], dtype=torch.float64)
=============== Iteration 0 -> model_loss: tensor([0.0286]); sim_loss: tensor([0.0327], dtype=torch.float64) ===============
=============== 1/2 ===============
[0.5785369  0.14       0.46925924] 1.5486735470258393 2.048420334948566
[0.53240115 0.14       0.52556427] 1.1779730476325425 0.8935923125832955
[0.44032377 0.14       0.48912493] 2.409550131846284 0.4653864108696059
[0.50420039 0.14       0.5007705 ] 1.3329067968512174 2.7251751489543317
[0.48081088 0.14       0.50678298] 0.9909309968777824 1.15615875486462
[0.54574968 0.14       0.5750933 ] 2.417538962026979 1.6280091924705253
[0.55726065 0.14       0.50712362] 2.944167072268598 0.09478245686522654
[0.4330335  0.14       0.42925723] 1.3339547598500676 2.954105872096758
[0.52551246 0.14       0.48158177] 1.6768767774653468 0.9555929920718645
[0.53946575 0.14       0.50939079] 1.31592469290039 2.6544009488892937
[0.49703791 0.14       0.57650356] 3.0389305218253972 0.019743705532801192
[0.47390708 0.14       0.46659582] 1.87318146400394 1.4021063830122142
[0.42434147 0.14       0.56830254] 1.783146916775699 2.149058926243961
[0.57826106 0.14       0.57780775] 1.9160304516999809 2.1487340623412914
[0.46970895 0.14       0.45081817] 1.2653177588741176 2.1449438171310535
[0.50228883 0.14       0.48534357] 1.6571425022628776 2.702481670942689
[0.54217985 0.14       0.52670558] 0.6404073194742683 2.3065060225750837
[0.49696397 0.14       0.49729128] 2.9821067565058055 2.96680859541862
[0.56187873 0.14       0.42601409] 1.2585060800808463 2.811339208638202
[0.49306557 0.14       0.54372049] 0.6540350609575953 1.8843249031117817
[0.51176752 0.14       0.53548727] 2.9838912722291813 0.8294174306434768
[0.52322256 0.14       0.53122321] 1.3474908685757365 2.9674811787592352
[0.43945469 0.14       0.52891088] 0.4048542610709656 1.0137134133120143
[0.5062295  0.14       0.47560062] 0.5021937544988859 2.4844165976079378
[0.49271185 0.14       0.56181807] 1.6927666523464975 2.230204359581633
[0.50980632 0.14       0.53622635] 0.931394267608615 2.1630938232895622
[0.48947091 0.14       0.53407513] 0.9955844401310526 2.2446765800031456
[0.45929662 0.14       0.52692407] 2.779569320465797 0.9739376835639038
[0.47378086 0.14       0.5513794 ] 0.16069572755039796 0.022667577065052003
[0.55983085 0.14       0.5053955 ] 1.8664242641281525 2.6458665122158296
[0.48193713 0.14       0.52289446] 1.2713402313970785 0.10094000231241684
[0.48262421 0.14       0.42307344] 0.5356993013873972 0.6835545871432331
[0.44981998 0.14       0.47781236] 2.358286048064501 2.537526870449402
[0.53121326 0.14       0.50668997] 1.729856087339272 2.9951553535795807
[0.52396546 0.14       0.49495919] 2.2904422621075446 0.19702780288113805
[0.50761272 0.14       0.50044647] 0.9136845544873042 0.010648411865946525
[0.46208135 0.14       0.5066474 ] 0.2625753094484772 3.053791450189956
[0.4706108  0.14       0.50403144] 0.20416140015976583 2.6717695883394055
[0.44853367 0.14       0.44587751] 1.1339715459869153 1.801272402135772
[0.51548757 0.14       0.53287644] 2.351446797062759 1.259639040437322
[0.4426407  0.14       0.50209539] 0.22781170176442048 0.766880454838649
[0.53846731 0.14       0.4352495 ] 0.6505291093001605 3.116140143873343
[0.46544652 0.14       0.43364113] 2.1829129269809173 1.5967250986605332
[0.52126372 0.14       0.50412166] 1.7748279980838941 3.125428548566425
[0.56639555 0.14       0.55470252] 1.3048379666735839 2.767574592796996
[0.56229672 0.14       0.51515694] 0.6790528623241564 1.8102528669783937
[0.44253247 0.14       0.5246498 ] 2.976585577956307 1.848814644945241
[0.4469383  0.14       0.52467366] 2.3027166397001375 0.13073587193057892
[0.54505294 0.14       0.490392  ] 1.2741702990903354 2.891426364331521
[0.54230153 0.14       0.546815  ] 0.6544597155657332 0.6038940374883891
[0.53121468 0.14       0.52987357] 0.8990860273972849 2.784957015334108
[0.46393446 0.14       0.44882261] 2.2339742167350307 2.2473382745580555
[0.42084153 0.14       0.55980085] 3.002065516880491 0.6355833226302219
[0.57572583 0.14       0.47231586] 0.5813731732218637 3.0710326461302424
[0.4641537  0.14       0.53872468] 1.9394731625594495 2.150453827547872
[0.52978308 0.14       0.4747586 ] 0.9786068235067756 1.346067348699911
[0.57012337 0.14       0.49283938] 0.269442266605467 2.9477517760345027
[0.44545754 0.14       0.55882848] 1.7325209314899828 1.1079963682292495
[0.57368102 0.14       0.47292203] 2.728234910992211 2.131661256302313
[0.57062923 0.14       0.43009106] 0.9988451914226142 1.2448925651214677
[0.42614928 0.14       0.5623643 ] 2.0706329652102538 0.8640097058993403
[0.50590783 0.14       0.47380412] 0.08983846134238549 1.7313338364091506
[0.54962822 0.14       0.4341641 ] 1.3469241577455264 1.3651847179144925
[0.42632126 0.14       0.45261319] 0.6267514540524698 1.881721682827938
[0.4430712  0.14       0.42293649] 2.6406494795264557 3.052208678683226
[0.48603399 0.14       0.43952175] 1.492585911141505 1.4367185662779578
[0.48052857 0.14       0.49948055] 0.2299039885655257 0.12030602375462557
[0.45199976 0.14       0.46449124] 0.5323668127233321 0.7914196959258304
[0.44411892 0.14       0.46687723] 1.2488227575910793 2.338183031508696
[0.56703445 0.14       0.49614941] 1.4493583423002308 0.3948915839842313
[0.54161565 0.14       0.55561092] 0.7356468517481377 1.260048781027769
[0.5705301  0.14       0.46573268] 1.8724198908627108 0.47821332468080185
[0.44981515 0.14       0.5495015 ] 1.2621742691109925 1.815077198817535
[0.56124423 0.14       0.54157895] 1.1129844825167594 1.8389753774434907
[0.44567557 0.14       0.50538842] 2.0125003794619 1.7512233767289718
[0.53876642 0.14       0.5643852 ] 1.2176736013912484 1.6868256964881565
[0.49428459 0.14       0.49122383] 2.4080761874077834 2.7561227721543045
[0.4360199  0.14       0.49436336] 0.6659222103676488 0.996977827564555
[0.45544459 0.14       0.50254939] 2.0209107862547224 2.748574179071006
[0.4696904  0.14       0.48492808] 0.7054344819000276 1.0431346466901144
[0.44218477 0.14       0.49099961] 0.976931566629358 0.24242012301717233
[0.54558079 0.14       0.55637328] 2.329200671395308 1.694038035709614
[0.44432252 0.14       0.54483226] 1.3303866362065873 2.3571857705254216
[0.55320695 0.14       0.51089865] 0.023051468629623977 1.6313259206693171
[0.4292003  0.14       0.49156953] 0.978512351304976 0.6421106373728153
[0.44873715 0.14       0.46796993] 0.36233363088348 0.2648758140480445
[0.56444253 0.14       0.55248083] 0.723589006163977 2.2804526085164336
[0.42819735 0.14       0.56393372] 3.135253193335143 2.22651406756208
[0.50870554 0.14       0.43750088] 0.9386426016915398 2.253326241333461
[0.44355294 0.14       0.42119539] 1.7986070464097965 3.0431681981830465
[0.45401791 0.14       0.4941248 ] 1.89150179450831 2.5175728170064535
[0.44767233 0.14       0.45008159] 2.826572643518968 0.7421757821602024
[0.4630318  0.14       0.53528993] 0.24618691783041124 0.6515444802085137
[0.50245065 0.14       0.47647217] 1.8017546820575328 1.0221794883321937
[0.50179313 0.14       0.53281748] 1.3539603384055414 2.7536063913910565
[0.46930139 0.14       0.5091336 ] 1.5996124409254482 1.627653101124358
[0.51417548 0.14       0.56164247] 1.9449505347182225 0.06817615486150536
[0.55436552 0.14       0.42781598] 0.3935927346775943 1.7478439561344865
[0.48578688 0.14       0.5760577 ] 0.5427922825939319 0.6474691242107874
[0.42703651 0.14       0.55130979] 0.6252748066361947 1.6699266568879416
state_cur: torch.Size([4, 300, 3]), state_goal: torch.Size([1, 300, 3])
sampling: max: -0.0335, mean: -0.0456, std: 0.0080
Selected top reward seqs: tensor([-0.0360, -0.0357, -0.0354, -0.0349, -0.0335])
Batch 0/5:
reward seqs after 10 iterations: tensor([-0.0338], grad_fn=<CatBackward>)
Batch 1/5:
reward seqs after 9 iterations: tensor([-0.0327], grad_fn=<CatBackward>)
Batch 2/5:
reward seqs after 11 iterations: tensor([-0.0330], grad_fn=<CatBackward>)
Batch 3/5:
reward seqs after 12 iterations: tensor([-0.0322], grad_fn=<CatBackward>)
Batch 4/5:
reward seqs after 10 iterations: tensor([-0.0328], grad_fn=<CatBackward>)
Loss: 0.03223872184753418
Optimal set of params:
mid_point: tensor([[0.4738, 0.1400, 0.5514],
        [0.5598, 0.1400, 0.5054]])
angle: tensor([0.1607, 1.8664], grad_fn=<SelectBackward>)
z_angle: tensor([0., 0.], grad_fn=<SelectBackward>)
gripper_rate: tensor([0.0097, 0.0096], grad_fn=<ClampBackward1>)
Optimal init pose seq: tensor([[0.0789, 0.1400, 0.6154, 1.0000, 0.0000, 0.0000, 0.0000],
        [0.6764, 0.1400, 0.8880, 1.0000, 0.0000, 0.0000, 0.0000]],
       grad_fn=<SliceBackward>)
EMD: tensor([0.0356], dtype=torch.float64)
Chamfer: tensor([0.0431], dtype=torch.float64)
=============== Iteration 1 -> model_loss: tensor([0.0322]); sim_loss: tensor([0.0364], dtype=torch.float64) ===============
=============== 1/2 ===============
[0.44108565 0.14       0.57020005] 0.20488247611525992 2.7644850106368724
[0.53197266 0.14       0.47331477] 2.261992400543972 1.511571257423316
[0.53462951 0.14       0.44137111] 0.8367498723757425 2.641280273289245
[0.57844753 0.14       0.42367304] 0.4466899664371676 1.0597075163515572
[0.47048702 0.14       0.47535453] 0.7145138980872922 2.8575702911304655
[0.44554947 0.14       0.51315361] 0.5011061542779596 0.8540378847336286
[0.54130878 0.14       0.4892937 ] 0.5251893381265353 0.6645472263621593
[0.51423059 0.14       0.55898176] 0.8423823651940877 1.9226316920567545
[0.49539921 0.14       0.4836968 ] 0.3774608187760733 2.799906929479377
[0.4624723  0.14       0.53743827] 0.5677904997411005 0.24118677204850167
[0.46696589 0.14       0.42971076] 0.4430875701791942 0.6988668107954263
[0.4225753  0.14       0.54684692] 2.4533189939793285 1.5696408303860272
[0.42214934 0.14       0.4992329 ] 0.7962706625574708 2.3936721179245404
[0.56001218 0.14       0.48487616] 0.4268380414021893 0.10916920052322801
[0.56855307 0.14       0.57517925] 2.746785910052058 1.2237614442297118
[0.52298842 0.14       0.43013072] 0.5367884591024272 1.2097804306724556
[0.47375217 0.14       0.53759551] 0.18497656740918444 1.9031370991771697
[0.56118515 0.14       0.42914694] 3.0525951694494244 0.2542391917381102
[0.55713101 0.14       0.47150373] 2.670625944823079 3.025878524266961
[0.49635771 0.14       0.45692709] 2.409705043750671 0.33925775318088724
[0.52806708 0.14       0.52101474] 1.364427550258471 1.5757458689861432
[0.46318192 0.14       0.56614234] 1.388500215732036 1.2656120863874007
[0.56149045 0.14       0.5405453 ] 0.2879237604783944 0.4718318775856464
[0.52451119 0.14       0.44542509] 3.1261978616492327 1.8022034706651293
[0.53680946 0.14       0.42391753] 1.3230226125528144 1.1360673678932602
[0.47413673 0.14       0.52998938] 1.8519053611615683 2.3142220357079135
[0.56892614 0.14       0.57888135] 1.7415945146180785 0.5162466548589079
[0.52357115 0.14       0.51982986] 2.7800345036928733 2.2979954864956853
[0.57321346 0.14       0.47518097] 0.6217633275494463 1.2109390203223467
[0.45062472 0.14       0.51457713] 0.26467871806235355 2.6153313727598584
[0.50353763 0.14       0.52079862] 0.36772317889531586 2.706296858532525
[0.44705971 0.14       0.42236718] 0.1907005988921245 2.110032734845545
[0.44381999 0.14       0.51691479] 1.5174366630527902 2.944266725019275
[0.5032529  0.14       0.46540424] 1.4507706331234311 0.7762928262661025
[0.51505337 0.14       0.46740457] 0.03792154547711611 3.087510817731388
[0.50752197 0.14       0.55632281] 1.951165966200127 1.8438955893088456
[0.46930008 0.14       0.48234254] 0.265539703690675 0.014755575405708274
[0.55027713 0.14       0.51785656] 0.43799254414277267 1.3397842209215878
[0.54836191 0.14       0.49376936] 0.8698783078366019 2.4131596885653486
[0.48451416 0.14       0.5424702 ] 1.0093006923365395 2.381426595021644
[0.52405623 0.14       0.45823118] 2.168101500052261 2.6534203286262685
[0.51952103 0.14       0.46040758] 1.4280562014463118 0.5209991557400269
[0.43547355 0.14       0.42893459] 1.678858554339154 1.8299034239577532
[0.45252531 0.14       0.54448057] 2.023402999626395 2.3300298024819397
[0.49143338 0.14       0.47697289] 2.197716698411669 1.8646430169014057
[0.44219833 0.14       0.49577221] 2.1797930395178673 1.1585689146558886
[0.55640944 0.14       0.55966825] 1.9133667136756607 1.4818370781297416
[0.43915121 0.14       0.57171785] 0.8282054779775436 2.5198061682751582
[0.48103964 0.14       0.511377  ] 0.9876526027213716 0.6091427558100866
[0.57825737 0.14       0.56182557] 0.9812841828871367 0.04961729923770534
[0.47143838 0.14       0.43852032] 2.4828227154388474 1.0624050740640119
[0.53298922 0.14       0.55435519] 1.9533865470512448 1.764644271527849
[0.43329863 0.14       0.53798479] 1.067643412459354 0.6178959464087718
[0.43253501 0.14       0.49606677] 2.6294670731164245 0.40436176461635065
[0.48065706 0.14       0.50638685] 0.1823240818475722 1.6811769196916653
[0.55921337 0.14       0.45192083] 2.5595848939127155 2.3606521191716983
[0.56606925 0.14       0.5425824 ] 2.9067734531043223 0.8135295615232411
[0.4648594  0.14       0.55437919] 0.9849636663341917 2.571862172599299
[0.54792074 0.14       0.55554788] 2.1295992155404715 3.0774356775326286
[0.45922206 0.14       0.5775059 ] 2.1482596649879775 1.3689139465531799
[0.5425796  0.14       0.54051809] 2.6424116853372523 0.7562361754688407
[0.46184157 0.14       0.49687727] 0.664046929762049 1.3643544942347219
[0.49869496 0.14       0.45976295] 1.2158661774682018 1.867619006080399
[0.48779406 0.14       0.51197866] 2.861523088149568 2.6422729777629392
[0.47787882 0.14       0.54619945] 2.296603617611723 2.4103112032506915
[0.49361409 0.14       0.53123168] 1.2751224779869592 1.7733885267346599
[0.50058162 0.14       0.5176364 ] 1.0779762763971177 1.1468982766458682
[0.57869154 0.14       0.51712628] 0.6107889343781506 0.5164471634522771
[0.53484712 0.14       0.49981038] 1.6824972881114733 2.1867320150602447
[0.53946218 0.14       0.43276014] 2.6150967513287244 0.54782194834448
[0.4560773 0.14      0.5521863] 2.403726366698913 0.5505231311714917
[0.53547084 0.14       0.44707994] 0.4598431677864806 1.1804571609962116
[0.43084431 0.14       0.47741957] 2.533198927051401 1.0814738384762894
[0.52121661 0.14       0.57326285] 1.8210338527457146 2.5585812227902034
[0.52568557 0.14       0.44415815] 2.1945784080233213 1.7910334664885068
[0.51360451 0.14       0.5281859 ] 2.8341459190363465 2.7923947063444645
[0.55459288 0.14       0.50653329] 2.6676795063711363 2.268935800937805
[0.44472442 0.14       0.44874123] 0.5663890777079075 0.6571223844160027
[0.47046453 0.14       0.42785545] 2.2746841405745495 1.2668050853345498
[0.54624978 0.14       0.4231278 ] 1.7588498814562066 2.3787550354338003
[0.51185153 0.14       0.42811016] 0.7447119038004313 2.084715460875487
[0.43829513 0.14       0.57459932] 1.2394123280740497 2.9046840344379827
[0.52304832 0.14       0.44814761] 2.7794713623998004 0.27478496100844274
[0.48271472 0.14       0.44630314] 1.9029888037548943 2.719677633844926
[0.42137481 0.14       0.55956219] 1.826275790247475 0.2917528856177358
[0.54371435 0.14       0.50522317] 1.4035654326276257 2.2176565825001124
[0.52477606 0.14       0.44414503] 0.44746205221304064 0.9772262135230194
[0.55605254 0.14       0.49873774] 1.8393255316810255 1.971656435326499
[0.532212   0.14       0.51730362] 1.1132508028705212 0.8918125507066871
[0.46548715 0.14       0.44784849] 2.6219692733236615 2.5473184079387066
[0.55579108 0.14       0.56586584] 1.0422130759233874 1.0322241510643
[0.51773187 0.14       0.53103765] 0.23055826317437295 0.6562924417466882
[0.49136987 0.14       0.55179039] 0.7044624290436752 2.5371125785515805
[0.45208581 0.14       0.57886074] 1.6234307573391293 1.7335867749246698
[0.54844838 0.14       0.52452074] 2.3086232631289327 1.3813821651074056
[0.45953553 0.14       0.47811872] 1.9841700320070494 0.1288384422961053
[0.50811563 0.14       0.44987157] 2.932609438448501 0.262923413753538
[0.55779638 0.14       0.55444878] 1.244826959662414 3.064292941763565
[0.43999654 0.14       0.49671553] 0.16765826297600622 1.1239276100278333
[0.44572536 0.14       0.56282841] 2.6525581851230036 2.6952761936927376
state_cur: torch.Size([4, 300, 3]), state_goal: torch.Size([1, 300, 3])
sampling: max: -0.0344, mean: -0.0470, std: 0.0099
Selected top reward seqs: tensor([-0.0369, -0.0366, -0.0357, -0.0347, -0.0344])
Batch 0/5:
reward seqs after 2 iterations: tensor([-0.0317], grad_fn=<CatBackward>)
Batch 1/5:
reward seqs after 10 iterations: tensor([-0.0340], grad_fn=<CatBackward>)
Batch 2/5:
reward seqs after 11 iterations: tensor([-0.0339], grad_fn=<CatBackward>)
Batch 3/5:
reward seqs after 15 iterations: tensor([-0.0340], grad_fn=<CatBackward>)
Batch 4/5:
reward seqs after 11 iterations: tensor([-0.0329], grad_fn=<CatBackward>)
Loss: 0.03172827884554863
Optimal set of params:
mid_point: tensor([[0.4645, 0.1400, 0.4313],
        [0.5441, 0.1400, 0.4244]])
angle: tensor([2.2726, 1.7581], grad_fn=<SelectBackward>)
z_angle: tensor([0., 0.], grad_fn=<SelectBackward>)
gripper_rate: tensor([0., 0.], grad_fn=<ClampBackward1>)
Optimal init pose seq: tensor([[0.7228, 0.1400, 0.7368, 1.0000, 0.0000, 0.0000, 0.0000],
        [0.6186, 0.1400, 0.8174, 1.0000, 0.0000, 0.0000, 0.0000]],
       grad_fn=<SliceBackward>)
EMD: tensor([0.0322], dtype=torch.float64)
Chamfer: tensor([0.0429], dtype=torch.float64)
=============== Iteration 2 -> model_loss: tensor([0.0317]); sim_loss: tensor([0.0333], dtype=torch.float64) ===============
=============== 1/2 ===============
[0.43401391 0.14       0.5607002 ] 0.31141425996653227 1.411939883040651
[0.52117973 0.14       0.49169699] 1.0383063840947984 0.9460539742570134
[0.47440889 0.14       0.51300307] 1.8182175480097271 1.7933787117695676
[0.46199133 0.14       0.47417339] 0.2213774727523555 1.793888779101864
[0.44742946 0.14       0.55334193] 1.8280671624926421 1.7539507641348178
[0.49116711 0.14       0.50882949] 1.3760438050176826 1.6771862023539363
[0.45192656 0.14       0.45469571] 1.1879238261787404 2.9554748519143192
[0.46101718 0.14       0.53466982] 0.6874267107758857 0.4951555661405694
[0.46684393 0.14       0.48741377] 2.244115591546776 1.8187834839557064
[0.57175862 0.14       0.42516121] 1.2692306121875319 2.1516046156783952
[0.49606942 0.14       0.42481397] 0.6384840843343168 0.25624797956052875
[0.53910046 0.14       0.52453566] 0.006650017050536764 1.4655571258614148
[0.51732511 0.14       0.50230591] 2.6054583247002534 1.0531082386512383
[0.48212449 0.14       0.51289981] 1.6331212420049692 1.289668943456918
[0.49172754 0.14       0.43940965] 1.0811398724097336 1.8213564120017895
[0.53896936 0.14       0.51079036] 3.031667143649863 0.28557153472653624
[0.5060997  0.14       0.49760231] 1.5657521096921851 1.0738574553894353
[0.42821217 0.14       0.55957083] 2.4387273518998778 2.477063216565663
[0.51066747 0.14       0.55853472] 1.2726983145997195 2.1497175118627716
[0.54902319 0.14       0.4255504 ] 2.655627995148312 0.3692248614072268
[0.54105628 0.14       0.4578847 ] 1.5435459351813248 1.566457890713501
[0.56920596 0.14       0.51021956] 2.2526472550236627 2.7969422541683726
[0.53117633 0.14       0.49078039] 3.12730596013809 2.4375912576447925
[0.44035919 0.14       0.42366375] 1.6445843893343222 2.29811788488383
[0.55581075 0.14       0.4659147 ] 2.3848965923930114 0.49437874984983016
[0.45766246 0.14       0.4570686 ] 0.941536260098824 0.9657465927757375
[0.56613963 0.14       0.5298977 ] 0.013820166632653959 1.2611193413345572
[0.53539408 0.14       0.57720561] 1.567011201034929 3.081893201564374
[0.51296606 0.14       0.50722457] 2.50050789463323 0.8212188920283372
[0.47676996 0.14       0.51345661] 0.42535634064602185 2.9999728734220126
[0.5005359  0.14       0.48571851] 1.2166690010142942 1.433715724506072
[0.44366079 0.14       0.48981224] 2.1251823355944417 1.1197744484072505
[0.50383383 0.14       0.5038514 ] 0.5306598386032848 1.0778570560779799
[0.42514559 0.14       0.43520831] 2.201233578584209 1.7984982159400373
[0.49323005 0.14       0.43374378] 0.16620420573727954 1.0183849995820167
[0.51044375 0.14       0.52864456] 1.9423702695479654 2.291281882758902
[0.57479148 0.14       0.46567725] 0.9161489646348226 2.3353889127717364
[0.48605875 0.14       0.44964851] 2.289519589655038 1.2104356011692439
[0.5397841  0.14       0.48530129] 1.8577687880328009 2.173695872702152
[0.51942935 0.14       0.56974636] 1.5230210022564532 1.6659861496925947
[0.44110353 0.14       0.52056389] 0.9192042319684796 2.243631076706142
[0.46501097 0.14       0.50918369] 3.104990200110111 2.771943073971684
[0.52998483 0.14       0.44932825] 0.03187658670766915 2.6374596878297973
[0.44904116 0.14       0.47044769] 2.8984973935005462 2.803519001788856
[0.43472895 0.14       0.53487838] 2.796434964829321 2.8870553117965447
[0.44710133 0.14       0.57374622] 2.5460651775799885 1.3593664643984706
[0.48360443 0.14       0.4931594 ] 1.0297981403427836 0.17475230676964376
[0.45832693 0.14       0.46641445] 1.0208504355925172 0.7674284892837377
[0.51066394 0.14       0.43266089] 0.22473921626706833 1.4515695173676668
[0.45477558 0.14       0.50322751] 1.383776670357703 1.4207548490459132
[0.51554078 0.14       0.49513543] 0.8493456350202411 1.8386539598551515
[0.48654675 0.14       0.44155849] 0.9994768756163902 2.000408762920426
[0.4576953  0.14       0.52269267] 0.8588001989562349 1.305275950393426
[0.43618163 0.14       0.57742937] 2.018171269269178 1.913075476637814
[0.45113394 0.14       0.56766542] 0.5034984966602393 0.539452431543926
[0.53270712 0.14       0.48374097] 2.8511186267089705 2.8878329701041143
[0.42256961 0.14       0.46834089] 0.9121492360029232 0.2061142429448202
[0.57881569 0.14       0.44293704] 0.896212200486842 0.08392426683806793
[0.49992652 0.14       0.4788664 ] 1.3311937664605915 2.0928073549821598
[0.55564203 0.14       0.55849574] 0.512004682313849 1.9943712509022196
[0.44780555 0.14       0.47996591] 2.174820881273208 2.114455671861206
[0.44120332 0.14       0.47165696] 2.3651421445223733 0.7814483716745257
[0.44196461 0.14       0.4451258 ] 0.8041593527886093 0.9235332417308165
[0.55693633 0.14       0.42702837] 2.3963703349920142 0.9015847268414872
[0.51247451 0.14       0.45595651] 0.24104288815235014 3.0068573669542906
[0.54150014 0.14       0.5055199 ] 2.0032136324481304 2.715475091491633
[0.43673366 0.14       0.55455389] 0.19711178536327026 2.8857823135674985
[0.49126904 0.14       0.5184575 ] 1.6808631109278422 1.261554733699561
[0.54933399 0.14       0.51403972] 2.2070799877036924 0.6547806554323128
[0.55423853 0.14       0.50757644] 1.4226944420451566 0.2929992324558494
[0.53257262 0.14       0.43658149] 0.09166410898878093 1.7378302333392708
[0.56495775 0.14       0.51480979] 0.9438887515419023 0.9861734376410812
[0.49002185 0.14       0.43094885] 1.3843513380099453 0.3785959621295798
[0.52417376 0.14       0.55413452] 2.897829146298804 2.0542894578832165
[0.50132388 0.14       0.57058955] 0.6260422858113541 1.2231368155575393
[0.54212527 0.14       0.57190367] 0.7764996077059804 2.6964295570820727
[0.44332762 0.14       0.57088622] 2.7669689029417732 0.1914355068827209
[0.47630714 0.14       0.48399669] 1.469730737835211 1.7231466470954715
[0.57782638 0.14       0.57325443] 1.2844293378471476 1.5322520299190463
[0.52410881 0.14       0.53188887] 1.6819690104721428 2.9037774257243876
[0.46160934 0.14       0.52490776] 0.5107623523014846 1.8134310287343178
[0.44197032 0.14       0.47063412] 0.6363027190051999 1.977609622606928
[0.55093378 0.14       0.51347882] 2.692568842597576 0.5035118145380962
[0.52687068 0.14       0.44333246] 0.0438155671209595 2.962563968230067
[0.54515325 0.14       0.56728354] 1.8162231892452498 2.015516404753437
[0.49526118 0.14       0.44521477] 0.3105471100471441 0.8021318802788853
[0.5221192  0.14       0.50069238] 2.8100129585840983 1.0267994919722907
[0.48971522 0.14       0.44208448] 2.7201148317834796 1.5372064019260152
[0.45010538 0.14       0.43154886] 2.0238840576672446 1.140868586097779
[0.5061496 0.14      0.4592717] 1.8500852435152009 3.0684192300536615
[0.44717406 0.14       0.56850488] 0.07715037669380671 3.0264467261283827
[0.45706771 0.14       0.43434953] 0.32714414282962206 2.6318762431114693
[0.55341838 0.14       0.57370319] 1.2270827222670893 2.8771933379391386
[0.57027199 0.14       0.45898422] 1.281788233195576 1.6190377627403398
[0.48228546 0.14       0.47464956] 3.0874909595962703 0.2343056752984691
[0.42907075 0.14       0.56627056] 0.7313114657334538 0.13727342979409266
[0.52246899 0.14       0.54667947] 1.64531632486588 0.5565244841828232
[0.4297914  0.14       0.53261614] 2.0347128035139255 2.1382215099104367
[0.42963295 0.14       0.43041237] 2.3197154954045014 3.0560211595691182
[0.5500311  0.14       0.51750206] 2.9292070988453722 0.6271277582941099
state_cur: torch.Size([4, 300, 3]), state_goal: torch.Size([1, 300, 3])
sampling: max: -0.0311, mean: -0.0437, std: 0.0058
Selected top reward seqs: tensor([-0.0363, -0.0359, -0.0355, -0.0345, -0.0311])
Batch 0/5:
reward seqs after 11 iterations: tensor([-0.0337], grad_fn=<CatBackward>)
Batch 1/5:
reward seqs after 9 iterations: tensor([-0.0321], grad_fn=<CatBackward>)
Batch 2/5:
reward seqs after 13 iterations: tensor([-0.0346], grad_fn=<CatBackward>)
Batch 3/5:
reward seqs after 11 iterations: tensor([-0.0328], grad_fn=<CatBackward>)
Batch 4/5:
reward seqs after 10 iterations: tensor([-0.0306], grad_fn=<CatBackward>)
Loss: 0.03060912899672985
Optimal set of params:
mid_point: tensor([[0.4420, 0.1400, 0.4451],
        [0.5569, 0.1400, 0.4270]])
angle: tensor([0.8042, 2.3964], grad_fn=<SelectBackward>)
z_angle: tensor([0., 0.], grad_fn=<SelectBackward>)
gripper_rate: tensor([0.0096, 0.0100], grad_fn=<ClampBackward1>)
Optimal init pose seq: tensor([[0.1645, 0.1400, 0.7332, 1.0000, 0.0000, 0.0000, 0.0000],
        [0.8509, 0.1400, 0.6983, 1.0000, 0.0000, 0.0000, 0.0000]],
       grad_fn=<SliceBackward>)
=============== 2/2 ===============
[0.43233147 0.14       0.45576638] 3.0391044315065834 1.7587253929691131
[0.50091652 0.14       0.54302242] 2.1237288698727643 0.6022549910909569
[0.53342745 0.14       0.49212174] 1.7028298285738794 0.2551717571726262
[0.54301415 0.14       0.54400777] 1.598109547838928 2.561281748608344
[0.47723976 0.14       0.49851642] 1.4901494851434058 0.0613942418578478
[0.554141   0.14       0.57644709] 2.3755209600004714 0.22479374098374386
[0.52014974 0.14       0.46304749] 1.5311063850227746 0.04011816044432918
[0.46313502 0.14       0.45470429] 3.061137971325317 2.1143269032052268
[0.44328546 0.14       0.45671167] 2.9118363672830507 0.8828235063857007
[0.5382637  0.14       0.42604274] 0.4776045430678308 1.751997068292179
[0.51218695 0.14       0.53179012] 2.1169723550727046 0.3578357595780457
[0.5371201  0.14       0.47121676] 1.4471433767421868 1.5077926786670222
[0.5723546  0.14       0.55724997] 1.5038820550225154 1.0621202661739135
[0.52983198 0.14       0.48681267] 0.4470082077768257 0.15456345488864245
[0.55974666 0.14       0.47291779] 0.6642386618607621 1.5796043252941663
[0.42563006 0.14       0.56026086] 3.1134287038004085 1.4023596598257164
[0.48693481 0.14       0.43682397] 1.5781698241140485 0.5577607951809018
[0.5472566  0.14       0.43647246] 0.9232567565375753 1.1381317193326155
[0.51760413 0.14       0.42905539] 0.8830313330026377 0.2005868506278675
[0.45108413 0.14       0.45568096] 0.37930695441929363 2.1631771577899186
[0.46237083 0.14       0.54681082] 1.82877735766442 0.5705519127496761
[0.43441976 0.14       0.47352922] 0.24657810563018068 0.7656272270015132
[0.43191436 0.14       0.46931178] 1.613438852177961 1.0787696459846805
[0.42886739 0.14       0.45134262] 2.1982756517438404 2.0995907740425594
[0.56598165 0.14       0.54351225] 0.05349491143772318 0.34076296887514657
[0.55221968 0.14       0.51788507] 1.1426976061555343 0.5784177362392522
[0.48602314 0.14       0.47934301] 1.4762248386602725 2.627470005788602
[0.50885641 0.14       0.47113966] 1.022943164969026 3.1043760669998255
[0.45706112 0.14       0.53544575] 2.3581088562895274 1.1925284420200462
[0.55918887 0.14       0.55274593] 0.22730445018730763 2.489244443029928
[0.43706831 0.14       0.5627564 ] 1.5372548529072463 2.755251925049669
[0.47206027 0.14       0.51247279] 3.0096038546721053 1.9545435234837103
[0.55836785 0.14       0.4826115 ] 0.4919743896203611 3.0649372406052766
[0.51484653 0.14       0.57136043] 1.9233615973616849 1.9543064298628867
[0.55204753 0.14       0.4700484 ] 0.9748506357473047 0.10228826594215921
[0.46212803 0.14       0.45507575] 1.4932743526621524 2.6961289436485942
[0.55481423 0.14       0.42006662] 0.5949012234090996 2.2526596611246643
[0.5701486  0.14       0.54084998] 2.200379745231214 0.05165752873768342
[0.50396031 0.14       0.44766912] 1.8436978870904026 0.33132391452767124
[0.45062704 0.14       0.42169913] 1.163915536457687 1.157943714397604
[0.57388212 0.14       0.43270272] 0.7035645171069593 1.415515075817697
[0.51030429 0.14       0.54862987] 1.3139571730332285 0.971327405723676
[0.54607165 0.14       0.43480493] 1.5259551464902121 1.1728942137889031
[0.50684397 0.14       0.47546957] 0.3319933791161425 0.4283085824585358
[0.49888601 0.14       0.54617717] 2.906667591823523 2.119436232201925
[0.42441494 0.14       0.50598848] 0.8388589918376601 0.6180323036381723
[0.55111465 0.14       0.52078443] 2.4414082417146687 1.5702609854885574
[0.49490885 0.14       0.45436884] 3.1147041139678167 2.42870658749555
[0.57967008 0.14       0.44397075] 2.067639106633534 1.191327126826306
[0.53428538 0.14       0.46837281] 0.32148419569278425 2.0640060775025373
state_cur: torch.Size([4, 300, 3]), state_goal: torch.Size([1, 300, 3])
sampling: max: -0.0340, mean: -0.0407, std: 0.0040
Selected top reward seqs: tensor([-0.0349, -0.0348, -0.0347, -0.0343, -0.0340])
Batch 0/5:
reward seqs after 10 iterations: tensor([-0.0347], grad_fn=<CatBackward>)
Batch 1/5:
reward seqs after 17 iterations: tensor([-0.0338], grad_fn=<CatBackward>)
Batch 2/5:
reward seqs after 8 iterations: tensor([-0.0341], grad_fn=<CatBackward>)
Batch 3/5:
reward seqs after 10 iterations: tensor([-0.0328], grad_fn=<CatBackward>)
Batch 4/5:
reward seqs after 7 iterations: tensor([-0.0338], grad_fn=<CatBackward>)
Loss: 0.03275175765156746
Optimal set of params:
mid_point: tensor([[0.5334, 0.1400, 0.4921]])
angle: tensor([1.7028], grad_fn=<SelectBackward>)
z_angle: tensor([0.], grad_fn=<SelectBackward>)
gripper_rate: tensor([0.0095], grad_fn=<ClampBackward1>)
Optimal init pose seq: tensor([[0.5861, 0.1400, 0.8886, 1.0000, 0.0000, 0.0000, 0.0000]],
       grad_fn=<SliceBackward>)
EMD: tensor([0.0352], dtype=torch.float64)
Chamfer: tensor([0.0434], dtype=torch.float64)
=============== Iteration 3 -> model_loss: tensor([0.0328]); sim_loss: tensor([0.0360], dtype=torch.float64) ===============
torch.Size([2, 11, 14]) torch.Size([2, 40, 12])
Best init pose: tensor([[0.0774, 0.1400, 0.5593, 1.0000, 0.0000, 0.0000, 0.0000],
        [0.6653, 0.1400, 0.8778, 1.0000, 0.0000, 0.0000, 0.0000]])
Best model loss: tensor([0.0286]); Best sim loss: tensor([0.0327], dtype=torch.float64)
