ENV:
  loss:
    soft_contact: False
    target_path: envs/assets/Chopsticks3D-v1.npy
    weight:
      contact: 1
      density: 10
      sdf: 10
  n_observed_particles: 200
PRIMITIVES: [{'shape': 'Capsule', 'h': 0.2, 'r': 0.045, 'init_pos': '(0.35, 0.4, 0.5)', 'init_rot': '(1., 0., 0., 0.)', 'color': '(0.8, 0.8, 0.8)', 'friction': 1.0, 'action': {'dim': 6, 'scale': '(0.02, 0.02, 0.02, 0.04, 0.04, 0.04)'}}, {'shape': 'Capsule', 'h': 0.2, 'r': 0.045, 'init_pos': '(0.65, 0.4, 0.5)', 'init_rot': '(1., 0., 0., 0.)', 'color': '(0.8, 0.8, 0.8)', 'friction': 1.0, 'action': {'dim': 6, 'scale': '(0.02, 0.02, 0.02, 0.04, 0.04, 0.04)'}}, {'shape': 'Capsule', 'h': 0.13, 'r': 0.025, 'init_pos': '(0.5, 0.1, 0.5)', 'init_rot': '(1., 0., 0., 0.)', 'color': '(0.2, 0.2, 0.2)', 'friction': 15.0}]
RENDERER:
  bake_size: 6
  camera_pos: (0.5, 1.2, 4.0)
  camera_pos_1: (0.5, 2.5, 2.2)
  camera_pos_2: (0.5, 2.5, 2.2)
  camera_pos_3: (0.5, 2.5, 2.2)
  camera_pos_4: (0.5, 2.5, 2.2)
  camera_rot: (0.2, 0)
  camera_rot_1: (0.8, 0.0)
  camera_rot_2: (0.8, 0.0)
  camera_rot_3: (0.8, 0.0)
  camera_rot_4: (0.8, 0.0)
  dx: 0.006666666666666667
  image_res: (512, 512)
  light_direction: (2.0, 1.0, 0.7)
  max_num_particles: 1000000
  max_ray_depth: 2
  sdf_threshold: 0.20720000000000002
  spp: 50
  target_res: (64, 64, 64)
  use_directional_light: False
  use_roulette: False
  voxel_res: (168, 168, 168)
SHAPES: [{'shape': 'box', 'width': '(0.25, 0.2, 0.25)', 'init_pos': '(0.5, 0.1, 0.5)', 'n_particles': 20000, 'color': '((150<<8)+ (150<<16))'}]
SIMULATOR:
  E: 5000.0
  dim: 3
  dtype: float64
  gravity: (0, -5, 0)
  ground_friction: 100.0
  max_steps: 1024
  n_particles: 9000
  nu: 0.2
  quality: 1
  yield_stress: 4000.0
VARIANTS: [{'ENV': {'loss': {'target_path': 'envs/assets/gripper-v1.npy'}}}]
Building primitive
action:
  dim: 6
  scale: (0.02, 0.02, 0.02, 0.04, 0.04, 0.04)
color: (0.8, 0.8, 0.8)
friction: 1.0
h: 0.2
init_pos: (0.35, 0.4, 0.5)
init_rot: (1.0, 0.0, 0.0, 0.0)
lower_bound: (0.0, 0.0, 0.0)
r: 0.045
shape: Capsule
upper_bound: (1.0, 1.0, 1.0)
variations: None
Building primitive
action:
  dim: 6
  scale: (0.02, 0.02, 0.02, 0.04, 0.04, 0.04)
color: (0.8, 0.8, 0.8)
friction: 1.0
h: 0.2
init_pos: (0.65, 0.4, 0.5)
init_rot: (1.0, 0.0, 0.0, 0.0)
lower_bound: (0.0, 0.0, 0.0)
r: 0.045
shape: Capsule
upper_bound: (1.0, 1.0, 1.0)
variations: None
Building primitive
action:
  dim: 0
  scale: ()
color: (0.2, 0.2, 0.2)
friction: 15.0
h: 0.13
init_pos: (0.5, 0.1, 0.5)
init_rot: (1.0, 0.0, 0.0, 0.0)
lower_bound: (0.0, 0.0, 0.0)
r: 0.025
shape: Capsule
upper_bound: (1.0, 1.0, 1.0)
variations: None
{'width': (0.25, 0.2, 0.25), 'init_pos': (0.5, 0.1, 0.5), 'n_particles': 20000, 'color': 9868800}
Initialize Renderer
bake_size: 6  
camera_pos: (0.5, 1.2, 4.0)  
camera_pos_1: (0.5, 2.5, 2.2)  
camera_pos_2: (0.5, 2.5, 2.2)  
camera_pos_3: (0.5, 2.5, 2.2)  
camera_pos_4: (0.5, 2.5, 2.2)  
camera_rot: (0.2, 0)  
camera_rot_1: (0.8, 0.0)  
camera_rot_2: (0.8, 0.0)  
camera_rot_3: (0.8, 0.0)  
camera_rot_4: (0.8, 0.0)  
dx: 0.006666666666666667  
image_res: (512, 512)  
light_direction: (2.0, 1.0, 0.7)  
max_num_particles: 1000000  
max_ray_depth: 2  
sdf_threshold: 0.20720000000000002  
spp: 50  
target_res: (64, 64, 64)  
use_directional_light: False  
use_roulette: False  
voxel_res: (168, 168, 168)
[Taichi] materializing...
model_kp #params: 443560
GT shape: init pose: (1, 3, 11, 14); actions: (1, 3, 40, 12)
GT init pose: [[0.86783522 0.14       0.5624547  1.         0.         0.
  0.        ]
 [0.39378917 0.14       0.85976597 1.         0.         0.
  0.        ]
 [0.67824562 0.14       0.81781338 1.         0.         0.
  0.        ]]
=============== 1/2 ===============
[0.47992642 0.14       0.57211429] 2.2996267900669447 1.8807410959626114
[0.44495912 0.14       0.42929338] 2.721172616281258 1.888458504855007
[0.42329352 0.14       0.57518558] 2.615195684873492 0.6670829901766624
[0.44934472 0.14       0.46867876] 1.648570950539833 1.356995297320777
[0.51789646 0.14       0.44231902] 0.9177994816238134 1.1509596754470768
[0.54562815 0.14       0.45194781] 1.615515133943075 1.8611252574165573
[0.51720718 0.14       0.44728386] 0.20436560662686745 2.981011832932676
[0.54934358 0.14       0.4687382 ] 0.3068459958230403 2.1495814494341023
[0.43952612 0.14       0.49922831] 0.10803472530338759 2.8567142949300184
[0.52600357 0.14       0.46987377] 1.6338418746991914 1.717540997226871
[0.57513354 0.14       0.54402125] 2.951522972873443 2.811183030334721
[0.56749988 0.14       0.4341588 ] 0.6156983208054857 0.14208571858312952
[0.48218837 0.14       0.46341585] 2.603555670506005 1.1207736302842994
[0.50683137 0.14       0.44254788] 2.5201761414688035 0.23420775450475836
[0.54355916 0.14       0.45179451] 0.017348242587771696 2.561847632919546
[0.53664115 0.14       0.54340326] 0.232618133925433 1.1261532993583998
[0.55809655 0.14       0.5197277 ] 1.0395468039644555 0.19967444633285858
[0.47202933 0.14       0.53673699] 2.0029458682508223 2.7872610342490396
[0.43913508 0.14       0.53411917] 2.3900767196957986 1.7633043205117962
[0.4990073  0.14       0.50363725] 1.3431597223835183 0.07985654183991728
[0.42502867 0.14       0.52182567] 0.9875784407613999 1.5977219471941138
[0.45988676 0.14       0.48566127] 2.3736339062582457 0.7187906358633028
[0.46636023 0.14       0.44579541] 2.920731314659105 2.5387850476557676
[0.55943369 0.14       0.54858753] 0.5861271263761852 2.8040567925515774
[0.54919042 0.14       0.56337461] 0.9990373807876332 0.3457383176095677
[0.48833725 0.14       0.55088236] 2.7040648770781863 0.02184076220358602
[0.48678576 0.14       0.45553725] 0.3765681574353399 1.0606493422220964
[0.47171247 0.14       0.5030065 ] 2.2085991965994354 1.1423760874625675
[0.57399157 0.14       0.46028517] 1.5621522531200192 0.9452370877448774
[0.42590191 0.14       0.51753029] 1.5792127264894842 0.16172526674294294
[0.56532254 0.14       0.4583299 ] 0.4552006657046192 1.5376611959672382
[0.45872884 0.14       0.52754169] 2.392698588346583 0.7465603624236441
[0.4788453  0.14       0.52116893] 1.9902922851572933 1.6831858114686535
[0.5536484  0.14       0.47132481] 0.5859651820306935 0.1280988851575302
[0.5284103  0.14       0.42265405] 1.6087877899073508 0.7115574634309672
[0.44789863 0.14       0.53055004] 1.2149649228212729 2.942824051012575
[0.47457062 0.14       0.43815576] 2.905010678005297 2.7562428672869093
[0.52559745 0.14       0.55075555] 1.7442147909879617 1.663946365932815
[0.43489644 0.14       0.56355452] 2.8287467535439133 1.9889468871466909
[0.47587353 0.14       0.53615291] 2.8183550021270456 2.7868641935705307
[0.52272506 0.14       0.43346239] 0.5077715808088037 2.82289123752901
[0.42147153 0.14       0.43623545] 2.0844522834736994 0.015901434626809395
[0.50779741 0.14       0.53070323] 2.0481967032785184 0.7045628150269505
[0.45795985 0.14       0.47206395] 2.345171914286707 2.040881943176969
[0.52521806 0.14       0.51092938] 0.29428796243546484 1.1552132655003875
[0.45903834 0.14       0.57568169] 1.2349529239559578 2.8024469044045013
[0.54716981 0.14       0.50042193] 1.8123970057695833 1.54728996866433
[0.53559234 0.14       0.46492358] 0.0763908615059914 2.0278110229176955
[0.57047337 0.14       0.57262857] 2.8741312473474667 1.1628878533848503
[0.56853097 0.14       0.48850946] 3.036835678064763 3.0273014408759615
[0.46711182 0.14       0.48161564] 2.6739247144382268 0.9956398431599084
[0.5090882  0.14       0.56978476] 2.1866420959136925 1.7908999840495505
[0.51840116 0.14       0.57840862] 0.44008691315242454 1.6283806280036668
[0.53852298 0.14       0.53152252] 2.206918837517658 1.1293747597025203
[0.54949778 0.14       0.54961814] 2.7239880261823224 2.8690298108716936
[0.50024261 0.14       0.54772723] 2.041921910029772 2.2052939846561688
[0.56240085 0.14       0.47407923] 1.1799286448272113 0.29525297177419196
[0.42575076 0.14       0.49449568] 1.7047683979072397 0.900195892636639
[0.42488004 0.14       0.42597571] 2.5842758782072273 1.131572272949419
[0.50355892 0.14       0.54319897] 0.6780217544742833 1.9568681428240218
[0.42826908 0.14       0.50501674] 1.698455326322935 2.0025450957252313
[0.57613633 0.14       0.50260806] 1.014597682821489 2.4981511077213816
[0.49023543 0.14       0.43255302] 0.07964170927704113 3.02424918754203
[0.53135587 0.14       0.48543247] 0.5444201628434073 0.4914614640047969
[0.50787627 0.14       0.53433535] 2.0740712286156775 0.8794382741361363
[0.53806351 0.14       0.50869665] 1.9217774024183072 1.3182124735689633
[0.47695563 0.14       0.54125538] 0.04521847813876925 0.3646529546992971
[0.42651661 0.14       0.55687369] 2.210606361669002 1.489661017985283
[0.49865854 0.14       0.49575548] 0.5441297220973187 1.3629851539938318
[0.51853602 0.14       0.52161498] 0.14232674427801525 1.1768802380525862
[0.5005018  0.14       0.55703837] 2.069347074060459 0.5118735991358814
[0.52278708 0.14       0.42424181] 1.8402682627810032 2.953820419143604
[0.48210719 0.14       0.52292611] 1.4396439142544366 1.714105696990191
[0.48177642 0.14       0.57379049] 2.844242925691973 0.6150959906920627
[0.43612448 0.14       0.42291549] 0.2967013116940938 2.145729061716895
[0.4710361  0.14       0.55518005] 0.07311094234248432 2.558728201481827
[0.43890637 0.14       0.53147795] 1.9758822269715344 2.756659631427233
[0.54855695 0.14       0.46512553] 0.5574427671947016 2.3581257894310474
[0.57848082 0.14       0.48601883] 1.168729285329145 2.4391732536189576
[0.56892117 0.14       0.55734604] 1.3477244848352563 2.358931030366892
[0.43649982 0.14       0.56440847] 1.587297141491002 2.5963927040285166
[0.56328372 0.14       0.48227227] 0.03404748627267187 2.844341365811366
[0.47109018 0.14       0.57200991] 2.9864204292689793 1.8015082566181613
[0.49175128 0.14       0.46691372] 1.0325301212295572 2.1127790410151737
[0.54665265 0.14       0.5463389 ] 0.2865324233003193 1.553267197039257
[0.50792462 0.14       0.49064488] 2.7888049391144056 1.1024320254679805
[0.44287867 0.14       0.5418417 ] 1.9421893260308754 0.3176862564186978
[0.53215506 0.14       0.43164208] 2.581949524545455 2.2187253924897425
[0.43357403 0.14       0.57786233] 1.1758063824006335 1.1644066463360923
[0.57155977 0.14       0.57776017] 2.3668073721843013 1.1820543497466653
[0.54434351 0.14       0.50934468] 1.332732747741402 2.847396277762517
[0.49882002 0.14       0.42181658] 1.4723408299154233 0.17688195725510106
[0.4388042  0.14       0.52387365] 2.343769111948538 1.8327070267629864
[0.47997929 0.14       0.46571393] 2.7287846400345073 0.7024470436659621
[0.42194472 0.14       0.57518061] 0.13559086231351222 2.799608659290994
[0.57887437 0.14       0.43180745] 1.7399845510344214 3.0451537250069203
[0.52070378 0.14       0.53131979] 1.4279828698293187 1.9715318540930087
[0.56418528 0.14       0.42727142] 0.882671892352107 2.9858057362622894
[0.49290508 0.14       0.51922122] 0.8714186866975726 0.5910000533729606
[0.47653636 0.14       0.51338498] 0.24421056441866593 3.061151569460068
[0.53170587 0.14       0.50577542] 0.9724096854082876 2.556612455439311
[0.44601871 0.14       0.56574835] 2.584076959671431 2.983884429978131
[0.51814643 0.14       0.48691889] 2.9302529510989177 2.720819952793885
[0.42421872 0.14       0.48023414] 2.5464283893269437 3.101619434920396
[0.51506091 0.14       0.48094254] 3.0470759467853257 2.64559462237209
[0.49499091 0.14       0.48637112] 0.8589336486170028 0.17710884612102862
[0.55006416 0.14       0.57995483] 3.1310269656483487 1.7449401658920631
[0.57116252 0.14       0.55594358] 0.7770669793158105 1.4154261456081556
[0.57264816 0.14       0.51698794] 0.7183025580658384 2.110209935540676
[0.47730603 0.14       0.43816921] 2.1098094176221602 1.6345948507655523
[0.50322616 0.14       0.55634904] 1.7338664701598903 1.76223861049513
[0.48455726 0.14       0.44144244] 0.09042344445663866 2.372333654876199
[0.53265276 0.14       0.45407427] 0.4284236258625957 0.04569341481113755
[0.51438683 0.14       0.48275905] 1.3743680011595147 2.840498312300898
[0.50223832 0.14       0.54538448] 1.2457758917745587 1.9543430073318033
[0.5719233  0.14       0.44353176] 2.9109608761145638 1.5460289310505186
[0.49346172 0.14       0.57680521] 1.5476053851134053 1.0328036437350505
[0.4584233  0.14       0.43213813] 0.4048875875511911 0.40226786699247963
[0.44221235 0.14       0.52253996] 0.5713931369826449 1.0859457978765903
[0.49583386 0.14       0.52680924] 0.5413588414345797 0.6040937688553096
[0.44702961 0.14       0.46457445] 0.5560948370121994 0.2786672284059665
[0.4937246  0.14       0.45301339] 1.1443875193928086 1.5815319998078414
[0.42628994 0.14       0.54790566] 1.9726072508108055 0.25685357413518917
[0.56733958 0.14       0.42977247] 0.8698367853624748 2.532756017912571
[0.44952336 0.14       0.45349589] 1.1638724364893682 1.5221738507715088
[0.47902618 0.14       0.49400555] 2.3482492080128803 0.11524368071124623
[0.53413593 0.14       0.56323309] 1.6074820931581932 1.6716838161855763
[0.49158598 0.14       0.50521876] 0.761743552931084 0.8458525563793553
[0.42321139 0.14       0.47153267] 0.6642835053965478 1.0288632756722458
[0.56248436 0.14       0.51497479] 2.1334628568601195 2.4792545656331715
[0.43390725 0.14       0.50593705] 1.8436157451988147 2.3418671757933294
[0.44041285 0.14       0.46540414] 1.1406566750144638 2.029208860194344
[0.47697548 0.14       0.57784244] 1.9030977222212806 0.7452699461524761
[0.44445746 0.14       0.45935324] 0.5047954218009395 0.5861175921616925
[0.44773978 0.14       0.56348247] 0.2520617459406071 1.6478011281980862
[0.57718058 0.14       0.43792622] 1.2499002271516682 3.0456811910504125
[0.55073153 0.14       0.46126445] 0.5368591891343145 2.1006046275872166
[0.50908206 0.14       0.51145803] 0.8795802638018774 2.4174333459050503
[0.47178868 0.14       0.48806983] 1.5947050365610167 0.7615526345138837
[0.51769921 0.14       0.46618089] 1.8260137264068763 0.48494477229360694
[0.50521431 0.14       0.42829177] 1.057473527540916 0.42227616160612685
[0.57839364 0.14       0.47157662] 2.5442956094270257 0.7999772103111352
[0.54163646 0.14       0.5153022 ] 1.4815002895570526 1.2938363903327634
[0.56872466 0.14       0.55289911] 3.0317214530663694 0.390491244163796
[0.57013447 0.14       0.44899729] 0.20890418505061087 2.328299187233347
[0.5546926  0.14       0.44236358] 2.498405944579134 0.6334309074249922
[0.44628253 0.14       0.55033196] 2.0897787017275307 1.64325849580149
[0.56035209 0.14       0.48279122] 2.5654227999694497 1.3795830026990237
[0.49402877 0.14       0.46822046] 2.348684136516529 1.5793426843243275
[0.56393193 0.14       0.4814226 ] 1.7076216753134197 2.8477661244902523
[0.43870369 0.14       0.57037314] 1.9720030081283184 1.052137018652676
[0.54704403 0.14       0.51921164] 1.6759174475288006 2.8082463720112925
[0.44426798 0.14       0.46987553] 0.7806516561379725 2.3371762074116846
[0.51118235 0.14       0.54199339] 2.754440483370689 1.0746815086930446
[0.43770108 0.14       0.55543237] 0.40051744499814573 1.2481148333890433
[0.44398679 0.14       0.45668022] 2.2690233629000165 2.262061493529386
[0.53103175 0.14       0.50683591] 0.7910500736429064 1.0860359935673383
[0.56535209 0.14       0.51334269] 1.2593118660857114 1.4514340386442557
[0.44453622 0.14       0.51379677] 1.5892961571176842 1.9209401340478534
[0.55953983 0.14       0.56913893] 1.7754182578636706 2.1885931104089216
[0.53315818 0.14       0.44440625] 1.810463278649369 1.9060515325387706
[0.53783108 0.14       0.56949872] 2.9077592405419583 1.4163536571522617
[0.57757459 0.14       0.55422369] 0.3916393634449895 2.8929100935485317
[0.50301409 0.14       0.51460407] 1.2535039632408649 0.17203876222183126
[0.54845655 0.14       0.42074112] 1.0477185477631796 1.2508838426747528
[0.5671769  0.14       0.47541536] 1.0899856302166453 2.3169285030748887
[0.45593677 0.14       0.49239032] 0.442515380431727 0.5541360609967931
[0.48702807 0.14       0.56637534] 1.1384940111705752 1.8239720959933188
[0.42209511 0.14       0.52616598] 0.5593164855927669 3.0192914489452507
[0.48633986 0.14       0.43365595] 3.1317728261520497 1.577692155126082
[0.43073224 0.14       0.53999368] 0.6594378692165006 2.821320758231748
[0.45051004 0.14       0.42584795] 1.4830420467601497 1.774500754703169
[0.54408442 0.14       0.49252621] 1.6474206177334985 1.3846970077571945
[0.50954245 0.14       0.44483844] 0.571544078245269 2.7073793759453837
[0.47972949 0.14       0.46331915] 2.0231842339548742 1.284076269192893
[0.44498442 0.14       0.53455556] 2.0700706151793593 0.08512457099066784
[0.45697197 0.14       0.52750284] 0.06192248060741468 0.3270667563383879
[0.44856715 0.14       0.52443938] 0.7482732751479823 0.312404348955496
[0.53556271 0.14       0.55691143] 2.608212627387974 1.2477888587762016
[0.45279749 0.14       0.46690364] 2.815922022615344 0.04084674738386474
[0.4532618  0.14       0.42424515] 0.569996229978975 1.8316790846799105
[0.56282747 0.14       0.55079097] 1.0738508809635658 0.8150027526367892
[0.51444719 0.14       0.46289018] 1.9608216236449323 1.2862046388180604
[0.48978024 0.14       0.46711452] 2.9796539414252563 2.3989383531709043
[0.55895488 0.14       0.49798899] 2.8103187042628672 2.5128193960192693
[0.42359509 0.14       0.46298838] 1.7015940697114564 1.9901305216149643
[0.44229697 0.14       0.55358884] 3.0925906590760515 1.6515044147863969
[0.46356917 0.14       0.42294251] 2.872354413876379 0.36992593695991016
[0.46384884 0.14       0.50866848] 2.0464975064448265 2.6067107549028887
[0.42175933 0.14       0.4419017 ] 2.8274919533238703 2.7454066477154124
[0.5160827  0.14       0.52640587] 0.550945120574078 2.872709851672601
[0.48130216 0.14       0.50302683] 0.14754793618925524 0.5223946096982616
[0.43324779 0.14       0.51650434] 0.7707869605396342 1.223008241149001
[0.47690763 0.14       0.53504734] 0.9334353990237623 1.7794126569159014
[0.52618739 0.14       0.56989276] 2.30144311882059 0.6752551143405303
[0.46196225 0.14       0.51521247] 0.1615589578469998 1.5593805556973392
[0.47347902 0.14       0.54334595] 0.33488828893056266 0.23605230310825015
[0.49927861 0.14       0.53014438] 1.3660503725375306 0.774094817453566
[0.54790654 0.14       0.53115144] 0.8549691638318369 1.8542643269593284
[0.43465313 0.14       0.56677017] 0.4298284057692225 2.985258689930038
[0.44962127 0.14       0.50670415] 2.7424402249711255 2.300352323919898
[0.52540534 0.14       0.53076425] 2.667826820418005 0.78435518246841
[0.45539351 0.14       0.57802688] 2.965849886112295 0.12386298094976866
[0.56803973 0.14       0.44889206] 1.784252563945502 2.8760913101500187
[0.53158724 0.14       0.46757584] 2.904076296401263 3.0506694492193156
[0.49587427 0.14       0.55792682] 2.6532301860314553 1.0024837024980382
[0.42592122 0.14       0.51540318] 0.722594073483778 0.3787720426240988
[0.5314062  0.14       0.47437999] 2.276921965000749 0.20532300011946822
[0.50631861 0.14       0.54651571] 1.0013905215247498 1.9662957501597116
[0.51853811 0.14       0.45727352] 0.07665731607986916 2.733496230143913
[0.55995227 0.14       0.50462994] 2.950168182871589 2.509451545317231
[0.47611389 0.14       0.54275013] 1.262703205445429 1.507573723383605
[0.55978834 0.14       0.57745336] 2.4136021129451213 1.312453053770743
[0.53801317 0.14       0.45820434] 0.34706466222543714 1.114078365244425
[0.4674093  0.14       0.45737724] 0.1322396553277565 0.05615262204923626
[0.4884437  0.14       0.48149226] 2.1351749103408135 0.6856648107342961
[0.5458152  0.14       0.43430576] 1.3118686974862575 2.761831616673589
[0.49478424 0.14       0.51814582] 0.524752617942977 3.1138480743406136
[0.57083708 0.14       0.52394346] 1.9092614501076308 1.6106584597893532
[0.44824449 0.14       0.45527779] 0.585713074700438 2.4491368550099786
[0.42925483 0.14       0.57505642] 2.776495243547452 2.9146197572372383
[0.44782324 0.14       0.48339872] 2.382076424941096 2.186613260424821
[0.5505333  0.14       0.45591049] 0.7031437744707426 1.686954902127567
[0.51281379 0.14       0.43463789] 2.7566245998521657 0.8344071425898152
[0.56219969 0.14       0.57290424] 2.7084537888580127 2.543169753318523
[0.50813718 0.14       0.43391788] 1.2831936135180535 1.1708355071231602
[0.53574722 0.14       0.49934012] 0.25461419649671896 0.691725929689405
[0.43218094 0.14       0.55619311] 1.5555486917176018 1.5098072607432604
[0.55194895 0.14       0.47564947] 2.1300505638947707 1.7772993819901026
[0.5605808  0.14       0.54758816] 2.0685874465056306 2.672181311400174
[0.53333808 0.14       0.55392213] 2.1911712200687563 2.136725251969052
[0.54043466 0.14       0.44537682] 2.7673371058614173 2.73897722184423
[0.55213068 0.14       0.44061918] 1.0528069306199488 2.3358000758490722
[0.55087472 0.14       0.55314147] 1.5942569043169041 0.020061807672371215
[0.51870831 0.14       0.57698979] 1.9849007349142216 0.8161970216474846
[0.50639766 0.14       0.54477526] 0.33608958901511554 2.3908396676772203
[0.57407872 0.14       0.47469955] 1.9874402919696785 2.9280526492094836
[0.56995656 0.14       0.53006172] 0.21311640652594463 0.9455049309182978
[0.4307761  0.14       0.51314727] 1.0866236707245889 1.9506636291182087
[0.55944589 0.14       0.57575824] 3.043819552391363 2.355100687353704
[0.54132211 0.14       0.42393391] 0.069503186954813 1.0166514871067818
[0.54326519 0.14       0.52932726] 1.400844666568999 0.8596235246167475
[0.48818901 0.14       0.49222192] 0.5140393946080378 2.4969678393557966
[0.45532314 0.14       0.43318097] 2.1378516081709003 2.0562076224777495
[0.57213817 0.14       0.44416926] 1.358219834846643 2.9644568426089015
[0.52216415 0.14       0.4836151 ] 0.8614724652012203 3.09125695012716
[0.56305587 0.14       0.45679274] 0.6694881726106289 0.09781060606623661
[0.47896421 0.14       0.55829732] 1.4866327664681074 3.041669360390809
[0.55897971 0.14       0.5442555 ] 2.4219224036256457 2.6539647833278845
[0.52019525 0.14       0.44099918] 0.10218400653906001 2.892928833771734
[0.54744597 0.14       0.49704358] 0.36853454465018176 0.3932827651173509
[0.48884894 0.14       0.45208396] 1.5443898165877024 0.20171832501005055
[0.46303894 0.14       0.54760946] 0.9750308501080365 1.430116276121437
[0.4315915  0.14       0.48279897] 1.5077723173197612 1.8850201459745255
[0.5311971  0.14       0.55761958] 2.449974137602083 0.12446621065825589
[0.43678883 0.14       0.4587272 ] 3.0996919545799213 0.4476629507486832
[0.51890492 0.14       0.5323944 ] 1.7581881926336886 0.030696022471454174
[0.50283386 0.14       0.43405864] 1.101526991237496 0.10431064265529988
[0.48350772 0.14       0.44123452] 1.7829821595106305 2.1660180819491477
[0.45202404 0.14       0.44679721] 0.3285095589963023 1.9994045964886078
[0.42505378 0.14       0.56979396] 0.16327260291709705 1.7005325903969204
[0.55935506 0.14       0.53425391] 2.518703055948685 1.0664142311521203
[0.43281838 0.14       0.56317066] 1.7203121860863564 2.567616669909491
[0.52297243 0.14       0.50422443] 2.2983562669898205 0.25644815185996706
[0.45953652 0.14       0.44552715] 2.738788848326369 0.6886810522481578
[0.47390333 0.14       0.44913887] 2.4809110285896394 2.069391508376027
[0.50885817 0.14       0.53507228] 0.7177117370441646 3.13007531120621
[0.52405211 0.14       0.45192679] 2.1370000491864416 0.2268179912498502
[0.46122926 0.14       0.49401967] 2.727758524304972 2.284469007495557
[0.48807893 0.14       0.4753496 ] 1.1656526519894723 3.1027926137543633
[0.55872504 0.14       0.51258807] 1.377950978677225 2.2784641379199138
[0.55974772 0.14       0.5641123 ] 1.324875365730726 0.8696801741030828
[0.56597814 0.14       0.45370595] 1.9571072423549694 1.9841049477422155
[0.44105083 0.14       0.53453199] 2.8558098887973897 0.5644911348009272
[0.57542322 0.14       0.44895631] 2.684129932666499 1.5465364973420768
[0.55931998 0.14       0.49124884] 1.6173464170460512 1.1285649142306122
[0.44616382 0.14       0.48257305] 3.04549863014796 0.8109500958197775
[0.47203041 0.14       0.5437557 ] 0.4111517310611709 3.046782670515532
[0.45776807 0.14       0.43175948] 0.5333101875118114 1.6329180183109442
[0.55262134 0.14       0.488942  ] 0.7813589316042273 1.9388181561149922
[0.44672671 0.14       0.44681907] 0.11520668545107347 2.3134751606189363
[0.49594094 0.14       0.55506727] 2.531087433724452 1.8389449709355592
[0.45293459 0.14       0.43790714] 0.8474433978504752 0.17934364770672928
[0.56985691 0.14       0.42629497] 0.38361960878438156 1.4206251452156833
[0.47058498 0.14       0.50115757] 0.13060498858143577 0.4660339103524927
[0.57441899 0.14       0.4207904 ] 2.990204912685832 2.0078545014039415
[0.49275838 0.14       0.50249536] 1.5357568252676337 2.0950158524484532
[0.42479577 0.14       0.46926879] 2.2138199073395013 0.6341413222911936
[0.57518593 0.14       0.43502411] 2.11304187340499 1.3940824289961002
[0.44834397 0.14       0.53082015] 2.6330168368197846 2.967593092376048
[0.49954796 0.14       0.51885556] 2.7297455159058943 1.7926233881072804
[0.56895179 0.14       0.53032428] 2.125329482812955 0.6775634743345273
[0.4830183  0.14       0.52419728] 0.3348718809394578 2.0666819761394377
[0.42771393 0.14       0.57634787] 1.2783390600941744 2.735552642667498
[0.5107226  0.14       0.53815187] 2.759938033448628 1.2696442655183011
[0.52681494 0.14       0.54925535] 2.3947893793549215 2.506405498187953
[0.55085347 0.14       0.43923345] 1.7105629501135382 0.018091365515416465
[0.47863385 0.14       0.48338763] 2.184874667349485 1.220691276443717
[0.45800706 0.14       0.47972029] 0.7139885913940073 0.22995177638366107
[0.52691405 0.14       0.51911846] 1.456109482986504 1.1931322169489365
[0.50305309 0.14       0.4966691 ] 0.0805569255603644 1.072061668323809
[0.48381164 0.14       0.51282758] 1.6763618407339658 1.9097901735997072
[0.55007772 0.14       0.53489969] 3.00186622354299 0.057279347792026224
[0.42121006 0.14       0.52359595] 2.821246175280488 0.764922194203273
[0.42964278 0.14       0.56950976] 1.104655251067537 0.3186229295770493
[0.46108425 0.14       0.46557966] 0.9653798963342871 2.5227802612734433
[0.46980923 0.14       0.51765341] 2.249853697002962 0.8564735578967281
[0.43950177 0.14       0.4489839 ] 2.1397948462452354 0.5700053802000522
[0.5334474  0.14       0.43710031] 1.7822639014778827 0.8060157564607515
[0.4973673  0.14       0.54895881] 1.7285876626482266 0.1363844942904254
[0.57222453 0.14       0.51625789] 2.573557702677806 2.7778165295119708
[0.45392717 0.14       0.51775696] 1.2912840211609977 2.6385020991204406
[0.47654742 0.14       0.45789929] 2.4520932246295044 0.8633286224401598
[0.48779812 0.14       0.52680798] 0.30013304010138886 1.9599118712774113
[0.51385735 0.14       0.44688227] 2.3149571437398415 2.71055696034855
[0.43531433 0.14       0.42378217] 2.016812949606581 1.9072421638146904
[0.45711154 0.14       0.48254496] 1.8676024873538646 1.560639114338844
[0.44183036 0.14       0.53122313] 1.2702048715849192 1.3452287645202896
[0.53078978 0.14       0.57860096] 0.4033625565119613 0.32707010967310607
[0.51254191 0.14       0.46386571] 0.24950330616853736 0.269103327651507
[0.45069877 0.14       0.47173945] 0.7120620881253987 1.1152537864531298
[0.50304957 0.14       0.43081801] 2.514394125227513 0.7342281595849923
[0.56081265 0.14       0.52414038] 1.674336266903152 1.0189245360984696
[0.52711791 0.14       0.5790623 ] 2.079229136688628 1.7523282863038796
[0.4944329  0.14       0.42962277] 1.766507545898974 3.008468558693938
[0.53040078 0.14       0.45214939] 1.6833523171306617 0.3037180239852779
[0.54098613 0.14       0.47561144] 2.088881788934765 2.4989797531153024
[0.45754273 0.14       0.48389055] 0.4788290277682834 3.1179788791898213
[0.50639314 0.14       0.55472533] 1.6366377542268462 1.9590522163132067
[0.54084327 0.14       0.44043416] 2.5951679985696727 2.456813695126159
[0.42578566 0.14       0.46850054] 0.8265925166990348 1.1314018920027447
[0.56991325 0.14       0.50860836] 0.9598329298563325 1.2471542176514998
[0.51609509 0.14       0.50250871] 2.888355068819837 1.561256826999353
[0.55622799 0.14       0.45336168] 2.923551089791144 0.3655758207217185
[0.48089973 0.14       0.56047589] 2.727080520541038 2.531889316350933
[0.46874866 0.14       0.43294709] 1.2659995691509327 0.5451433414993476
[0.47537596 0.14       0.57609763] 2.0136731693442838 2.5838988964341008
[0.55792232 0.14       0.56764115] 1.5301501460049172 1.904599775455701
[0.44797418 0.14       0.50041057] 1.2524368393073626 0.45984745845353175
[0.43090757 0.14       0.42412991] 0.4246374210217849 3.0257153591298622
[0.57453155 0.14       0.48919966] 0.9795992729714287 1.5900915579731636
[0.43690635 0.14       0.52253221] 0.678703967067049 1.9464929673597455
[0.44432398 0.14       0.42981594] 2.4528348629977255 1.4445056334311699
[0.57917861 0.14       0.42924489] 2.1835175689681314 3.0903184850986434
[0.4427599  0.14       0.43942159] 0.9527669756147186 0.3174447775470703
[0.42996669 0.14       0.50150754] 3.1312155139205715 2.5571630189206127
[0.46900058 0.14       0.51982333] 1.6557495911620548 1.3385804286466707
[0.56185667 0.14       0.49196554] 0.6114246533593082 1.155350075005044
[0.55240606 0.14       0.5373783 ] 2.4168426022343104 0.034655739288844495
[0.49701506 0.14       0.42307076] 0.8162272678989909 2.3885209229195827
[0.50564962 0.14       0.4544323 ] 0.038078536577072546 0.7577567272298695
[0.54824594 0.14       0.57353226] 1.5326386804231324 0.34474643559811496
[0.49270037 0.14       0.55509713] 0.3081355152369102 1.5338547692479458
[0.47194815 0.14       0.53797713] 1.4954550582004726 1.1808878751844143
[0.49351148 0.14       0.54560265] 2.802566705154576 3.001272432840249
[0.4704651  0.14       0.53010155] 1.3747707597203622 0.8000713553050172
[0.42614822 0.14       0.56428192] 1.4497742126623085 2.001827478397461
[0.56321884 0.14       0.52186715] 1.9287292396742566 0.2093935609722325
[0.44402704 0.14       0.5379894 ] 1.609192623432751 2.1369985939286624
[0.43356672 0.14       0.53461174] 0.2264596204123305 0.22385961246618424
[0.57304022 0.14       0.53800134] 1.1097720298203317 0.9315940037012765
[0.54394456 0.14       0.5258193 ] 0.5818090354898272 0.5469806088069612
[0.52564844 0.14       0.54229963] 0.8326679120860463 0.0658005357044402
[0.57485761 0.14       0.46727116] 2.416585790219496 1.962438478877737
[0.45290996 0.14       0.43942183] 1.9321202222533576 2.433583794474162
[0.50484834 0.14       0.4267122 ] 3.042597228774675 2.5092346368199214
[0.57679525 0.14       0.51630105] 1.8297347443081247 2.350141204843377
[0.52503658 0.14       0.44049532] 1.0626987117804574 2.9156607463651896
[0.47954672 0.14       0.4891323 ] 1.3804314875747898 1.9256064894591962
[0.45851083 0.14       0.43944022] 0.6203718402447568 2.7863567507833014
[0.46574509 0.14       0.55055151] 2.7060736525980373 2.6594032275877995
[0.46035856 0.14       0.54080671] 1.4468275013243748 2.645216468092654
[0.54423159 0.14       0.52498589] 0.5574089187015081 1.7122525644153015
[0.56998209 0.14       0.4269078 ] 0.5177810142983551 0.4138381469512458
[0.55084565 0.14       0.45416182] 1.5891831039760793 2.64114645665068
[0.50675795 0.14       0.51445563] 1.5970617595670744 0.9347760287502269
[0.53022165 0.14       0.55973167] 1.9989682432039084 2.3911338292637567
[0.4938492  0.14       0.42149306] 0.7749645085770027 2.282246787313257
[0.4358685  0.14       0.48423909] 2.5134970776157486 0.6409968508206798
[0.53729141 0.14       0.51855767] 0.5906971249609618 1.1164735501822962
[0.50867624 0.14       0.42083674] 2.390722981153973 0.11093389326855671
[0.45239689 0.14       0.57329176] 1.1559199612469377 1.027085964113946
[0.46889667 0.14       0.56026412] 3.130076635609013 1.1570785152874206
[0.53553135 0.14       0.56179132] 1.8631037235342514 1.2300142570870833
[0.5312989  0.14       0.42051492] 1.9464973108064028 1.116814230005088
[0.4348785  0.14       0.51411236] 1.5110208974420989 2.0179251533970626
[0.51279741 0.14       0.50983753] 1.7613656337788024 1.8959124199114687
[0.54879824 0.14       0.46317132] 2.591969165870275 1.5653163910082362
[0.42936815 0.14       0.47347813] 2.4658265771182224 2.2232452256676187
[0.50276305 0.14       0.49043184] 0.4632357746537144 1.0310479437004183
[0.43417607 0.14       0.45529791] 1.8793801890222355 2.3111538352108276
[0.56929813 0.14       0.52281043] 1.3233897895676583 1.9986101353474983
[0.43893379 0.14       0.48558478] 2.6383166910207723 1.2058467819985352
[0.5140431 0.14      0.4495162] 1.1379962023646832 1.050898207254508
[0.42387068 0.14       0.55307153] 0.8578772505204019 1.6275924459967264
[0.57050868 0.14       0.46148748] 1.3498066864654439 2.741762943488005
[0.44977623 0.14       0.54842293] 1.439436557346942 1.5172914604559005
[0.43289624 0.14       0.53647029] 1.5596787090321327 1.3724069580513876
[0.54248206 0.14       0.44542531] 1.9170788466346913 0.4252273905169653
[0.52511283 0.14       0.57305834] 0.21663799759145758 0.17924269282139474
state_cur: torch.Size([4, 300, 3]), state_goal: torch.Size([1, 300, 3])
