ENV:
  loss:
    soft_contact: False
    target_path: envs/assets/Chopsticks3D-v1.npy
    weight:
      contact: 1
      density: 10
      sdf: 10
  n_observed_particles: 200
PRIMITIVES: [{'shape': 'Capsule', 'h': 0.2, 'r': 0.045, 'init_pos': '(0.35, 0.4, 0.5)', 'init_rot': '(1., 0., 0., 0.)', 'color': '(0.8, 0.8, 0.8)', 'friction': 1.0, 'action': {'dim': 6, 'scale': '(0.02, 0.02, 0.02, 0.04, 0.04, 0.04)'}}, {'shape': 'Capsule', 'h': 0.2, 'r': 0.045, 'init_pos': '(0.65, 0.4, 0.5)', 'init_rot': '(1., 0., 0., 0.)', 'color': '(0.8, 0.8, 0.8)', 'friction': 1.0, 'action': {'dim': 6, 'scale': '(0.02, 0.02, 0.02, 0.04, 0.04, 0.04)'}}, {'shape': 'Capsule', 'h': 0.13, 'r': 0.025, 'init_pos': '(0.5, 0.1, 0.5)', 'init_rot': '(1., 0., 0., 0.)', 'color': '(0.2, 0.2, 0.2)', 'friction': 15.0}]
RENDERER:
  bake_size: 6
  camera_pos: (0.5, 1.2, 4.0)
  camera_pos_1: (0.5, 2.5, 2.2)
  camera_pos_2: (0.5, 2.5, 2.2)
  camera_pos_3: (0.5, 2.5, 2.2)
  camera_pos_4: (0.5, 2.5, 2.2)
  camera_rot: (0.2, 0)
  camera_rot_1: (0.8, 0.0)
  camera_rot_2: (0.8, 0.0)
  camera_rot_3: (0.8, 0.0)
  camera_rot_4: (0.8, 0.0)
  dx: 0.006666666666666667
  image_res: (512, 512)
  light_direction: (2.0, 1.0, 0.7)
  max_num_particles: 1000000
  max_ray_depth: 2
  sdf_threshold: 0.20720000000000002
  spp: 50
  target_res: (64, 64, 64)
  use_directional_light: False
  use_roulette: False
  voxel_res: (168, 168, 168)
SHAPES: [{'shape': 'box', 'width': '(0.25, 0.2, 0.25)', 'init_pos': '(0.5, 0.1, 0.5)', 'n_particles': 20000, 'color': '((150<<8)+ (150<<16))'}]
SIMULATOR:
  E: 5000.0
  dim: 3
  dtype: float64
  gravity: (0, -5, 0)
  ground_friction: 100.0
  max_steps: 1024
  n_particles: 9000
  nu: 0.2
  quality: 1
  yield_stress: 4000.0
VARIANTS: [{'ENV': {'loss': {'target_path': 'envs/assets/gripper-v1.npy'}}}]
Building primitive
action:
  dim: 6
  scale: (0.02, 0.02, 0.02, 0.04, 0.04, 0.04)
color: (0.8, 0.8, 0.8)
friction: 1.0
h: 0.2
init_pos: (0.35, 0.4, 0.5)
init_rot: (1.0, 0.0, 0.0, 0.0)
lower_bound: (0.0, 0.0, 0.0)
r: 0.045
shape: Capsule
upper_bound: (1.0, 1.0, 1.0)
variations: None
Building primitive
action:
  dim: 6
  scale: (0.02, 0.02, 0.02, 0.04, 0.04, 0.04)
color: (0.8, 0.8, 0.8)
friction: 1.0
h: 0.2
init_pos: (0.65, 0.4, 0.5)
init_rot: (1.0, 0.0, 0.0, 0.0)
lower_bound: (0.0, 0.0, 0.0)
r: 0.045
shape: Capsule
upper_bound: (1.0, 1.0, 1.0)
variations: None
Building primitive
action:
  dim: 0
  scale: ()
color: (0.2, 0.2, 0.2)
friction: 15.0
h: 0.13
init_pos: (0.5, 0.1, 0.5)
init_rot: (1.0, 0.0, 0.0, 0.0)
lower_bound: (0.0, 0.0, 0.0)
r: 0.025
shape: Capsule
upper_bound: (1.0, 1.0, 1.0)
variations: None
{'width': (0.25, 0.2, 0.25), 'init_pos': (0.5, 0.1, 0.5), 'n_particles': 20000, 'color': 9868800}
Initialize Renderer
bake_size: 6  
camera_pos: (0.5, 1.2, 4.0)  
camera_pos_1: (0.5, 2.5, 2.2)  
camera_pos_2: (0.5, 2.5, 2.2)  
camera_pos_3: (0.5, 2.5, 2.2)  
camera_pos_4: (0.5, 2.5, 2.2)  
camera_rot: (0.2, 0)  
camera_rot_1: (0.8, 0.0)  
camera_rot_2: (0.8, 0.0)  
camera_rot_3: (0.8, 0.0)  
camera_rot_4: (0.8, 0.0)  
dx: 0.006666666666666667  
image_res: (512, 512)  
light_direction: (2.0, 1.0, 0.7)  
max_num_particles: 1000000  
max_ray_depth: 2  
sdf_threshold: 0.20720000000000002  
spp: 50  
target_res: (64, 64, 64)  
use_directional_light: False  
use_roulette: False  
voxel_res: (168, 168, 168)
[Taichi] materializing...
model_kp #params: 443560
GT shape: init pose: (1, 3, 11, 14); actions: (1, 3, 40, 12)
GT init pose: [[0.86783522 0.14       0.5624547  1.         0.         0.
  0.        ]
 [0.39378917 0.14       0.85976597 1.         0.         0.
  0.        ]
 [0.67824562 0.14       0.81781338 1.         0.         0.
  0.        ]]
=============== 1/2 ===============
[0.47992642 0.14       0.57211429] 2.2996267900669447 1.8807410959626114
[0.44495912 0.14       0.42929338] 2.721172616281258 1.888458504855007
[0.42329352 0.14       0.57518558] 2.615195684873492 0.6670829901766624
[0.44934472 0.14       0.46867876] 1.648570950539833 1.356995297320777
[0.51789646 0.14       0.44231902] 0.9177994816238134 1.1509596754470768
[0.54562815 0.14       0.45194781] 1.615515133943075 1.8611252574165573
[0.51720718 0.14       0.44728386] 0.20436560662686745 2.981011832932676
[0.54934358 0.14       0.4687382 ] 0.3068459958230403 2.1495814494341023
[0.43952612 0.14       0.49922831] 0.10803472530338759 2.8567142949300184
[0.52600357 0.14       0.46987377] 1.6338418746991914 1.717540997226871
[0.57513354 0.14       0.54402125] 2.951522972873443 2.811183030334721
[0.56749988 0.14       0.4341588 ] 0.6156983208054857 0.14208571858312952
[0.48218837 0.14       0.46341585] 2.603555670506005 1.1207736302842994
[0.50683137 0.14       0.44254788] 2.5201761414688035 0.23420775450475836
[0.54355916 0.14       0.45179451] 0.017348242587771696 2.561847632919546
[0.53664115 0.14       0.54340326] 0.232618133925433 1.1261532993583998
[0.55809655 0.14       0.5197277 ] 1.0395468039644555 0.19967444633285858
[0.47202933 0.14       0.53673699] 2.0029458682508223 2.7872610342490396
[0.43913508 0.14       0.53411917] 2.3900767196957986 1.7633043205117962
[0.4990073  0.14       0.50363725] 1.3431597223835183 0.07985654183991728
[0.42502867 0.14       0.52182567] 0.9875784407613999 1.5977219471941138
[0.45988676 0.14       0.48566127] 2.3736339062582457 0.7187906358633028
[0.46636023 0.14       0.44579541] 2.920731314659105 2.5387850476557676
[0.55943369 0.14       0.54858753] 0.5861271263761852 2.8040567925515774
[0.54919042 0.14       0.56337461] 0.9990373807876332 0.3457383176095677
[0.48833725 0.14       0.55088236] 2.7040648770781863 0.02184076220358602
[0.48678576 0.14       0.45553725] 0.3765681574353399 1.0606493422220964
[0.47171247 0.14       0.5030065 ] 2.2085991965994354 1.1423760874625675
[0.57399157 0.14       0.46028517] 1.5621522531200192 0.9452370877448774
[0.42590191 0.14       0.51753029] 1.5792127264894842 0.16172526674294294
[0.56532254 0.14       0.4583299 ] 0.4552006657046192 1.5376611959672382
[0.45872884 0.14       0.52754169] 2.392698588346583 0.7465603624236441
[0.4788453  0.14       0.52116893] 1.9902922851572933 1.6831858114686535
[0.5536484  0.14       0.47132481] 0.5859651820306935 0.1280988851575302
[0.5284103  0.14       0.42265405] 1.6087877899073508 0.7115574634309672
[0.44789863 0.14       0.53055004] 1.2149649228212729 2.942824051012575
[0.47457062 0.14       0.43815576] 2.905010678005297 2.7562428672869093
[0.52559745 0.14       0.55075555] 1.7442147909879617 1.663946365932815
[0.43489644 0.14       0.56355452] 2.8287467535439133 1.9889468871466909
[0.47587353 0.14       0.53615291] 2.8183550021270456 2.7868641935705307
[0.52272506 0.14       0.43346239] 0.5077715808088037 2.82289123752901
[0.42147153 0.14       0.43623545] 2.0844522834736994 0.015901434626809395
[0.50779741 0.14       0.53070323] 2.0481967032785184 0.7045628150269505
[0.45795985 0.14       0.47206395] 2.345171914286707 2.040881943176969
[0.52521806 0.14       0.51092938] 0.29428796243546484 1.1552132655003875
[0.45903834 0.14       0.57568169] 1.2349529239559578 2.8024469044045013
[0.54716981 0.14       0.50042193] 1.8123970057695833 1.54728996866433
[0.53559234 0.14       0.46492358] 0.0763908615059914 2.0278110229176955
[0.57047337 0.14       0.57262857] 2.8741312473474667 1.1628878533848503
[0.56853097 0.14       0.48850946] 3.036835678064763 3.0273014408759615
[0.46711182 0.14       0.48161564] 2.6739247144382268 0.9956398431599084
[0.5090882  0.14       0.56978476] 2.1866420959136925 1.7908999840495505
[0.51840116 0.14       0.57840862] 0.44008691315242454 1.6283806280036668
[0.53852298 0.14       0.53152252] 2.206918837517658 1.1293747597025203
[0.54949778 0.14       0.54961814] 2.7239880261823224 2.8690298108716936
[0.50024261 0.14       0.54772723] 2.041921910029772 2.2052939846561688
[0.56240085 0.14       0.47407923] 1.1799286448272113 0.29525297177419196
[0.42575076 0.14       0.49449568] 1.7047683979072397 0.900195892636639
[0.42488004 0.14       0.42597571] 2.5842758782072273 1.131572272949419
[0.50355892 0.14       0.54319897] 0.6780217544742833 1.9568681428240218
[0.42826908 0.14       0.50501674] 1.698455326322935 2.0025450957252313
[0.57613633 0.14       0.50260806] 1.014597682821489 2.4981511077213816
[0.49023543 0.14       0.43255302] 0.07964170927704113 3.02424918754203
[0.53135587 0.14       0.48543247] 0.5444201628434073 0.4914614640047969
[0.50787627 0.14       0.53433535] 2.0740712286156775 0.8794382741361363
[0.53806351 0.14       0.50869665] 1.9217774024183072 1.3182124735689633
[0.47695563 0.14       0.54125538] 0.04521847813876925 0.3646529546992971
[0.42651661 0.14       0.55687369] 2.210606361669002 1.489661017985283
[0.49865854 0.14       0.49575548] 0.5441297220973187 1.3629851539938318
[0.51853602 0.14       0.52161498] 0.14232674427801525 1.1768802380525862
[0.5005018  0.14       0.55703837] 2.069347074060459 0.5118735991358814
[0.52278708 0.14       0.42424181] 1.8402682627810032 2.953820419143604
[0.48210719 0.14       0.52292611] 1.4396439142544366 1.714105696990191
[0.48177642 0.14       0.57379049] 2.844242925691973 0.6150959906920627
[0.43612448 0.14       0.42291549] 0.2967013116940938 2.145729061716895
[0.4710361  0.14       0.55518005] 0.07311094234248432 2.558728201481827
[0.43890637 0.14       0.53147795] 1.9758822269715344 2.756659631427233
[0.54855695 0.14       0.46512553] 0.5574427671947016 2.3581257894310474
[0.57848082 0.14       0.48601883] 1.168729285329145 2.4391732536189576
[0.56892117 0.14       0.55734604] 1.3477244848352563 2.358931030366892
[0.43649982 0.14       0.56440847] 1.587297141491002 2.5963927040285166
[0.56328372 0.14       0.48227227] 0.03404748627267187 2.844341365811366
[0.47109018 0.14       0.57200991] 2.9864204292689793 1.8015082566181613
[0.49175128 0.14       0.46691372] 1.0325301212295572 2.1127790410151737
[0.54665265 0.14       0.5463389 ] 0.2865324233003193 1.553267197039257
[0.50792462 0.14       0.49064488] 2.7888049391144056 1.1024320254679805
[0.44287867 0.14       0.5418417 ] 1.9421893260308754 0.3176862564186978
[0.53215506 0.14       0.43164208] 2.581949524545455 2.2187253924897425
[0.43357403 0.14       0.57786233] 1.1758063824006335 1.1644066463360923
[0.57155977 0.14       0.57776017] 2.3668073721843013 1.1820543497466653
[0.54434351 0.14       0.50934468] 1.332732747741402 2.847396277762517
[0.49882002 0.14       0.42181658] 1.4723408299154233 0.17688195725510106
[0.4388042  0.14       0.52387365] 2.343769111948538 1.8327070267629864
[0.47997929 0.14       0.46571393] 2.7287846400345073 0.7024470436659621
[0.42194472 0.14       0.57518061] 0.13559086231351222 2.799608659290994
[0.57887437 0.14       0.43180745] 1.7399845510344214 3.0451537250069203
[0.52070378 0.14       0.53131979] 1.4279828698293187 1.9715318540930087
[0.56418528 0.14       0.42727142] 0.882671892352107 2.9858057362622894
[0.49290508 0.14       0.51922122] 0.8714186866975726 0.5910000533729606
[0.47653636 0.14       0.51338498] 0.24421056441866593 3.061151569460068
state_cur: torch.Size([4, 300, 3]), state_goal: torch.Size([1, 300, 3])
