ENV:
  loss:
    soft_contact: False
    target_path: envs/assets/Chopsticks3D-v1.npy
    weight:
      contact: 1
      density: 10
      sdf: 10
  n_observed_particles: 200
PRIMITIVES: [{'shape': 'Capsule', 'h': 0.2, 'r': 0.045, 'init_pos': '(0.35, 0.4, 0.5)', 'init_rot': '(1., 0., 0., 0.)', 'color': '(0.8, 0.8, 0.8)', 'friction': 1.0, 'action': {'dim': 6, 'scale': '(0.02, 0.02, 0.02, 0.04, 0.04, 0.04)'}}, {'shape': 'Capsule', 'h': 0.2, 'r': 0.045, 'init_pos': '(0.65, 0.4, 0.5)', 'init_rot': '(1., 0., 0., 0.)', 'color': '(0.8, 0.8, 0.8)', 'friction': 1.0, 'action': {'dim': 6, 'scale': '(0.02, 0.02, 0.02, 0.04, 0.04, 0.04)'}}, {'shape': 'Capsule', 'h': 0.13, 'r': 0.025, 'init_pos': '(0.5, 0.1, 0.5)', 'init_rot': '(1., 0., 0., 0.)', 'color': '(0.2, 0.2, 0.2)', 'friction': 15.0}]
RENDERER:
  bake_size: 6
  camera_pos: (0.5, 1.2, 4.0)
  camera_pos_1: (0.5, 2.5, 2.2)
  camera_pos_2: (0.5, 2.5, 2.2)
  camera_pos_3: (0.5, 2.5, 2.2)
  camera_pos_4: (0.5, 2.5, 2.2)
  camera_rot: (0.2, 0)
  camera_rot_1: (0.8, 0.0)
  camera_rot_2: (0.8, 0.0)
  camera_rot_3: (0.8, 0.0)
  camera_rot_4: (0.8, 0.0)
  dx: 0.006666666666666667
  image_res: (512, 512)
  light_direction: (2.0, 1.0, 0.7)
  max_num_particles: 1000000
  max_ray_depth: 2
  sdf_threshold: 0.20720000000000002
  spp: 50
  target_res: (64, 64, 64)
  use_directional_light: False
  use_roulette: False
  voxel_res: (168, 168, 168)
SHAPES: [{'shape': 'box', 'width': '(0.25, 0.2, 0.25)', 'init_pos': '(0.5, 0.1, 0.5)', 'n_particles': 20000, 'color': '((150<<8)+ (150<<16))'}]
SIMULATOR:
  E: 5000.0
  dim: 3
  dtype: float64
  gravity: (0, -5, 0)
  ground_friction: 100.0
  max_steps: 1024
  n_particles: 9000
  nu: 0.2
  quality: 1
  yield_stress: 4000.0
VARIANTS: [{'ENV': {'loss': {'target_path': 'envs/assets/gripper-v1.npy'}}}]
Building primitive
action:
  dim: 6
  scale: (0.02, 0.02, 0.02, 0.04, 0.04, 0.04)
color: (0.8, 0.8, 0.8)
friction: 1.0
h: 0.2
init_pos: (0.35, 0.4, 0.5)
init_rot: (1.0, 0.0, 0.0, 0.0)
lower_bound: (0.0, 0.0, 0.0)
r: 0.045
shape: Capsule
upper_bound: (1.0, 1.0, 1.0)
variations: None
Building primitive
action:
  dim: 6
  scale: (0.02, 0.02, 0.02, 0.04, 0.04, 0.04)
color: (0.8, 0.8, 0.8)
friction: 1.0
h: 0.2
init_pos: (0.65, 0.4, 0.5)
init_rot: (1.0, 0.0, 0.0, 0.0)
lower_bound: (0.0, 0.0, 0.0)
r: 0.045
shape: Capsule
upper_bound: (1.0, 1.0, 1.0)
variations: None
Building primitive
action:
  dim: 0
  scale: ()
color: (0.2, 0.2, 0.2)
friction: 15.0
h: 0.13
init_pos: (0.5, 0.1, 0.5)
init_rot: (1.0, 0.0, 0.0, 0.0)
lower_bound: (0.0, 0.0, 0.0)
r: 0.025
shape: Capsule
upper_bound: (1.0, 1.0, 1.0)
variations: None
{'width': (0.25, 0.2, 0.25), 'init_pos': (0.5, 0.1, 0.5), 'n_particles': 20000, 'color': 9868800}
Initialize Renderer
bake_size: 6  
camera_pos: (0.5, 1.2, 4.0)  
camera_pos_1: (0.5, 2.5, 2.2)  
camera_pos_2: (0.5, 2.5, 2.2)  
camera_pos_3: (0.5, 2.5, 2.2)  
camera_pos_4: (0.5, 2.5, 2.2)  
camera_rot: (0.2, 0)  
camera_rot_1: (0.8, 0.0)  
camera_rot_2: (0.8, 0.0)  
camera_rot_3: (0.8, 0.0)  
camera_rot_4: (0.8, 0.0)  
dx: 0.006666666666666667  
image_res: (512, 512)  
light_direction: (2.0, 1.0, 0.7)  
max_num_particles: 1000000  
max_ray_depth: 2  
sdf_threshold: 0.20720000000000002  
spp: 50  
target_res: (64, 64, 64)  
use_directional_light: False  
use_roulette: False  
voxel_res: (168, 168, 168)
[Taichi] materializing...
model_kp #params: 443560
GT shape: init pose: (1, 3, 11, 14); actions: (1, 3, 40, 12)
GT init pose: [[0.86783522 0.14       0.5624547  1.         0.         0.
  0.        ]
 [0.39378917 0.14       0.85976597 1.         0.         0.
  0.        ]
 [0.67824562 0.14       0.81781338 1.         0.         0.
  0.        ]]
=============== 1/2 ===============
[0.43840873 0.14       0.51745065] 0.41906007314196 0.7558345826130999
[0.557462   0.14       0.52657443] 1.7001112305099415 0.09114961766411475
[0.483192   0.14       0.54832754] 0.799287539919441 0.17870929908317926
[0.45536464 0.14       0.48479831] 0.9930463511764634 0.24084297511319697
[0.55583026 0.14       0.57543441] 1.2106972831268685 2.998612881780078
[0.52715594 0.14       0.43320001] 2.8183183084158236 0.9362056085078577
[0.42082073 0.14       0.5069124 ] 1.4941300526639816 1.9992268703966152
[0.56538604 0.14       0.56562449] 1.6501393576065846 0.3267851686978482
[0.57248644 0.14       0.48591248] 2.717531431328918 2.1117072031123283
[0.4640894  0.14       0.56347956] 0.649968412303434 1.2704765407188952
[0.53771633 0.14       0.49120983] 1.7613752942628071 1.2919972232630506
[0.4838715  0.14       0.52722323] 2.2139293765875743 1.9149888134705582
[0.4529731  0.14       0.45186584] 2.499887371881966 0.912107321740927
[0.46793868 0.14       0.44311654] 1.2690672973544614 0.9747404661677442
[0.51409665 0.14       0.45925492] 2.3491906605788038 2.2624074184061422
[0.43643884 0.14       0.57098279] 1.5812880929565467 2.8264080332332036
[0.51511187 0.14       0.57446537] 3.1375030724620445 0.07592797468624572
[0.46662763 0.14       0.43019529] 1.7895278270250154 0.015969609867156235
[0.55922904 0.14       0.56137623] 2.998083077586282 2.324350740951477
[0.48954853 0.14       0.56174392] 0.8012515206251996 1.3927079050036708
[0.4365364  0.14       0.49841755] 0.14044302227526417 0.9790065682384067
[0.53447985 0.14       0.57064868] 2.4406887766602186 0.6761603215267848
[0.50836226 0.14       0.55518366] 2.8980861852352247 2.604258664025607
[0.5157101  0.14       0.48923169] 2.1807275421730177 1.5226875150329786
[0.52309928 0.14       0.45275299] 2.3403518328114217 0.33180623972703055
[0.47351824 0.14       0.57508088] 2.2021800762687094 1.2996314368146147
[0.42965817 0.14       0.53619387] 2.8445581605048558 0.050346906042577785
[0.53657665 0.14       0.46675161] 1.642417150767924 2.5599326996087264
[0.48056885 0.14       0.43240925] 1.5296608662382196 1.4708745357647866
[0.43122175 0.14       0.50134415] 1.0425429722269712 0.6738647766128897
[0.55406888 0.14       0.476818  ] 2.5974219089916395 0.08156287428959874
[0.56790684 0.14       0.52782932] 3.125302176545679 1.5064094527174183
[0.57236529 0.14       0.44657123] 1.160144007685108 2.9360067796658504
[0.49263394 0.14       0.56196649] 1.0034405909127635 3.024279105047579
[0.49776248 0.14       0.47140665] 3.0581488050917285 3.137566816671946
[0.42715931 0.14       0.49152978] 2.2310799338070337 1.966861083505749
[0.57550702 0.14       0.5259154 ] 0.28729928389613474 1.852694609268654
[0.5472121  0.14       0.47604896] 1.5784507470592724 2.210233412999845
[0.51616951 0.14       0.44560554] 2.596772633283306 1.0452129919094557
[0.5529137  0.14       0.57505073] 1.0289814797321128 0.27763454246180475
[0.57828855 0.14       0.56705233] 2.671879595854794 1.5509814930578003
[0.50943245 0.14       0.43710435] 2.823465843730435 1.9325419479223747
[0.53081222 0.14       0.47675758] 0.5449512167041721 0.14504123092775564
[0.47692711 0.14       0.49670195] 2.0702408357571174 0.2699954210672528
[0.4525477  0.14       0.52434556] 1.8131902101710429 2.1419445829637964
[0.42356316 0.14       0.42623587] 1.4348086862855154 2.757093435213207
[0.50407893 0.14       0.5070762 ] 1.622378066766059 2.7845580611714986
[0.55112349 0.14       0.55315472] 1.866674638238701 0.6233443802658548
[0.42086901 0.14       0.42843941] 1.8257363137428793 0.7915979358011881
[0.42704212 0.14       0.56349134] 1.7512762186171729 0.07414847671662723
[0.53248172 0.14       0.53436089] 1.4012513465204983 1.3353941261221547
[0.57110713 0.14       0.54631327] 3.1161402002931187 2.8522761117764377
[0.4898823  0.14       0.51977046] 1.0187803754312523 0.10237232690047986
[0.50900826 0.14       0.50592718] 3.053030200280875 1.6700944175831143
[0.46340233 0.14       0.48287573] 0.22063027883759942 1.3943917360065092
[0.43001532 0.14       0.54693032] 0.44133291072608055 2.805946070984684
[0.54974438 0.14       0.56029285] 0.027853076877553767 1.9397797651026951
[0.56847409 0.14       0.51329129] 2.461442087716924 1.5854958887866173
[0.45770458 0.14       0.4885045 ] 2.042346438385374 0.8873140814740835
[0.57118442 0.14       0.43710245] 1.2586014150353153 2.4970254709763346
[0.50857432 0.14       0.4761439 ] 1.6604073392642498 1.0317012043304552
[0.56315585 0.14       0.57737201] 1.3383021891404847 2.215515075618621
[0.5421279  0.14       0.54760931] 0.9675451877571618 0.13641943370932866
[0.53260519 0.14       0.5355817 ] 2.045950291891017 0.2057483156874445
[0.49837827 0.14       0.54895089] 3.0759892735731995 1.8285781727526487
[0.47598802 0.14       0.57086568] 2.0601426155012903 1.3617140198435211
[0.54077202 0.14       0.44626195] 0.45106678457266564 2.059355722744393
[0.54968222 0.14       0.53456168] 2.418211882717827 0.5118153294542112
[0.5177852  0.14       0.45029704] 0.16955221241379204 0.8216915679401658
[0.42660187 0.14       0.46610922] 0.2951820387351509 2.1389280692625547
[0.4991768  0.14       0.46733105] 2.769502091437724 2.2665794268720405
[0.51913795 0.14       0.44161497] 0.9356649412689739 1.14338269482685
[0.56963654 0.14       0.42807243] 2.5415082243274703 1.9646304727269115
[0.46195673 0.14       0.42286361] 0.24978852899380483 0.25246643690462606
[0.44781602 0.14       0.53096947] 2.1047742902916475 0.09972970633907578
[0.56882259 0.14       0.51172807] 1.3515812845202637 0.4706892651480562
[0.48192829 0.14       0.46812082] 0.3646532668724472 0.9482064047503618
[0.4753626  0.14       0.45028064] 2.088038233608903 2.590422863515788
[0.48711522 0.14       0.4589863 ] 1.78791255948054 2.8216397819811116
[0.53087193 0.14       0.47995322] 0.5539471728415777 0.5362231095730676
[0.44624505 0.14       0.55482754] 2.444485274193128 1.7680883946487607
[0.56652294 0.14       0.55636255] 0.5044261847722656 1.03283380250737
[0.4831875  0.14       0.43610832] 2.6640392032367317 0.9150393394765588
[0.54429434 0.14       0.47444985] 2.556825530323535 0.36853436025537695
[0.47830067 0.14       0.46289334] 1.8602024000740882 0.9662594428673079
[0.53456699 0.14       0.56287243] 1.0043559179929364 2.9275901699542315
[0.51090479 0.14       0.47910601] 3.0155023022248315 2.5324982893153436
[0.52866533 0.14       0.55371139] 0.9235391992414083 0.3767732675509993
[0.49159491 0.14       0.45104392] 1.2737484587140844 1.5732232951554992
[0.50906566 0.14       0.50099611] 2.602843035757307 0.16790389642028242
[0.43851694 0.14       0.42578972] 3.0174162443409793 2.7053174882017563
[0.57917759 0.14       0.51362235] 1.72373789805727 0.8178478781381987
[0.54930865 0.14       0.52991417] 0.6340344235875567 2.79581368421227
[0.45121879 0.14       0.50010921] 0.36597240283302285 1.8874380095079921
[0.45852317 0.14       0.50931416] 0.5414441849205711 2.490134792890471
[0.57516305 0.14       0.51126512] 1.2453371457148805 1.8072497601989204
[0.54768557 0.14       0.51788108] 2.860609626691051 2.9798426164193903
[0.43272319 0.14       0.5768522 ] 2.3287768902379726 2.281753254418208
[0.43209731 0.14       0.49620478] 0.1761988085630371 1.8104406805903697
[0.49690666 0.14       0.50113239] 0.9294812085820902 0.04095900781423089
state_cur: torch.Size([4, 300, 3]), state_goal: torch.Size([1, 300, 3])
sampling: max: -0.0317, mean: -0.0429, std: 0.0065
Selected top reward seqs: tensor([-0.0345, -0.0343, -0.0333, -0.0322, -0.0317])
Batch 0/5:
