ENV:
  loss:
    soft_contact: False
    target_path: envs/assets/Chopsticks3D-v1.npy
    weight:
      contact: 1
      density: 10
      sdf: 10
  n_observed_particles: 200
PRIMITIVES: [{'shape': 'Capsule', 'h': 0.2, 'r': 0.045, 'init_pos': '(0.35, 0.4, 0.5)', 'init_rot': '(1., 0., 0., 0.)', 'color': '(0.8, 0.8, 0.8)', 'friction': 1.0, 'action': {'dim': 6, 'scale': '(0.02, 0.02, 0.02, 0.04, 0.04, 0.04)'}}, {'shape': 'Capsule', 'h': 0.2, 'r': 0.045, 'init_pos': '(0.65, 0.4, 0.5)', 'init_rot': '(1., 0., 0., 0.)', 'color': '(0.8, 0.8, 0.8)', 'friction': 1.0, 'action': {'dim': 6, 'scale': '(0.02, 0.02, 0.02, 0.04, 0.04, 0.04)'}}, {'shape': 'Capsule', 'h': 0.13, 'r': 0.025, 'init_pos': '(0.5, 0.1, 0.5)', 'init_rot': '(1., 0., 0., 0.)', 'color': '(0.2, 0.2, 0.2)', 'friction': 15.0}]
RENDERER:
  bake_size: 6
  camera_pos: (0.5, 1.2, 4.0)
  camera_pos_1: (0.5, 2.5, 2.2)
  camera_pos_2: (0.5, 2.5, 2.2)
  camera_pos_3: (0.5, 2.5, 2.2)
  camera_pos_4: (0.5, 2.5, 2.2)
  camera_rot: (0.2, 0)
  camera_rot_1: (0.8, 0.0)
  camera_rot_2: (0.8, 0.0)
  camera_rot_3: (0.8, 0.0)
  camera_rot_4: (0.8, 0.0)
  dx: 0.006666666666666667
  image_res: (512, 512)
  light_direction: (2.0, 1.0, 0.7)
  max_num_particles: 1000000
  max_ray_depth: 2
  sdf_threshold: 0.20720000000000002
  spp: 50
  target_res: (64, 64, 64)
  use_directional_light: False
  use_roulette: False
  voxel_res: (168, 168, 168)
SHAPES: [{'shape': 'box', 'width': '(0.25, 0.2, 0.25)', 'init_pos': '(0.5, 0.1, 0.5)', 'n_particles': 20000, 'color': '((150<<8)+ (150<<16))'}]
SIMULATOR:
  E: 5000.0
  dim: 3
  dtype: float64
  gravity: (0, -5, 0)
  ground_friction: 100.0
  max_steps: 1024
  n_particles: 9000
  nu: 0.2
  quality: 1
  yield_stress: 4000.0
VARIANTS: [{'ENV': {'loss': {'target_path': 'envs/assets/gripper-v1.npy'}}}]
Building primitive
action:
  dim: 6
  scale: (0.02, 0.02, 0.02, 0.04, 0.04, 0.04)
color: (0.8, 0.8, 0.8)
friction: 1.0
h: 0.2
init_pos: (0.35, 0.4, 0.5)
init_rot: (1.0, 0.0, 0.0, 0.0)
lower_bound: (0.0, 0.0, 0.0)
r: 0.045
shape: Capsule
upper_bound: (1.0, 1.0, 1.0)
variations: None
Building primitive
action:
  dim: 6
  scale: (0.02, 0.02, 0.02, 0.04, 0.04, 0.04)
color: (0.8, 0.8, 0.8)
friction: 1.0
h: 0.2
init_pos: (0.65, 0.4, 0.5)
init_rot: (1.0, 0.0, 0.0, 0.0)
lower_bound: (0.0, 0.0, 0.0)
r: 0.045
shape: Capsule
upper_bound: (1.0, 1.0, 1.0)
variations: None
Building primitive
action:
  dim: 0
  scale: ()
color: (0.2, 0.2, 0.2)
friction: 15.0
h: 0.13
init_pos: (0.5, 0.1, 0.5)
init_rot: (1.0, 0.0, 0.0, 0.0)
lower_bound: (0.0, 0.0, 0.0)
r: 0.025
shape: Capsule
upper_bound: (1.0, 1.0, 1.0)
variations: None
{'width': (0.25, 0.2, 0.25), 'init_pos': (0.5, 0.1, 0.5), 'n_particles': 20000, 'color': 9868800}
Initialize Renderer
bake_size: 6  
camera_pos: (0.5, 1.2, 4.0)  
camera_pos_1: (0.5, 2.5, 2.2)  
camera_pos_2: (0.5, 2.5, 2.2)  
camera_pos_3: (0.5, 2.5, 2.2)  
camera_pos_4: (0.5, 2.5, 2.2)  
camera_rot: (0.2, 0)  
camera_rot_1: (0.8, 0.0)  
camera_rot_2: (0.8, 0.0)  
camera_rot_3: (0.8, 0.0)  
camera_rot_4: (0.8, 0.0)  
dx: 0.006666666666666667  
image_res: (512, 512)  
light_direction: (2.0, 1.0, 0.7)  
max_num_particles: 1000000  
max_ray_depth: 2  
sdf_threshold: 0.20720000000000002  
spp: 50  
target_res: (64, 64, 64)  
use_directional_light: False  
use_roulette: False  
voxel_res: (168, 168, 168)
[Taichi] materializing...
model_kp #params: 443560
GT shape: init pose: (1, 3, 11, 14); actions: (1, 3, 40, 12)
GT init pose: [[0.86783522 0.14       0.5624547  1.         0.         0.
  0.        ]
 [0.39378917 0.14       0.85976597 1.         0.         0.
  0.        ]
 [0.67824562 0.14       0.81781338 1.         0.         0.
  0.        ]]
=============== 1/2 ===============
[0.47992642 0.14       0.57211429] 2.2996267900669447 1.8807410959626114
[0.44495912 0.14       0.42929338] 2.721172616281258 1.888458504855007
[0.42329352 0.14       0.57518558] 2.615195684873492 0.6670829901766624
[0.44934472 0.14       0.46867876] 1.648570950539833 1.356995297320777
[0.51789646 0.14       0.44231902] 0.9177994816238134 1.1509596754470768
[0.54562815 0.14       0.45194781] 1.615515133943075 1.8611252574165573
[0.51720718 0.14       0.44728386] 0.20436560662686745 2.981011832932676
[0.54934358 0.14       0.4687382 ] 0.3068459958230403 2.1495814494341023
state_cur: torch.Size([4, 300, 3]), state_goal: torch.Size([1, 300, 3])
sampling: max: -0.0348, mean: -0.0374, std: 0.0025
Selected top reward seqs: tensor([-0.0404, -0.0383, -0.0361, -0.0348])
Batch 0/4:
reward seqs after 11 iterations: tensor([-0.0378], grad_fn=<CatBackward>)
Batch 1/4:
reward seqs after 11 iterations: tensor([-0.0374], grad_fn=<CatBackward>)
Batch 2/4:
reward seqs after 13 iterations: tensor([-0.0325], grad_fn=<CatBackward>)
Batch 3/4:
reward seqs after 9 iterations: tensor([-0.0326], grad_fn=<CatBackward>)
Loss: 0.03248899057507515
Optimal set of params:
mid_point: tensor([[0.4799, 0.1400, 0.5721],
        [0.4450, 0.1400, 0.4293]])
angle: tensor([2.2996, 2.7212], grad_fn=<SelectBackward>)
z_angle: tensor([0., 0.], grad_fn=<SelectBackward>)
gripper_rate: tensor([0.0097, 0.0104], grad_fn=<ClampBackward1>)
Optimal init pose seq: tensor([[0.7463, 0.1400, 0.8705, 1.0000, 0.0000, 0.0000, 0.0000],
        [0.8101, 0.1400, 0.5926, 1.0000, 0.0000, 0.0000, 0.0000]],
       grad_fn=<SliceBackward>)
EMD: tensor([0.0420], dtype=torch.float64)
Chamfer: tensor([0.0526], dtype=torch.float64)
=============== Iteration 0 -> model_loss: tensor([0.0325]); sim_loss: tensor([0.0430], dtype=torch.float64) ===============
=============== 1/2 ===============
[0.42592455 0.14       0.47852874] 0.22928304073537548 2.8878907329053813
[0.47058503 0.14       0.49879803] 1.6739853153008784 2.6585177166002474
[0.48902103 0.14       0.57381671] 3.0428151311351455 0.12068988542879198
[0.47948129 0.14       0.52803195] 2.0009507140745013 1.0370539140627555
[0.47713751 0.14       0.52111705] 2.555328756735915 0.4569917166365622
[0.45183563 0.14       0.54509159] 2.517070869405285 0.8040713548727342
[0.48773608 0.14       0.52994202] 1.9556482748484187 1.4002071894123544
[0.49590197 0.14       0.42241645] 0.23207139539203545 0.5110642111161953
state_cur: torch.Size([4, 300, 3]), state_goal: torch.Size([1, 300, 3])
sampling: max: -0.0393, mean: -0.0454, std: 0.0083
Selected top reward seqs: tensor([-0.0570, -0.0460, -0.0394, -0.0393])
Batch 0/4:
reward seqs after 16 iterations: tensor([-0.0491], grad_fn=<CatBackward>)
Batch 1/4:
reward seqs after 13 iterations: tensor([-0.0412], grad_fn=<CatBackward>)
Batch 2/4:
reward seqs after 11 iterations: tensor([-0.0370], grad_fn=<CatBackward>)
Batch 3/4:
reward seqs after 11 iterations: tensor([-0.0375], grad_fn=<CatBackward>)
Loss: 0.036960750818252563
Optimal set of params:
mid_point: tensor([[0.4877, 0.1400, 0.5299],
        [0.4959, 0.1400, 0.4224]])
angle: tensor([1.9556, 0.2321], grad_fn=<SelectBackward>)
z_angle: tensor([0., 0.], grad_fn=<SelectBackward>)
gripper_rate: tensor([0.0099, 0.0103], grad_fn=<ClampBackward1>)
Optimal init pose seq: tensor([[0.6379, 0.1400, 0.9007, 1.0000, 0.0000, 0.0000, 0.0000],
        [0.1066, 0.1400, 0.5144, 1.0000, 0.0000, 0.0000, 0.0000]],
       grad_fn=<SliceBackward>)
EMD: tensor([0.0409], dtype=torch.float64)
Chamfer: tensor([0.0463], dtype=torch.float64)
=============== Iteration 1 -> model_loss: tensor([0.0370]); sim_loss: tensor([0.0414], dtype=torch.float64) ===============
=============== 1/2 ===============
[0.43203689 0.14       0.429482  ] 1.34828208935724 2.9232518292520857
[0.56014152 0.14       0.43544797] 2.2753332722957835 0.7707516027923625
[0.46686737 0.14       0.53397334] 1.259430103088456 1.451945140757393
[0.46503328 0.14       0.44871611] 1.7398094479805866 0.45552137186127306
[0.50487382 0.14       0.46397301] 1.848826207661459 0.0444975323512809
[0.53679822 0.14       0.50061106] 2.892897644255418 2.7324507302383276
[0.43858067 0.14       0.46035718] 0.655616675831549 2.3563749292696947
[0.55601571 0.14       0.49835212] 2.418288241499693 1.0160628105878702
