ENV:
  loss:
    soft_contact: False
    target_path: envs/assets/Chopsticks3D-v1.npy
    weight:
      contact: 1
      density: 10
      sdf: 10
  n_observed_particles: 200
PRIMITIVES: [{'shape': 'Capsule', 'h': 0.2, 'r': 0.045, 'init_pos': '(0.35, 0.4, 0.5)', 'init_rot': '(1., 0., 0., 0.)', 'color': '(0.8, 0.8, 0.8)', 'friction': 1.0, 'action': {'dim': 6, 'scale': '(0.02, 0.02, 0.02, 0.04, 0.04, 0.04)'}}, {'shape': 'Capsule', 'h': 0.2, 'r': 0.045, 'init_pos': '(0.65, 0.4, 0.5)', 'init_rot': '(1., 0., 0., 0.)', 'color': '(0.8, 0.8, 0.8)', 'friction': 1.0, 'action': {'dim': 6, 'scale': '(0.02, 0.02, 0.02, 0.04, 0.04, 0.04)'}}, {'shape': 'Capsule', 'h': 0.13, 'r': 0.025, 'init_pos': '(0.5, 0.1, 0.5)', 'init_rot': '(1., 0., 0., 0.)', 'color': '(0.2, 0.2, 0.2)', 'friction': 15.0}]
RENDERER:
  bake_size: 6
  camera_pos: (0.5, 1.2, 4.0)
  camera_pos_1: (0.5, 2.5, 2.2)
  camera_pos_2: (0.5, 2.5, 2.2)
  camera_pos_3: (0.5, 2.5, 2.2)
  camera_pos_4: (0.5, 2.5, 2.2)
  camera_rot: (0.2, 0)
  camera_rot_1: (0.8, 0.0)
  camera_rot_2: (0.8, 0.0)
  camera_rot_3: (0.8, 0.0)
  camera_rot_4: (0.8, 0.0)
  dx: 0.006666666666666667
  image_res: (512, 512)
  light_direction: (2.0, 1.0, 0.7)
  max_num_particles: 1000000
  max_ray_depth: 2
  sdf_threshold: 0.20720000000000002
  spp: 50
  target_res: (64, 64, 64)
  use_directional_light: False
  use_roulette: False
  voxel_res: (168, 168, 168)
SHAPES: [{'shape': 'box', 'width': '(0.25, 0.2, 0.25)', 'init_pos': '(0.5, 0.1, 0.5)', 'n_particles': 20000, 'color': '((150<<8)+ (150<<16))'}]
SIMULATOR:
  E: 5000.0
  dim: 3
  dtype: float64
  gravity: (0, -5, 0)
  ground_friction: 100.0
  max_steps: 1024
  n_particles: 9000
  nu: 0.2
  quality: 1
  yield_stress: 4000.0
VARIANTS: [{'ENV': {'loss': {'target_path': 'envs/assets/gripper-v1.npy'}}}]
Building primitive
action:
  dim: 6
  scale: (0.02, 0.02, 0.02, 0.04, 0.04, 0.04)
color: (0.8, 0.8, 0.8)
friction: 1.0
h: 0.2
init_pos: (0.35, 0.4, 0.5)
init_rot: (1.0, 0.0, 0.0, 0.0)
lower_bound: (0.0, 0.0, 0.0)
r: 0.045
shape: Capsule
upper_bound: (1.0, 1.0, 1.0)
variations: None
Building primitive
action:
  dim: 6
  scale: (0.02, 0.02, 0.02, 0.04, 0.04, 0.04)
color: (0.8, 0.8, 0.8)
friction: 1.0
h: 0.2
init_pos: (0.65, 0.4, 0.5)
init_rot: (1.0, 0.0, 0.0, 0.0)
lower_bound: (0.0, 0.0, 0.0)
r: 0.045
shape: Capsule
upper_bound: (1.0, 1.0, 1.0)
variations: None
Building primitive
action:
  dim: 0
  scale: ()
color: (0.2, 0.2, 0.2)
friction: 15.0
h: 0.13
init_pos: (0.5, 0.1, 0.5)
init_rot: (1.0, 0.0, 0.0, 0.0)
lower_bound: (0.0, 0.0, 0.0)
r: 0.025
shape: Capsule
upper_bound: (1.0, 1.0, 1.0)
variations: None
{'width': (0.25, 0.2, 0.25), 'init_pos': (0.5, 0.1, 0.5), 'n_particles': 20000, 'color': 9868800}
Initialize Renderer
bake_size: 6  
camera_pos: (0.5, 1.2, 4.0)  
camera_pos_1: (0.5, 2.5, 2.2)  
camera_pos_2: (0.5, 2.5, 2.2)  
camera_pos_3: (0.5, 2.5, 2.2)  
camera_pos_4: (0.5, 2.5, 2.2)  
camera_rot: (0.2, 0)  
camera_rot_1: (0.8, 0.0)  
camera_rot_2: (0.8, 0.0)  
camera_rot_3: (0.8, 0.0)  
camera_rot_4: (0.8, 0.0)  
dx: 0.006666666666666667  
image_res: (512, 512)  
light_direction: (2.0, 1.0, 0.7)  
max_num_particles: 1000000  
max_ray_depth: 2  
sdf_threshold: 0.20720000000000002  
spp: 50  
target_res: (64, 64, 64)  
use_directional_light: False  
use_roulette: False  
voxel_res: (168, 168, 168)
[Taichi] materializing...
model_kp #params: 443560
GT shape: init pose: (1, 3, 11, 14); actions: (1, 3, 40, 12)
GT init pose: [[0.86783522 0.14       0.5624547  1.         0.         0.
  0.        ]
 [0.39378917 0.14       0.85976597 1.         0.         0.
  0.        ]
 [0.67824562 0.14       0.81781338 1.         0.         0.
  0.        ]]
=============== 1/2 ===============
[0.57824184 0.14       0.50792716] 0.8841927761946936 0.24281233299347182
[0.49564928 0.14       0.42776352] 0.5130988866426974 0.36426990342045185
[0.55698913 0.14       0.52401639] 3.112443966587208 1.4776504557957935
[0.46522675 0.14       0.57616053] 2.114505481438452 1.3839686038534913
[0.50155195 0.14       0.43799374] 0.7129994988947443 1.5034164046836442
[0.4820772  0.14       0.55101975] 0.23417678305632988 2.9001598099741295
[0.53301944 0.14       0.43769047] 1.8881101392376147 1.2779764491933296
[0.46000487 0.14       0.49323808] 1.7512264836167126 0.7915248967356304
[0.53626195 0.14       0.46961183] 2.59418259167866 1.4189522419852314
[0.56195252 0.14       0.53868066] 0.38306154074145177 2.6887919880360047
[0.44943232 0.14       0.44754669] 2.8974217185489692 2.0933451964439778
[0.4602106  0.14       0.57744585] 2.1324985612931 1.2640866696906716
[0.49101986 0.14       0.45313466] 1.0134462287316228 2.0404202901590773
[0.4949332  0.14       0.45003932] 0.9311286062614129 0.44042557744116534
[0.49868211 0.14       0.57852459] 2.7640157113825063 0.5066723583580718
[0.51676723 0.14       0.57044874] 2.303162837216947 0.12384096315345171
[0.43027715 0.14       0.49112807] 2.6382230829444007 1.751549034517357
[0.5421113  0.14       0.57054044] 2.2831474224203614 0.7936676070907838
[0.52955563 0.14       0.43683759] 1.8982702984551407 2.3161735284411296
[0.57823775 0.14       0.55452678] 1.3606245306861102 2.2706024494090697
[0.50379992 0.14       0.46766152] 1.7938045020239073 1.8032361212104144
[0.49252244 0.14       0.57840114] 0.7122491886193631 1.486750394764587
[0.57478222 0.14       0.48521238] 0.09573482584752731 0.23485505436255433
[0.47972813 0.14       0.44952342] 0.4049051004209724 0.7423900899946091
[0.43125918 0.14       0.47528545] 0.46386515037638576 1.19603541844999
[0.55988421 0.14       0.56870782] 0.3566095862524961 1.67953423788303
[0.5743683  0.14       0.51673837] 2.5440527163731224 2.367084016361368
[0.48045274 0.14       0.47078213] 0.34398971877365575 0.9708542129637666
[0.48218622 0.14       0.54010402] 2.733993610944527 2.9283389876269843
[0.49654018 0.14       0.48575749] 1.3257501542666155 0.4766130645921354
[0.4870672  0.14       0.43838325] 0.6364316469420258 2.7611316301708877
[0.51729605 0.14       0.48243738] 1.8314210941304074 2.2896319890907946
[0.55165232 0.14       0.47206041] 0.9840006454308914 1.1155749935565693
[0.57733367 0.14       0.4462023 ] 2.943243675903432 1.400694395218635
[0.50781488 0.14       0.53943469] 1.714877994596374 1.604416398851431
[0.47056599 0.14       0.44006946] 2.5337596210440005 2.7558086831631816
[0.57769339 0.14       0.5055351 ] 1.1094249213376588 0.10394796635899616
[0.57662966 0.14       0.48654911] 2.3943829829699927 0.8708522586966071
[0.42880701 0.14       0.42606848] 0.327723897186389 1.850507213828537
[0.44485119 0.14       0.48968196] 3.1130899348346546 1.1971270457435768
[0.52978371 0.14       0.52174473] 2.0728629228430564 2.987823282556442
[0.51947231 0.14       0.55498247] 1.4805510499557246 1.7091090824187998
[0.54788494 0.14       0.48530757] 0.9551015999646539 0.5854101547816076
[0.45094072 0.14       0.52333626] 2.53395733036982 2.925692395736571
[0.48456968 0.14       0.54762312] 2.5888954126943315 2.5164331567781844
[0.57959951 0.14       0.43402352] 1.2736461753469464 1.1639981383977893
[0.57278337 0.14       0.53744234] 2.629853219546313 0.804971464517313
[0.42364946 0.14       0.53636341] 1.760498496222011 2.7575420233554877
[0.53627864 0.14       0.46205957] 3.0675524678345663 2.107652647214765
[0.50415309 0.14       0.48167503] 1.5794303085482948 2.313515355234357
[0.48424221 0.14       0.47312403] 2.4227251941621017 2.5710687560650465
[0.4614694  0.14       0.51513261] 1.9652050405770314 0.7409228460814552
[0.46563013 0.14       0.42888119] 2.4470226023643775 1.5990318639501926
[0.57258449 0.14       0.53676744] 0.8462698047013545 1.435065262128896
[0.55026885 0.14       0.46566349] 1.345089202561456 2.641294900865705
[0.50544922 0.14       0.46087636] 2.550128082434727 0.06689631705349447
[0.46914584 0.14       0.5547896 ] 1.507272558617297 0.30504228344321904
[0.55806093 0.14       0.51071386] 2.148792138403904 0.27110798754423415
[0.57260243 0.14       0.5580847 ] 1.2482086239845886 0.06802427917835914
[0.51921001 0.14       0.50826698] 1.8705752473437776 2.2956612895193556
[0.47276481 0.14       0.52499681] 1.5154207810699372 2.7999327555999516
[0.55335335 0.14       0.42710352] 0.5840902190924302 2.0555630846534907
[0.44985845 0.14       0.51672778] 0.8202346544853907 1.0736746461311841
[0.55327997 0.14       0.49112214] 0.9689687707211935 1.676344834150785
[0.57189331 0.14       0.42449565] 1.6433946731510576 1.6059335354761652
[0.54298532 0.14       0.57813186] 3.0319838516927695 0.9404830733601885
[0.5103564  0.14       0.56029247] 0.2095474388503714 2.641711230580655
[0.56737092 0.14       0.44088797] 0.6645487373550777 0.8847912182648869
[0.56438186 0.14       0.45760749] 0.39002213025899585 0.33381556532420165
[0.44990769 0.14       0.46863187] 2.5597236247342914 1.197052285748431
[0.44443609 0.14       0.42673502] 1.4018361703849398 0.9444178494285508
[0.55674855 0.14       0.42170813] 1.1411536734828909 2.0884969619278824
[0.51330039 0.14       0.50622575] 1.0952353776260462 2.758830676872072
[0.53135366 0.14       0.56173926] 1.8541315477865843 2.8158589972396393
[0.5674987  0.14       0.48122695] 0.06616165110545431 2.5787460244459446
[0.42703408 0.14       0.56830415] 1.3761940014550516 1.38012764550019
[0.53086214 0.14       0.54293745] 1.2705933891033359 0.293628620142723
[0.50441904 0.14       0.43237486] 2.8865785307265 2.500618088495349
[0.48425049 0.14       0.54881122] 2.217289274410035 1.1263551009814112
[0.5061608  0.14       0.56836283] 2.9442288106615226 3.015613019899082
[0.54450236 0.14       0.46546988] 1.368064619386084 2.8693476617644054
[0.45344584 0.14       0.45346932] 1.2938861676042626 0.33031059281919306
[0.44480079 0.14       0.4918137 ] 0.8442293819359998 2.7813353639889438
[0.56702711 0.14       0.42601957] 2.4310074596588116 0.04636872308405974
[0.5266937  0.14       0.55849109] 0.3521283842747363 1.5355478129223261
[0.51376535 0.14       0.48551081] 0.4053107267349087 1.6881172148358383
[0.47278458 0.14       0.49684267] 1.9241683051617202 2.419692569900756
[0.56422049 0.14       0.52038966] 0.8005943630078067 0.5912823518017277
[0.45480657 0.14       0.44165423] 2.3133974045390158 1.7849913749953614
[0.53950943 0.14       0.57095595] 1.926510949610243 1.491086935527111
[0.57132994 0.14       0.43225346] 1.530953831872251 1.0954913218893805
[0.42369813 0.14       0.5602397 ] 2.89247911837598 0.5878663192791583
[0.44480381 0.14       0.55864104] 0.524027684238918 1.3282049888187095
[0.43884719 0.14       0.57307642] 1.3790164801783362 1.3225368914054805
[0.43388206 0.14       0.52194721] 2.8124752546720972 3.0349952180291444
[0.44218762 0.14       0.47895016] 1.1894377245784133 0.7761511050902989
[0.47673384 0.14       0.44328466] 0.12113790916202043 0.979230480434643
[0.56208247 0.14       0.56800535] 0.6726097224741959 1.9160557577155086
[0.51194679 0.14       0.52241368] 0.23385180660692884 1.9834036799087322
[0.51359357 0.14       0.45122914] 0.8996991091582702 3.0816095242703683
state_cur: torch.Size([4, 300, 3]), state_goal: torch.Size([1, 300, 3])
sampling: max: -0.0313, mean: -0.0424, std: 0.0074
Selected top reward seqs: tensor([-0.0334, -0.0332, -0.0321, -0.0314, -0.0313])
Batch 0/5:
reward seqs after 9 iterations: tensor([-0.0325], grad_fn=<CatBackward>)
Batch 1/5:
reward seqs after 10 iterations: tensor([-0.0320], grad_fn=<CatBackward>)
Batch 2/5:
reward seqs after 11 iterations: tensor([-0.0304], grad_fn=<CatBackward>)
Batch 3/5:
reward seqs after 16 iterations: tensor([-0.0297], grad_fn=<CatBackward>)
Batch 4/5:
reward seqs after 9 iterations: tensor([-0.0304], grad_fn=<CatBackward>)
Loss: 0.02973264269530773
Optimal set of params:
mid_point: tensor([[0.4652, 0.1400, 0.4272],
        [0.5762, 0.1400, 0.5366]])
angle: tensor([2.4473, 0.8468], grad_fn=<SelectBackward>)
z_angle: tensor([0., 0.], grad_fn=<SelectBackward>)
gripper_rate: tensor([0.0108, 0.0108], grad_fn=<ClampBackward1>)
Optimal init pose seq: tensor([[0.7726, 0.1400, 0.6832, 1.0000, 0.0000, 0.0000, 0.0000],
        [0.3112, 0.1400, 0.8363, 1.0000, 0.0000, 0.0000, 0.0000]],
       grad_fn=<SliceBackward>)
EMD: tensor([0.0450], dtype=torch.float64)
Chamfer: tensor([0.0504], dtype=torch.float64)
=============== Iteration 0 -> model_loss: tensor([0.0297]); sim_loss: tensor([0.0455], dtype=torch.float64) ===============
=============== 1/2 ===============
[0.57553415 0.14       0.57243189] 0.09531322383970864 0.9128656727983672
[0.42953049 0.14       0.51569198] 1.1426458975889338 2.502215135810736
[0.49905492 0.14       0.50804978] 2.7478055862488637 3.126197761434172
[0.45770174 0.14       0.44230858] 1.2864039609227362 0.734207220735391
[0.48632714 0.14       0.56565624] 3.074718239742705 1.6654611097483294
[0.53140652 0.14       0.48247328] 0.8239890352286501 2.300292846049452
[0.50684587 0.14       0.5508387 ] 0.37758620590716346 2.7501582051883893
[0.50820927 0.14       0.48561324] 2.7442544177064234 1.8738145697191153
[0.4412186  0.14       0.50673999] 0.8855316494578452 1.731172816374273
[0.5566476  0.14       0.56635878] 0.2594435353956788 2.9030931757719265
[0.49722251 0.14       0.55573365] 2.0658500769654955 2.173314990933051
[0.51580575 0.14       0.5683963 ] 0.1429474882250189 3.012399516228003
[0.42814992 0.14       0.43304576] 0.9647207333010163 2.4748503686042262
[0.57994663 0.14       0.52563169] 1.5022355444933992 0.11095618978505387
[0.44877069 0.14       0.51978848] 0.5418158073946059 0.3297723297715365
[0.50840021 0.14       0.42708169] 0.7137336764333969 1.7443578502966217
[0.57600705 0.14       0.4703544 ] 0.9197192953873423 0.6356249564504121
[0.55690557 0.14       0.51248218] 1.587748841798913 0.659413396860688
[0.43318928 0.14       0.51282426] 1.0670393515588537 0.3981042215589391
[0.56342771 0.14       0.5652586 ] 2.3892486552763557 0.42276141294878117
[0.57157647 0.14       0.55832894] 2.1676209413949095 1.5714029312894757
[0.51938654 0.14       0.43050522] 0.6690160043841774 2.358468520709249
[0.52228491 0.14       0.57079294] 1.9077850857734668 0.38513300049447646
[0.56530503 0.14       0.52774643] 2.8306806195124286 0.34135283668293903
[0.4588278  0.14       0.53070244] 1.6998192920786728 2.13607904780931
[0.50673226 0.14       0.51711711] 0.14783853516682005 0.05654538415271759
[0.46178359 0.14       0.47954199] 2.0749891139285297 0.28988546750747574
[0.50513422 0.14       0.45178433] 2.9809487404397705 2.606532972287797
[0.43157886 0.14       0.51010965] 0.16087300732393495 2.264895178734422
[0.51301655 0.14       0.46529894] 2.806415579783093 1.980935546554949
[0.4340152  0.14       0.47287574] 2.7949292195741955 2.5953248970747804
[0.42448163 0.14       0.48877   ] 2.92142090737296 3.019466800860099
[0.53473422 0.14       0.47619442] 1.717317552193395 2.9421675761223396
[0.5247875  0.14       0.46431073] 0.7249466162965411 1.4333581941935392
[0.42392336 0.14       0.5741498 ] 0.3041738637835258 2.6155934757193875
[0.47316336 0.14       0.47292282] 1.8817702426595924 1.9324096063188345
[0.49214187 0.14       0.47779378] 2.935635482245932 0.4283232803410647
[0.43617286 0.14       0.49880245] 0.0009578870567586813 1.7583919856995216
[0.43513861 0.14       0.57059193] 1.4755691592739015 0.5960788738628902
[0.56143159 0.14       0.55127795] 1.8621507290012953 0.9188964043745805
[0.5140433  0.14       0.47941377] 1.7148524544503252 2.9918403859866447
[0.43345134 0.14       0.52772694] 2.710238768648764 2.5978600932906626
[0.47757645 0.14       0.50453422] 0.7798758021734585 1.9222117416194007
[0.55035953 0.14       0.42106004] 2.096459471838876 1.415647847014201
[0.43911448 0.14       0.48411371] 2.7896892973682905 1.5634335104387407
[0.51467469 0.14       0.50507095] 1.074244703158384 1.0448351085093865
[0.48061538 0.14       0.4984432 ] 1.1598545329554284 2.4972602160876956
[0.4962065  0.14       0.52484706] 0.8762810592230248 1.3731552697601048
[0.48050913 0.14       0.47926058] 0.3099250468541757 0.8379134133015548
[0.51725635 0.14       0.57857468] 0.5209099652641277 1.5471026362516769
[0.46732127 0.14       0.55737205] 2.951125356317992 2.819053610984115
[0.48882167 0.14       0.5092208 ] 1.5975944311913775 2.1715734339546624
[0.51738131 0.14       0.4231828 ] 2.07771611996379 1.1501149700261544
[0.49026854 0.14       0.55105265] 2.668432405120934 2.8310359493799715
[0.57127181 0.14       0.42266307] 1.6459455105645397 2.3563127238245785
[0.52367685 0.14       0.43650587] 2.52031768118787 1.2129293146982705
[0.5094158  0.14       0.45160396] 2.6948514593481465 0.4832926698782346
[0.46366617 0.14       0.53747735] 1.0654790459129428 0.7278902442112684
[0.46751608 0.14       0.56402021] 2.070919889597462 1.018842153511663
[0.5569523 0.14      0.5434122] 2.9381772143569393 2.2526684773336783
[0.42732686 0.14       0.51907827] 3.0159138298440515 0.4145594011104913
[0.56340537 0.14       0.43421921] 1.730071111477176 1.9392963411976272
[0.42647204 0.14       0.47080005] 0.6093042806245803 3.0464747819870603
[0.52009394 0.14       0.56438348] 0.7702402147356091 2.036924512901065
[0.46959745 0.14       0.52814149] 0.973717109452951 0.1989704587289781
[0.55541383 0.14       0.45931613] 0.9813911578934563 2.2311279876865924
[0.44570654 0.14       0.50743019] 0.9852690510735965 1.1155334241100494
[0.45739882 0.14       0.56342953] 2.9360540346048882 1.424970983713822
[0.55977248 0.14       0.56093423] 1.3641589916421377 1.008106088783474
[0.44845921 0.14       0.54427245] 0.5549033580731502 1.470966779447963
[0.49054624 0.14       0.52738054] 2.6162294855796766 2.7370746722197254
[0.52803647 0.14       0.44108061] 1.7490875559231285 1.6232539755730904
[0.54171615 0.14       0.43486764] 1.5972141173763112 0.19903280633868242
[0.50273131 0.14       0.4793211 ] 0.6034889784290681 1.438301517616521
[0.45676126 0.14       0.45479644] 0.6951586642961888 1.8265226193378163
[0.47132772 0.14       0.51539458] 1.3139711289194398 3.0331231420083884
[0.45519536 0.14       0.42393025] 1.4297261726366484 0.40223371923257545
[0.57550208 0.14       0.52181408] 1.644879670654822 2.3368867942504803
[0.44371494 0.14       0.44059872] 0.8848591530355321 2.0490746205743324
[0.47516264 0.14       0.5331372 ] 0.012367686757527694 3.051150659219248
[0.56403065 0.14       0.52985913] 0.9911474320070133 0.9288672245768508
[0.51767652 0.14       0.47733155] 1.3053048279886306 2.702252080442391
[0.50758154 0.14       0.49146566] 2.1584816017680133 1.8593734314489432
[0.485778   0.14       0.44204196] 2.3385780891173464 2.8441231376781446
[0.50146709 0.14       0.50764438] 2.1200006617234943 0.26563659563170283
[0.48227613 0.14       0.54664606] 1.587186603291656 0.803728506255655
[0.48859009 0.14       0.44867068] 0.44207495423998444 2.363479444232404
[0.43694832 0.14       0.56116369] 2.8429395301177425 1.0646010229986718
[0.53739046 0.14       0.50025747] 0.08952057888815765 0.468421595564277
[0.51090473 0.14       0.56966904] 2.004792120486005 0.7589261563453511
[0.52705441 0.14       0.43870518] 2.7228571789893308 1.2089906153006158
[0.57766004 0.14       0.57841663] 2.8716334455397767 0.6761777374555031
[0.48260317 0.14       0.55005904] 0.13785613740008765 0.948107054215661
[0.55264642 0.14       0.48876396] 0.6193890797906905 1.389260410932988
[0.56574278 0.14       0.44715237] 0.9490498590743799 2.0080580792480047
[0.46880664 0.14       0.48799815] 0.45855997901831713 2.071573245912344
[0.45434795 0.14       0.48918143] 0.0873206054939865 1.3456099330424418
[0.50918495 0.14       0.54157527] 2.6218733517188584 1.9641147861576027
[0.49179552 0.14       0.52196696] 1.1082834346599864 0.7475467268434886
[0.47734812 0.14       0.42732874] 0.3649940653780129 0.9551977845468208
state_cur: torch.Size([4, 300, 3]), state_goal: torch.Size([1, 300, 3])
sampling: max: -0.0335, mean: -0.0462, std: 0.0090
Selected top reward seqs: tensor([-0.0364, -0.0359, -0.0346, -0.0337, -0.0335])
Batch 0/5:
reward seqs after 11 iterations: tensor([-0.0345], grad_fn=<CatBackward>)
Batch 1/5:
reward seqs after 11 iterations: tensor([-0.0360], grad_fn=<CatBackward>)
Batch 2/5:
reward seqs after 10 iterations: tensor([-0.0343], grad_fn=<CatBackward>)
Batch 3/5:
reward seqs after 12 iterations: tensor([-0.0320], grad_fn=<CatBackward>)
Batch 4/5:
reward seqs after 19 iterations: tensor([-0.0314], grad_fn=<CatBackward>)
Loss: 0.031368155032396317
Optimal set of params:
mid_point: tensor([[0.4281, 0.1400, 0.4330],
        [0.5799, 0.1400, 0.5256]])
angle: tensor([0.9647, 1.5022], grad_fn=<SelectBackward>)
z_angle: tensor([0., 0.], grad_fn=<SelectBackward>)
gripper_rate: tensor([0.0104, 0.0097], grad_fn=<ClampBackward1>)
Optimal init pose seq: tensor([[0.2003, 0.1400, 0.7618, 1.0000, 0.0000, 0.0000, 0.0000],
        [0.5525, 0.1400, 0.9247, 1.0000, 0.0000, 0.0000, 0.0000]],
       grad_fn=<SliceBackward>)
EMD: tensor([0.0374], dtype=torch.float64)
Chamfer: tensor([0.0451], dtype=torch.float64)
=============== Iteration 1 -> model_loss: tensor([0.0314]); sim_loss: tensor([0.0382], dtype=torch.float64) ===============
=============== 1/2 ===============
[0.42239056 0.14       0.51211009] 2.372483475826907 0.6013420877818718
[0.51519554 0.14       0.46588116] 1.9492405663525834 2.334271602990156
[0.57644656 0.14       0.53038119] 2.364211013382662 1.6169836136670959
[0.46403204 0.14       0.47130007] 2.5749058513977663 0.25656603024130176
[0.43754156 0.14       0.55995279] 2.0473215251043193 1.7915040559353217
[0.57168905 0.14       0.51306335] 1.5516052283107602 2.2599481229044813
[0.44242119 0.14       0.56919346] 1.7008201552260638 1.2613297113543844
[0.43516787 0.14       0.50185225] 2.498727314088606 2.094458755058501
[0.56310156 0.14       0.45367739] 2.066582948659671 1.267254128721791
[0.479403   0.14       0.46863832] 2.7121983730392754 0.7558560788469861
[0.5394269  0.14       0.43545538] 1.9710105153457744 2.879324543599241
[0.51483957 0.14       0.43544526] 2.0624738302851187 1.071457519555088
[0.42944157 0.14       0.45005801] 1.5641432475824313 1.7442889633600471
[0.54388504 0.14       0.4698712 ] 1.1703680637897202 0.9176624281065371
[0.4434689  0.14       0.47676404] 0.9736746297546444 2.0250434327945777
[0.50861891 0.14       0.46925934] 1.190589909003134 2.772067407127812
[0.53195843 0.14       0.46236817] 1.0460304865917338 1.827929763628847
[0.52002201 0.14       0.42351088] 1.2308827972438259 0.19758578203703595
[0.46153323 0.14       0.49533913] 0.9322552796080604 1.7368354007072522
[0.56712995 0.14       0.51971974] 0.9770230660959288 0.8636767727201813
[0.45412061 0.14       0.49846269] 1.9967488120198473 1.493406519924015
[0.45595605 0.14       0.51417094] 0.28653280751649784 1.1443864781167488
[0.496048   0.14       0.56092097] 2.595045399468664 0.6439246779648702
[0.53866879 0.14       0.4964397 ] 1.8226366839997685 2.351269840263346
[0.44018543 0.14       0.55630508] 1.4652696217299308 0.7862757910587972
[0.53225633 0.14       0.44925999] 0.8097348680072127 1.4316265235254904
[0.57848727 0.14       0.43912972] 0.9530072239259003 2.0000598570500774
[0.51207021 0.14       0.51956817] 2.486565870741001 1.564119012751054
[0.52502055 0.14       0.51433483] 1.3526976768537693 0.41158779151135194
[0.54059591 0.14       0.48187608] 1.606405359457526 2.926168914395029
[0.50600028 0.14       0.52172261] 1.635537677725599 1.9560829661255386
[0.54018471 0.14       0.53036429] 1.3438692604378786 1.1970607707320657
[0.56983819 0.14       0.4758421 ] 2.896477947293679 1.4380043028515148
[0.56392665 0.14       0.55828152] 2.337352355461485 0.17659054697663049
[0.43658362 0.14       0.43004767] 0.7844484275220905 0.6523286213308718
[0.50795369 0.14       0.54815527] 0.07648574658001249 2.6562932254735445
[0.48189237 0.14       0.52801253] 1.2990891413029924 0.936553475304341
[0.42900485 0.14       0.45307555] 0.9821999608361613 2.263519410721063
[0.56093884 0.14       0.4304758 ] 2.0951252313162128 1.3604299092120098
[0.51666768 0.14       0.51278998] 0.968419429335598 1.1420358418731757
[0.50822702 0.14       0.48349626] 1.4802814739041847 0.633919569460193
[0.44741939 0.14       0.55836891] 1.75086508075551 2.3090507946345786
[0.51621069 0.14       0.44896561] 0.47507196291578874 0.0152313617590635
[0.57068468 0.14       0.4951103 ] 1.3637238857968244 1.2316205339373807
[0.47282328 0.14       0.44803377] 1.5432981445195755 0.553977365249208
[0.52524788 0.14       0.56686042] 1.9569929590700668 1.1859678364749007
[0.54480238 0.14       0.52298948] 1.5170674406086138 1.0311436997879146
[0.42747696 0.14       0.4607154 ] 2.0076338699465524 1.8673958856128217
[0.4745079  0.14       0.45181054] 0.339890970568655 2.9763126063244507
[0.46471481 0.14       0.4316898 ] 2.4584831370886744 1.482799174703899
[0.47121668 0.14       0.50411174] 1.631498557430072 2.0652795776158177
[0.48029418 0.14       0.45939867] 2.9002050865241977 0.6600568781027946
[0.44903318 0.14       0.47370403] 0.5042154702557238 0.3124436651290573
[0.54511329 0.14       0.51099951] 2.694865602037352 0.324456835487943
[0.52558255 0.14       0.55721592] 2.641090562557827 2.7679767908395405
[0.52913459 0.14       0.4423376 ] 1.823774962401182 0.7580422562205993
[0.47383883 0.14       0.53396543] 1.2860856051177112 0.12765886848931116
[0.53038677 0.14       0.50712956] 2.167211170045604 1.9008203741895533
[0.53885904 0.14       0.53700731] 0.18394359099985233 2.861942910163421
[0.46311583 0.14       0.48891655] 0.024730530946941623 0.8308165262658688
[0.55930295 0.14       0.57442003] 2.12900018742529 0.5552044986693683
[0.52586523 0.14       0.53208814] 2.1095659677849286 1.8580542579323556
[0.57764783 0.14       0.53793633] 0.7694150664009093 3.0280586257782183
[0.53514962 0.14       0.50252455] 0.18303789949315602 1.5942054028751158
[0.54286562 0.14       0.51551169] 0.29815507854959206 2.1609621363514395
[0.43892393 0.14       0.4219063 ] 0.2955738524104057 0.29416568391777964
[0.54527807 0.14       0.54654013] 1.002243768790863 0.3048752283930678
[0.56676341 0.14       0.49658913] 1.8004255400637805 0.4767700445882117
[0.53613785 0.14       0.49729223] 1.7229152136108619 0.1918360725772949
[0.55047596 0.14       0.45158129] 0.34854822092108784 0.660063121631479
[0.50852732 0.14       0.44405056] 0.21740053290852623 1.9676413528832004
[0.5185856  0.14       0.56586383] 0.04876185053969805 0.19217626039186414
[0.48916512 0.14       0.56044997] 2.98948276985123 1.1626067515426621
[0.45644697 0.14       0.42229175] 1.964241608773576 2.782075300142685
[0.46357751 0.14       0.53241865] 2.3624441884065392 2.5344768452748596
[0.44944972 0.14       0.57319321] 1.2083062027734446 1.432180328289294
[0.4795905  0.14       0.56590807] 1.9394499086054422 0.21556840477503988
[0.44246395 0.14       0.43184786] 3.1414672506411305 1.3642300226804593
[0.46583714 0.14       0.495551  ] 2.441182859479272 0.3262116160662157
[0.57567169 0.14       0.4245899 ] 2.5101743048637886 1.507777919230559
[0.56403542 0.14       0.53588121] 0.7589883373405898 2.7454813105739855
[0.47420337 0.14       0.42138366] 1.663770184172708 0.8883838886987608
[0.42417181 0.14       0.57499505] 2.647425199828107 0.9231687948102084
[0.55908733 0.14       0.47615862] 2.159968385407821 1.4045210298887
[0.44756581 0.14       0.43815227] 0.32695731156133107 1.2139710837752498
[0.45872646 0.14       0.53263555] 0.28272233459132534 0.7383981699315243
[0.57250437 0.14       0.56698115] 2.14100781658786 1.5296947573006716
[0.57932464 0.14       0.52896385] 1.1697071341553174 2.0061748615991726
[0.51619775 0.14       0.5455595 ] 0.37149914779413257 0.09749048588610075
[0.51965182 0.14       0.4836013 ] 1.4873889021632358 0.6750485974404509
[0.53786422 0.14       0.5557709 ] 0.46562307168496525 1.5738884594526321
[0.47302809 0.14       0.52134589] 2.597671829305954 2.8634707184842374
[0.54343844 0.14       0.4943274 ] 2.369019562762012 0.6266355628472725
[0.53860959 0.14       0.5037947 ] 0.9797523968496954 2.0222786500929186
[0.46945275 0.14       0.53784683] 0.22846019536432552 1.2893439468425592
[0.57159005 0.14       0.44390493] 3.0170821256678066 2.548146291535563
[0.53286069 0.14       0.53461945] 0.1489927233295115 2.9046680199438826
[0.55097785 0.14       0.43301296] 1.2655100617360748 0.4361196602786363
[0.46409951 0.14       0.44211903] 2.763161154034859 2.185041545372019
[0.42270072 0.14       0.49479701] 2.4498341861936397 1.5733369311070329
state_cur: torch.Size([4, 300, 3]), state_goal: torch.Size([1, 300, 3])
sampling: max: -0.0311, mean: -0.0441, std: 0.0066
Selected top reward seqs: tensor([-0.0370, -0.0366, -0.0356, -0.0340, -0.0311])
Batch 0/5:
reward seqs after 9 iterations: tensor([-0.0367], grad_fn=<CatBackward>)
Batch 1/5:
reward seqs after 14 iterations: tensor([-0.0338], grad_fn=<CatBackward>)
Batch 2/5:
reward seqs after 10 iterations: tensor([-0.0332], grad_fn=<CatBackward>)
Batch 3/5:
reward seqs after 16 iterations: tensor([-0.0332], grad_fn=<CatBackward>)
Batch 4/5:
reward seqs after 11 iterations: tensor([-0.0313], grad_fn=<CatBackward>)
Loss: 0.031262509524822235
Optimal set of params:
mid_point: tensor([[0.5631, 0.1400, 0.4537],
        [0.4794, 0.1400, 0.4686]])
angle: tensor([2.0666, 2.7122], grad_fn=<SelectBackward>)
z_angle: tensor([0., 0.], grad_fn=<SelectBackward>)
gripper_rate: tensor([0.0098, 0.0096], grad_fn=<ClampBackward1>)
Optimal init pose seq: tensor([[0.7534, 0.1400, 0.8055, 1.0000, 0.0000, 0.0000, 0.0000],
        [0.8431, 0.1400, 0.6352, 1.0000, 0.0000, 0.0000, 0.0000]],
       grad_fn=<SliceBackward>)
EMD: tensor([0.0370], dtype=torch.float64)
Chamfer: tensor([0.0435], dtype=torch.float64)
=============== Iteration 2 -> model_loss: tensor([0.0313]); sim_loss: tensor([0.0377], dtype=torch.float64) ===============
=============== 1/2 ===============
[0.44745325 0.14       0.44318614] 2.8102724539462254 2.411649213353702
[0.51156026 0.14       0.42833461] 2.659700771270181 0.8624723801792213
[0.50502966 0.14       0.54600986] 0.6927214807386035 1.5091187761012992
[0.4501278 0.14      0.4763723] 2.3168668021122447 1.7154291793980163
[0.49840533 0.14       0.54196816] 1.413162912672678 2.6369715250913104
[0.4537125  0.14       0.57968091] 2.8923323031400208 3.1092677057270883
[0.54187378 0.14       0.56127009] 1.6296390397935927 2.8145196242272252
[0.53277183 0.14       0.42654082] 3.1193250063815845 0.6357976528655986
[0.5359849  0.14       0.55939901] 2.0624078181795125 1.4308610544329141
[0.54784194 0.14       0.46413557] 0.2138842844973082 2.6715454632188163
[0.42708206 0.14       0.45137953] 1.0522706599964635 2.89021866917508
[0.54803476 0.14       0.47433573] 1.1407713227320293 2.0941222759129343
[0.55955899 0.14       0.55702578] 1.1241079382283525 1.8311152820631544
[0.44852068 0.14       0.52584069] 2.6125459403245332 2.097324327525679
[0.50438489 0.14       0.46701622] 0.7603010966094548 0.7213285585677915
[0.44943443 0.14       0.45991506] 1.085229236074539 0.5742304899928984
[0.49070187 0.14       0.50327588] 0.05926791528885311 2.1472979638182403
[0.57391061 0.14       0.49654904] 1.0475953923417718 0.6827369504402514
[0.42013362 0.14       0.57262937] 2.5659342741519957 1.8811749338207497
[0.46356493 0.14       0.56228051] 1.4171091856943474 2.275643017821762
[0.48708374 0.14       0.45796718] 0.7422362416342703 1.43448785235965
[0.52856112 0.14       0.52754564] 2.658154450024584 0.8534856956871661
[0.43872602 0.14       0.5323891 ] 1.44019268092297 1.3140161902815475
[0.43055028 0.14       0.45279899] 0.834084021215817 1.2289433466618196
[0.5213942  0.14       0.44525513] 0.9597749812902304 1.1783708743726982
[0.42174305 0.14       0.54733283] 1.4638089139283894 0.6885396859894835
[0.47366452 0.14       0.50265023] 0.24989241685006738 1.3425352728783397
[0.54336988 0.14       0.50347237] 2.8036765870473417 1.8594556207026562
[0.47508608 0.14       0.47566289] 2.1565365488560913 1.8547594897584316
[0.4413661  0.14       0.44543685] 1.4431009369049757 1.970245685309509
[0.43057084 0.14       0.52823613] 3.067932021907684 1.8176244033291729
[0.53279671 0.14       0.53039262] 1.7306656013843857 2.295910931241746
[0.50136777 0.14       0.48521194] 1.704179576010216 2.072817282691136
[0.46768323 0.14       0.43568905] 1.2909186262944807 1.178658398101722
[0.47904683 0.14       0.52432334] 0.08645882460949467 2.8760302228056416
[0.44060675 0.14       0.47680827] 2.544479451260956 2.2467240097552055
[0.45157499 0.14       0.54950505] 0.669909641890008 2.802688241690934
[0.5782072  0.14       0.47500474] 0.3796493375389428 2.73283011697258
[0.4823079  0.14       0.54355604] 2.6062708306516034 2.3721468381122652
[0.57503824 0.14       0.47509414] 1.549926969071412 2.486840186432402
[0.57395259 0.14       0.52346781] 0.5750483214435587 0.21118786442391763
[0.52456388 0.14       0.55582631] 0.11702985382226007 2.0584252593670422
[0.45030738 0.14       0.56663905] 3.013023320067335 1.9188655334417566
[0.52549309 0.14       0.46987228] 1.4842696429935647 2.9467835643452562
[0.47321362 0.14       0.45613064] 1.1399968246229952 0.2400855605903057
[0.46364104 0.14       0.52368006] 2.9790436278769445 2.1098075257960067
[0.42626204 0.14       0.5267893 ] 0.9655001162856865 0.9739369069953464
[0.49039628 0.14       0.57304907] 0.3494983359592806 1.005622694473004
[0.50542552 0.14       0.53765717] 2.9975998569072897 0.24746790758153633
[0.48701319 0.14       0.57577028] 2.705539312085299 1.0058099582463387
[0.47092571 0.14       0.50161416] 2.0103062270975194 1.2402993541656533
[0.56381124 0.14       0.55644298] 0.7822576810064505 1.5114115922967188
[0.49020422 0.14       0.51306904] 1.084397706582044 2.3797681757670324
[0.44090385 0.14       0.43754957] 0.18902739712342 0.819914717922994
[0.56165737 0.14       0.44727016] 2.18096077548771 2.414806183663746
[0.47224235 0.14       0.55096184] 1.6671416830049726 1.323866965068252
[0.56485355 0.14       0.57066639] 1.6555152143779193 2.492585919200671
[0.42509369 0.14       0.57525205] 1.4231696290060418 0.5897728723338662
[0.56394267 0.14       0.46643515] 1.866179504355865 1.467394640305065
[0.54658586 0.14       0.45698294] 2.5444478922493494 0.5502612563528908
[0.42594352 0.14       0.49110342] 1.5914850535525378 3.098833138003227
[0.57221324 0.14       0.5211993 ] 1.5747929713253972 0.9259671086803396
[0.54304803 0.14       0.45814929] 2.921674729648678 2.1273211826141725
[0.53927702 0.14       0.50756282] 1.5179013882437782 2.797329688304463
[0.52336449 0.14       0.57825254] 1.0493408517401124 1.536042519049733
[0.57282271 0.14       0.51415116] 0.38235708008301417 2.6944156715430756
[0.54116137 0.14       0.52140711] 0.2133801517422336 1.5221380209008044
[0.56315444 0.14       0.4970772 ] 1.754361958459145 2.867926625026287
[0.52629561 0.14       0.57041898] 0.44391711681134394 2.6922900275420765
[0.55739741 0.14       0.52837921] 3.009638005849979 0.4797149750959322
[0.53857406 0.14       0.55946094] 0.7366467305017521 0.5978304937324298
[0.46072016 0.14       0.42186968] 2.341508607380644 2.399164973215043
[0.46511713 0.14       0.51913157] 1.3470589960341073 2.2550103237243904
[0.49109487 0.14       0.54596648] 0.8654774889646619 2.499851627203655
[0.47894008 0.14       0.42352069] 2.340449477280282 2.0978562637052676
[0.43925277 0.14       0.50807744] 1.576148526896131 1.6578607803180758
[0.56626603 0.14       0.55027449] 3.0039690523885247 3.0147985712057426
[0.48793111 0.14       0.44883778] 1.3979498293919428 2.3402913794187006
[0.45854859 0.14       0.43058882] 3.065468087198749 1.7933134765169698
[0.43936072 0.14       0.53696336] 0.47131655799120525 0.911696829740124
[0.55765934 0.14       0.48990107] 0.3005310098927511 0.2182139062337862
[0.47911241 0.14       0.53475271] 2.5529011302211724 1.8972348767506682
[0.49379969 0.14       0.45326543] 2.927760683583698 2.4971729126376685
[0.52408199 0.14       0.47454995] 2.2619292527868304 0.3788424028167091
[0.47325086 0.14       0.4258261 ] 1.312204051664665 2.859957423895859
[0.56727339 0.14       0.45776738] 0.6132923536894489 0.09038770775772341
[0.50579271 0.14       0.54109863] 3.120371182170615 3.0774114819760876
[0.47671839 0.14       0.53273059] 0.48984726653926586 2.4993026203722546
[0.44376366 0.14       0.46666452] 3.072285813026765 0.9436515004933755
[0.45950991 0.14       0.52802316] 2.8253239506824954 1.32995637931302
[0.48399887 0.14       0.54180829] 2.465457796464138 0.6539025238344222
[0.48263108 0.14       0.44836501] 2.8403411733555064 2.1317895527781503
[0.42861398 0.14       0.43196706] 1.6842427452608937 1.838630359761108
[0.4722235  0.14       0.50363101] 1.4838529066086703 0.5532075789075692
[0.45693146 0.14       0.48997462] 0.7098264978268046 2.0427164855685147
[0.53737553 0.14       0.44553834] 2.536514084717499 2.5282707727128626
[0.42019113 0.14       0.47202084] 3.1322701134776496 0.48746056687842143
[0.44711764 0.14       0.544563  ] 0.8773244944576968 3.0619235866317513
[0.52107571 0.14       0.50637303] 0.726223064163739 1.8669371416594356
[0.47813097 0.14       0.48999057] 2.2685291664109677 1.3032319299754307
state_cur: torch.Size([4, 300, 3]), state_goal: torch.Size([1, 300, 3])
sampling: max: -0.0344, mean: -0.0450, std: 0.0065
Selected top reward seqs: tensor([-0.0372, -0.0368, -0.0365, -0.0360, -0.0344])
Batch 0/5:
reward seqs after 20 iterations: tensor([-0.0349], grad_fn=<CatBackward>)
Batch 1/5:
reward seqs after 11 iterations: tensor([-0.0360], grad_fn=<CatBackward>)
Batch 2/5:
reward seqs after 9 iterations: tensor([-0.0342], grad_fn=<CatBackward>)
Batch 3/5:
reward seqs after 9 iterations: tensor([-0.0348], grad_fn=<CatBackward>)
Batch 4/5:
reward seqs after 13 iterations: tensor([-0.0329], grad_fn=<CatBackward>)
Loss: 0.032893966883420944
Optimal set of params:
mid_point: tensor([[0.4475, 0.1400, 0.4432],
        [0.5116, 0.1400, 0.4283]])
angle: tensor([2.8103, 2.6597], grad_fn=<SelectBackward>)
z_angle: tensor([0., 0.], grad_fn=<SelectBackward>)
gripper_rate: tensor([0.0095, 0.0108], grad_fn=<ClampBackward1>)
Optimal init pose seq: tensor([[0.8257, 0.1400, 0.5733, 1.0000, 0.0000, 0.0000, 0.0000],
        [0.8660, 0.1400, 0.6137, 1.0000, 0.0000, 0.0000, 0.0000]],
       grad_fn=<SliceBackward>)
=============== 2/2 ===============
[0.4570845  0.14       0.43953145] 1.9257845643826565 1.2318988722614972
[0.49747399 0.14       0.4803889 ] 2.255875541424984 1.2456795692855942
[0.54384319 0.14       0.55392234] 1.439161041867045 1.8840976367283466
[0.45539526 0.14       0.45701651] 0.6346783227176528 2.1023816720243227
[0.51580199 0.14       0.53980646] 0.7106782558381998 0.7441470553838604
[0.5082792  0.14       0.49166713] 3.0292028827771746 2.431495039964416
[0.5617346  0.14       0.50920359] 2.023414025373162 0.092547326632243
[0.49750967 0.14       0.57598134] 2.4810920984439213 1.0677775946208845
[0.52143355 0.14       0.45285733] 0.3594194410242331 2.0381519385977147
[0.51958952 0.14       0.4953392 ] 2.8917077297875045 0.9272038982268224
[0.54189212 0.14       0.56034557] 2.119025003530759 1.3002719334454442
[0.50479021 0.14       0.42352   ] 0.6665297132793546 2.757262509863905
[0.53107548 0.14       0.57407297] 1.5248894808815594 0.32592487077847043
[0.45988468 0.14       0.56179671] 1.6944210929983305 0.2029787653029963
[0.42898513 0.14       0.57868004] 2.204456350161159 2.7378458732257913
[0.47229538 0.14       0.44233066] 1.2044816784588221 1.62218626820308
[0.56618974 0.14       0.48639192] 0.6961101757489988 1.5607049698956403
[0.53138263 0.14       0.57762607] 3.0876766576263766 2.2879182215506852
[0.43785684 0.14       0.57591339] 1.5570972771301292 2.19358012559706
[0.48493517 0.14       0.4842062 ] 0.327362454295869 0.6590640770203394
[0.49425458 0.14       0.48784889] 1.0372837849422543 0.5717353723235153
[0.44396079 0.14       0.53698142] 1.9994332667659043 1.8608151426931012
[0.4211665  0.14       0.57630591] 2.150158200963658 0.5801019558894944
[0.47194446 0.14       0.51977021] 2.980424365585683 1.5282098354598124
[0.57597425 0.14       0.45617156] 0.22764958684915287 0.49988744596113827
[0.43203618 0.14       0.49201736] 2.1624824706320567 0.18310861796370512
[0.49981331 0.14       0.55330952] 0.6409369088707225 1.377278484829873
[0.52947842 0.14       0.53257849] 0.4532605367732331 0.907000907593446
[0.53029436 0.14       0.4333049 ] 2.731331383757159 2.372627360675112
[0.52942614 0.14       0.50596245] 0.5708612429977822 3.0727847921432403
[0.57125395 0.14       0.55899867] 2.2558244241634737 1.3222998392093972
[0.4700214  0.14       0.47797087] 1.2079800566311982 0.7275424700210634
[0.5631725  0.14       0.55044426] 0.3604516270852863 0.4242886063312635
[0.52779087 0.14       0.42420885] 2.9114026585990183 1.3336786107603134
[0.52847403 0.14       0.55006876] 2.9740387362638367 0.4919675941102016
[0.44840362 0.14       0.51452134] 2.3674386014160067 1.2370575097333358
[0.57222204 0.14       0.45132162] 1.621441866444323 0.251892020850044
[0.56400023 0.14       0.49201989] 0.4932020319819471 2.549864616860745
[0.53593161 0.14       0.51731299] 2.3195194605509677 2.872649621564823
[0.48301121 0.14       0.57948767] 1.9854364317775297 1.6872686845386964
[0.56574565 0.14       0.50787653] 1.6719475855813297 0.29997734163684153
[0.47123803 0.14       0.4403921 ] 1.538236861333309 1.304621546069484
[0.53832942 0.14       0.49925528] 0.5753733375630151 1.1621543923972224
[0.53462674 0.14       0.56158178] 1.6960788182339668 0.935186318216121
[0.45751613 0.14       0.44016665] 1.4645419259219405 1.20748876477702
[0.53343675 0.14       0.42738927] 1.1002126945715656 1.271727619109123
[0.56672946 0.14       0.50679154] 0.6397898465917693 0.35370907711777433
[0.51453552 0.14       0.48970907] 1.892674085277021 0.44461701080590893
[0.5603669  0.14       0.51391197] 2.9463452536593 0.38360705467187334
[0.4282776  0.14       0.56088717] 1.845789369205086 0.3083906273407121
state_cur: torch.Size([4, 300, 3]), state_goal: torch.Size([1, 300, 3])
sampling: max: -0.0344, mean: -0.0413, std: 0.0040
Selected top reward seqs: tensor([-0.0365, -0.0357, -0.0355, -0.0348, -0.0344])
Batch 0/5:
reward seqs after 13 iterations: tensor([-0.0355], grad_fn=<CatBackward>)
Batch 1/5:
reward seqs after 10 iterations: tensor([-0.0339], grad_fn=<CatBackward>)
Batch 2/5:
reward seqs after 11 iterations: tensor([-0.0351], grad_fn=<CatBackward>)
Batch 3/5:
reward seqs after 19 iterations: tensor([-0.0343], grad_fn=<CatBackward>)
Batch 4/5:
reward seqs after 8 iterations: tensor([-0.0342], grad_fn=<CatBackward>)
Loss: 0.03388693928718567
Optimal set of params:
mid_point: tensor([[0.4700, 0.1400, 0.4780]])
angle: tensor([1.2080], grad_fn=<SelectBackward>)
z_angle: tensor([0.], grad_fn=<SelectBackward>)
gripper_rate: tensor([0.0099], grad_fn=<ClampBackward1>)
Optimal init pose seq: tensor([[0.3281, 0.1400, 0.8519, 1.0000, 0.0000, 0.0000, 0.0000]],
       grad_fn=<SliceBackward>)
EMD: tensor([0.0445], dtype=torch.float64)
Chamfer: tensor([0.0486], dtype=torch.float64)
=============== Iteration 3 -> model_loss: tensor([0.0339]); sim_loss: tensor([0.0449], dtype=torch.float64) ===============
torch.Size([4, 11, 14]) torch.Size([4, 40, 12])
Best init pose: tensor([[0.7726, 0.1400, 0.6832, 1.0000, 0.0000, 0.0000, 0.0000],
        [0.2003, 0.1400, 0.7618, 1.0000, 0.0000, 0.0000, 0.0000],
        [0.7534, 0.1400, 0.8055, 1.0000, 0.0000, 0.0000, 0.0000],
        [0.8431, 0.1400, 0.6352, 1.0000, 0.0000, 0.0000, 0.0000]])
Best model loss: tensor([0.0313]); Best sim loss: tensor([0.0377], dtype=torch.float64)
